Archive member included to satisfy reference by file (symbol)

d:/intelfpga_lite/18.1/nios2eds/bin/gnu/h-x86_64-mingw32/bin/../lib/gcc/nios2-elf/5.3.0/mno-hw-mul\libgcc.a(lib2-divmod.o)
                              obj/default/led_acceleromter_2D.o (__divsi3)
d:/intelfpga_lite/18.1/nios2eds/bin/gnu/h-x86_64-mingw32/bin/../lib/gcc/nios2-elf/5.3.0/../../../../../H-x86_64-mingw32/nios2-elf/lib/mno-hw-mul\libsmallc.a(lib_a-memset.o)
                              obj/default/led_acceleromter_2D.o (memset)
../led_accelerometer_bsp/\libhal_bsp.a(alt_irq_register.o)
                              obj/default/led_acceleromter_2D.o (alt_irq_register)
../led_accelerometer_bsp/\libhal_bsp.a(alt_irq_vars.o)
                              ../led_accelerometer_bsp/\libhal_bsp.a(alt_irq_register.o) (alt_irq_active)
../led_accelerometer_bsp/\libhal_bsp.a(alt_load.o)
                              ../led_accelerometer_bsp//obj/HAL/src/crt0.o (alt_load)
../led_accelerometer_bsp/\libhal_bsp.a(alt_main.o)
                              ../led_accelerometer_bsp//obj/HAL/src/crt0.o (alt_main)
../led_accelerometer_bsp/\libhal_bsp.a(alt_printf.o)
                              obj/default/led_acceleromter_2D.o (alt_printf)
../led_accelerometer_bsp/\libhal_bsp.a(alt_putchar.o)
                              ../led_accelerometer_bsp/\libhal_bsp.a(alt_printf.o) (alt_putchar)
../led_accelerometer_bsp/\libhal_bsp.a(alt_sys_init.o)
                              ../led_accelerometer_bsp/\libhal_bsp.a(alt_main.o) (alt_irq_init)
../led_accelerometer_bsp/\libhal_bsp.a(altera_avalon_jtag_uart_write.o)
                              ../led_accelerometer_bsp/\libhal_bsp.a(alt_putchar.o) (altera_avalon_jtag_uart_write)
../led_accelerometer_bsp/\libhal_bsp.a(altera_up_avalon_accelerometer_spi.o)
                              obj/default/led_acceleromter_2D.o (alt_up_accelerometer_spi_open_dev)
../led_accelerometer_bsp/\libhal_bsp.a(alt_dcache_flush_all.o)
                              ../led_accelerometer_bsp/\libhal_bsp.a(alt_load.o) (alt_dcache_flush_all)
../led_accelerometer_bsp/\libhal_bsp.a(alt_dev.o)
                              ../led_accelerometer_bsp/\libhal_bsp.a(alt_sys_init.o) (alt_dev_list)
../led_accelerometer_bsp/\libhal_bsp.a(alt_dev_llist_insert.o)
                              ../led_accelerometer_bsp/\libhal_bsp.a(alt_sys_init.o) (alt_dev_llist_insert)
../led_accelerometer_bsp/\libhal_bsp.a(alt_errno.o)
                              ../led_accelerometer_bsp/\libhal_bsp.a(alt_dev_llist_insert.o) (alt_errno)
../led_accelerometer_bsp/\libhal_bsp.a(alt_find_dev.o)
                              ../led_accelerometer_bsp/\libhal_bsp.a(altera_up_avalon_accelerometer_spi.o) (alt_find_dev)
../led_accelerometer_bsp/\libhal_bsp.a(alt_icache_flush_all.o)
                              ../led_accelerometer_bsp/\libhal_bsp.a(alt_load.o) (alt_icache_flush_all)
../led_accelerometer_bsp/\libhal_bsp.a(alt_irq_entry.o)
                              ../led_accelerometer_bsp/\libhal_bsp.a(alt_irq_register.o) (alt_irq_entry)
../led_accelerometer_bsp/\libhal_bsp.a(alt_irq_handler.o)
                              ../led_accelerometer_bsp/\libhal_bsp.a(alt_irq_register.o) (alt_irq_handler)
../led_accelerometer_bsp/\libhal_bsp.a(altera_nios2_gen2_irq.o)
                              ../led_accelerometer_bsp/\libhal_bsp.a(alt_sys_init.o) (altera_nios2_gen2_irq_init)
../led_accelerometer_bsp/\libhal_bsp.a(alt_exception_entry.o)
                              ../led_accelerometer_bsp/\libhal_bsp.a(alt_irq_entry.o) (alt_exception)
../led_accelerometer_bsp/\libhal_bsp.a(alt_instruction_exception_entry.o)
                              ../led_accelerometer_bsp/\libhal_bsp.a(alt_exception_entry.o) (alt_instruction_exception_entry)
d:/intelfpga_lite/18.1/nios2eds/bin/gnu/h-x86_64-mingw32/bin/../lib/gcc/nios2-elf/5.3.0/../../../../../H-x86_64-mingw32/nios2-elf/lib/mno-hw-mul\libsmallc.a(lib_a-int_errno.o)
                              ../led_accelerometer_bsp/\libhal_bsp.a(alt_dev_llist_insert.o) (errno)
d:/intelfpga_lite/18.1/nios2eds/bin/gnu/h-x86_64-mingw32/bin/../lib/gcc/nios2-elf/5.3.0/../../../../../H-x86_64-mingw32/nios2-elf/lib/mno-hw-mul\libsmallc.a(lib_a-memcmp.o)
                              ../led_accelerometer_bsp/\libhal_bsp.a(alt_find_dev.o) (memcmp)
d:/intelfpga_lite/18.1/nios2eds/bin/gnu/h-x86_64-mingw32/bin/../lib/gcc/nios2-elf/5.3.0/../../../../../H-x86_64-mingw32/nios2-elf/lib/mno-hw-mul\libsmallc.a(lib_a-strlen.o)
                              ../led_accelerometer_bsp/\libhal_bsp.a(alt_find_dev.o) (strlen)

Allocating common symbols
Common symbol       size              file

alt_irq             0x100             ../led_accelerometer_bsp/\libhal_bsp.a(alt_irq_handler.o)
errno               0x4               d:/intelfpga_lite/18.1/nios2eds/bin/gnu/h-x86_64-mingw32/bin/../lib/gcc/nios2-elf/5.3.0/../../../../../H-x86_64-mingw32/nios2-elf/lib/mno-hw-mul\libsmallc.a(lib_a-int_errno.o)
led                 0x1               obj/default/led_acceleromter_2D.o
level               0x4               obj/default/led_acceleromter_2D.o

Memory Configuration

Name             Origin             Length             Attributes
reset            0x0000000000010000 0x0000000000000020
onchip_memory    0x0000000000010020 0x000000000000ffe0
*default*        0x0000000000000000 0xffffffffffffffff

Linker script and memory map

LOAD ../led_accelerometer_bsp//obj/HAL/src/crt0.o
LOAD obj/default/led_acceleromter_2D.o
LOAD d:/intelfpga_lite/18.1/nios2eds/bin/gnu/h-x86_64-mingw32/bin/../lib/gcc/nios2-elf/5.3.0/../../../../../H-x86_64-mingw32/nios2-elf/lib/mno-hw-mul\libstdc++.a
LOAD d:/intelfpga_lite/18.1/nios2eds/bin/gnu/h-x86_64-mingw32/bin/../lib/gcc/nios2-elf/5.3.0/../../../../../H-x86_64-mingw32/nios2-elf/lib/mno-hw-mul\libm.a
LOAD d:/intelfpga_lite/18.1/nios2eds/bin/gnu/h-x86_64-mingw32/bin/../lib/gcc/nios2-elf/5.3.0/mno-hw-mul\libgcc.a
START GROUP
LOAD d:/intelfpga_lite/18.1/nios2eds/bin/gnu/h-x86_64-mingw32/bin/../lib/gcc/nios2-elf/5.3.0/../../../../../H-x86_64-mingw32/nios2-elf/lib/mno-hw-mul\libsmallc.a
LOAD d:/intelfpga_lite/18.1/nios2eds/bin/gnu/h-x86_64-mingw32/bin/../lib/gcc/nios2-elf/5.3.0/mno-hw-mul\libgcc.a
LOAD ../led_accelerometer_bsp/\libhal_bsp.a
LOAD d:/intelfpga_lite/18.1/nios2eds/bin/gnu/h-x86_64-mingw32/bin/../lib/gcc/nios2-elf/5.3.0/../../../../../H-x86_64-mingw32/nios2-elf/lib/mno-hw-mul\libm.a
END GROUP
LOAD d:/intelfpga_lite/18.1/nios2eds/bin/gnu/h-x86_64-mingw32/bin/../lib/gcc/nios2-elf/5.3.0/mno-hw-mul\libgcc.a
                0x0000000000010000                __alt_mem_onchip_memory = 0x10000

.entry          0x0000000000010000       0x20
 *(.entry)
 .entry         0x0000000000010000       0x20 ../led_accelerometer_bsp//obj/HAL/src/crt0.o
                0x0000000000010000                __reset
                0x000000000001000c                _exit

.exceptions     0x0000000000010020      0x160
                0x0000000000010020                PROVIDE (__ram_exceptions_start, ABSOLUTE (.))
                0x0000000000010020                . = ALIGN (0x20)
 *(.irq)
 *(.exceptions.entry.label)
 .exceptions.entry.label
                0x0000000000010020        0x0 ../led_accelerometer_bsp/\libhal_bsp.a(alt_irq_entry.o)
                0x0000000000010020                alt_irq_entry
 .exceptions.entry.label
                0x0000000000010020        0x0 ../led_accelerometer_bsp/\libhal_bsp.a(alt_exception_entry.o)
                0x0000000000010020                alt_exception
 *(.exceptions.entry.user)
 *(.exceptions.entry.ecc_fatal)
 *(.exceptions.entry)
 .exceptions.entry
                0x0000000000010020       0x54 ../led_accelerometer_bsp/\libhal_bsp.a(alt_exception_entry.o)
 *(.exceptions.irqtest.user)
 *(.exceptions.irqtest)
 .exceptions.irqtest
                0x0000000000010074       0x10 ../led_accelerometer_bsp/\libhal_bsp.a(alt_irq_entry.o)
 *(.exceptions.irqhandler.user)
 *(.exceptions.irqhandler)
 .exceptions.irqhandler
                0x0000000000010084        0x4 ../led_accelerometer_bsp/\libhal_bsp.a(alt_irq_entry.o)
 *(.exceptions.irqreturn.user)
 *(.exceptions.irqreturn)
 .exceptions.irqreturn
                0x0000000000010088        0x4 ../led_accelerometer_bsp/\libhal_bsp.a(alt_irq_entry.o)
 *(.exceptions.notirq.label)
 .exceptions.notirq.label
                0x000000000001008c        0x0 ../led_accelerometer_bsp/\libhal_bsp.a(alt_irq_entry.o)
 *(.exceptions.notirq.user)
 *(.exceptions.notirq)
 .exceptions.notirq
                0x000000000001008c        0x8 ../led_accelerometer_bsp/\libhal_bsp.a(alt_exception_entry.o)
 *(.exceptions.soft.user)
 *(.exceptions.soft)
 *(.exceptions.unknown.user)
 *(.exceptions.unknown)
 .exceptions.unknown
                0x0000000000010094       0x14 ../led_accelerometer_bsp/\libhal_bsp.a(alt_exception_entry.o)
 *(.exceptions.exit.label)
 .exceptions.exit.label
                0x00000000000100a8        0x0 ../led_accelerometer_bsp/\libhal_bsp.a(alt_irq_entry.o)
 .exceptions.exit.label
                0x00000000000100a8        0x0 ../led_accelerometer_bsp/\libhal_bsp.a(alt_exception_entry.o)
 *(.exceptions.exit.user)
 *(.exceptions.exit)
 .exceptions.exit
                0x00000000000100a8       0x54 ../led_accelerometer_bsp/\libhal_bsp.a(alt_exception_entry.o)
 *(.exceptions)
 .exceptions    0x00000000000100fc       0x60 ../led_accelerometer_bsp/\libhal_bsp.a(alt_irq_handler.o)
                0x00000000000100fc                alt_irq_handler
 .exceptions    0x000000000001015c       0x24 ../led_accelerometer_bsp/\libhal_bsp.a(alt_instruction_exception_entry.o)
                0x000000000001015c                alt_instruction_exception_entry
                0x0000000000010180                PROVIDE (__ram_exceptions_end, ABSOLUTE (.))
                0x0000000000010020                PROVIDE (__flash_exceptions_start, LOADADDR (.exceptions))

.text           0x0000000000010180      0xb9c
                [!provide]                        PROVIDE (stext, ABSOLUTE (.))
 *(.interp)
 *(.hash)
 *(.dynsym)
 *(.dynstr)
 *(.gnu.version)
 *(.gnu.version_d)
 *(.gnu.version_r)
 *(.rel.init)
 *(.rela.init)
 *(.rel.text .rel.text.* .rel.gnu.linkonce.t.*)
 *(.rela.text .rela.text.* .rela.gnu.linkonce.t.*)
 *(.rel.fini)
 *(.rela.fini)
 *(.rel.rodata .rel.rodata.* .rel.gnu.linkonce.r.*)
 *(.rela.rodata .rela.rodata.* .rela.gnu.linkonce.r.*)
 *(.rel.data .rel.data.* .rel.gnu.linkonce.d.*)
 *(.rela.data .rela.data.* .rela.gnu.linkonce.d.*)
 *(.rel.tdata .rel.tdata.* .rel.gnu.linkonce.td.*)
 *(.rela.tdata .rela.tdata.* .rela.gnu.linkonce.td.*)
 *(.rel.tbss .rel.tbss.* .rel.gnu.linkonce.tb.*)
 *(.rela.tbss .rela.tbss.* .rela.gnu.linkonce.tb.*)
 *(.rel.ctors)
 *(.rela.ctors)
 *(.rel.dtors)
 *(.rela.dtors)
 *(.rel.got)
 *(.rela.got)
 *(.rel.sdata .rel.sdata.* .rel.gnu.linkonce.s.*)
 *(.rela.sdata .rela.sdata.* .rela.gnu.linkonce.s.*)
 *(.rel.sbss .rel.sbss.* .rel.gnu.linkonce.sb.*)
 *(.rela.sbss .rela.sbss.* .rela.gnu.linkonce.sb.*)
 *(.rel.sdata2 .rel.sdata2.* .rel.gnu.linkonce.s2.*)
 *(.rela.sdata2 .rela.sdata2.* .rela.gnu.linkonce.s2.*)
 *(.rel.sbss2 .rel.sbss2.* .rel.gnu.linkonce.sb2.*)
 *(.rela.sbss2 .rela.sbss2.* .rela.gnu.linkonce.sb2.*)
 *(.rel.bss .rel.bss.* .rel.gnu.linkonce.b.*)
 *(.rela.bss .rela.bss.* .rela.gnu.linkonce.b.*)
 *(.rel.plt)
 *(.rela.plt)
 *(.rel.dyn)
 *(.init)
 *(.plt)
 *(.text .stub .text.* .gnu.linkonce.t.*)
 .text          0x0000000000010180       0x3c ../led_accelerometer_bsp//obj/HAL/src/crt0.o
                0x0000000000010180                _start
 .text          0x00000000000101bc      0x104 obj/default/led_acceleromter_2D.o
                0x00000000000101bc                sys_timer_isr
                0x000000000001023c                led_write
                0x0000000000010250                timer_init
 .text.startup  0x00000000000102c0      0x1b4 obj/default/led_acceleromter_2D.o
                0x00000000000102c0                main
 .text          0x0000000000010474      0x1b4 d:/intelfpga_lite/18.1/nios2eds/bin/gnu/h-x86_64-mingw32/bin/../lib/gcc/nios2-elf/5.3.0/mno-hw-mul\libgcc.a(lib2-divmod.o)
                0x0000000000010474                __divsi3
                0x00000000000104f8                __modsi3
                0x000000000001056c                __udivsi3
                0x00000000000105d0                __umodsi3
 .text          0x0000000000010628        0x0 d:/intelfpga_lite/18.1/nios2eds/bin/gnu/h-x86_64-mingw32/bin/../lib/gcc/nios2-elf/5.3.0/../../../../../H-x86_64-mingw32/nios2-elf/lib/mno-hw-mul\libsmallc.a(lib_a-memset.o)
 .text.memset   0x0000000000010628       0x20 d:/intelfpga_lite/18.1/nios2eds/bin/gnu/h-x86_64-mingw32/bin/../lib/gcc/nios2-elf/5.3.0/../../../../../H-x86_64-mingw32/nios2-elf/lib/mno-hw-mul\libsmallc.a(lib_a-memset.o)
                0x0000000000010628                memset
 .text          0x0000000000010648       0x94 ../led_accelerometer_bsp/\libhal_bsp.a(alt_irq_register.o)
                0x0000000000010648                alt_irq_register
 .text          0x00000000000106dc        0x0 ../led_accelerometer_bsp/\libhal_bsp.a(alt_irq_vars.o)
 .text          0x00000000000106dc       0xe0 ../led_accelerometer_bsp/\libhal_bsp.a(alt_load.o)
                0x00000000000106dc                alt_load
 .text          0x00000000000107bc       0x2c ../led_accelerometer_bsp/\libhal_bsp.a(alt_main.o)
                0x00000000000107bc                alt_main
 .text          0x00000000000107e8      0x170 ../led_accelerometer_bsp/\libhal_bsp.a(alt_printf.o)
                0x00000000000107e8                alt_printf
 .text          0x0000000000010958       0x48 ../led_accelerometer_bsp/\libhal_bsp.a(alt_putchar.o)
                0x0000000000010958                alt_putchar
 .text          0x00000000000109a0       0x30 ../led_accelerometer_bsp/\libhal_bsp.a(alt_sys_init.o)
                0x00000000000109a0                alt_irq_init
                0x00000000000109c0                alt_sys_init
 .text          0x00000000000109d0       0x34 ../led_accelerometer_bsp/\libhal_bsp.a(altera_avalon_jtag_uart_write.o)
                0x00000000000109d0                altera_avalon_jtag_uart_write
 .text          0x0000000000010a04      0x160 ../led_accelerometer_bsp/\libhal_bsp.a(altera_up_avalon_accelerometer_spi.o)
                0x0000000000010a04                alt_up_accelerometer_spi_open_dev
                0x0000000000010a0c                alt_up_accelerometer_spi_read_address_register
                0x0000000000010a20                alt_up_accelerometer_spi_read
                0x0000000000010a40                alt_up_accelerometer_spi_write
                0x0000000000010a5c                alt_up_accelerometer_spi_read_x_axis
                0x0000000000010ab4                alt_up_accelerometer_spi_read_y_axis
                0x0000000000010b0c                alt_up_accelerometer_spi_read_z_axis
 .text          0x0000000000010b64        0x4 ../led_accelerometer_bsp/\libhal_bsp.a(alt_dcache_flush_all.o)
                0x0000000000010b64                alt_dcache_flush_all
 .text          0x0000000000010b68        0x8 ../led_accelerometer_bsp/\libhal_bsp.a(alt_dev.o)
 .text          0x0000000000010b70       0x6c ../led_accelerometer_bsp/\libhal_bsp.a(alt_dev_llist_insert.o)
                0x0000000000010b70                alt_dev_llist_insert
 .text          0x0000000000010bdc        0x0 ../led_accelerometer_bsp/\libhal_bsp.a(alt_errno.o)
 .text          0x0000000000010bdc       0x74 ../led_accelerometer_bsp/\libhal_bsp.a(alt_find_dev.o)
                0x0000000000010bdc                alt_find_dev
 .text          0x0000000000010c50        0x4 ../led_accelerometer_bsp/\libhal_bsp.a(alt_icache_flush_all.o)
                0x0000000000010c50                alt_icache_flush_all
 .text          0x0000000000010c54        0x0 ../led_accelerometer_bsp/\libhal_bsp.a(alt_irq_entry.o)
 .text          0x0000000000010c54        0x0 ../led_accelerometer_bsp/\libhal_bsp.a(alt_irq_handler.o)
 .text          0x0000000000010c54        0x8 ../led_accelerometer_bsp/\libhal_bsp.a(altera_nios2_gen2_irq.o)
                0x0000000000010c54                altera_nios2_gen2_irq_init
 .text          0x0000000000010c5c        0x0 ../led_accelerometer_bsp/\libhal_bsp.a(alt_exception_entry.o)
 .text          0x0000000000010c5c       0x74 ../led_accelerometer_bsp/\libhal_bsp.a(alt_instruction_exception_entry.o)
                0x0000000000010c5c                alt_exception_cause_generated_bad_addr
 .text          0x0000000000010cd0        0x0 d:/intelfpga_lite/18.1/nios2eds/bin/gnu/h-x86_64-mingw32/bin/../lib/gcc/nios2-elf/5.3.0/../../../../../H-x86_64-mingw32/nios2-elf/lib/mno-hw-mul\libsmallc.a(lib_a-int_errno.o)
 .text          0x0000000000010cd0        0x0 d:/intelfpga_lite/18.1/nios2eds/bin/gnu/h-x86_64-mingw32/bin/../lib/gcc/nios2-elf/5.3.0/../../../../../H-x86_64-mingw32/nios2-elf/lib/mno-hw-mul\libsmallc.a(lib_a-memcmp.o)
 .text.memcmp   0x0000000000010cd0       0x30 d:/intelfpga_lite/18.1/nios2eds/bin/gnu/h-x86_64-mingw32/bin/../lib/gcc/nios2-elf/5.3.0/../../../../../H-x86_64-mingw32/nios2-elf/lib/mno-hw-mul\libsmallc.a(lib_a-memcmp.o)
                0x0000000000010cd0                memcmp
 .text          0x0000000000010d00        0x0 d:/intelfpga_lite/18.1/nios2eds/bin/gnu/h-x86_64-mingw32/bin/../lib/gcc/nios2-elf/5.3.0/../../../../../H-x86_64-mingw32/nios2-elf/lib/mno-hw-mul\libsmallc.a(lib_a-strlen.o)
 .text.strlen   0x0000000000010d00       0x1c d:/intelfpga_lite/18.1/nios2eds/bin/gnu/h-x86_64-mingw32/bin/../lib/gcc/nios2-elf/5.3.0/../../../../../H-x86_64-mingw32/nios2-elf/lib/mno-hw-mul\libsmallc.a(lib_a-strlen.o)
                0x0000000000010d00                strlen
 *(.gnu.warning.*)
 *(.fini)
                [!provide]                        PROVIDE (__etext, ABSOLUTE (.))
                [!provide]                        PROVIDE (_etext, ABSOLUTE (.))
                [!provide]                        PROVIDE (etext, ABSOLUTE (.))
 *(.eh_frame_hdr)
                0x0000000000010d1c                . = ALIGN (0x4)
                [!provide]                        PROVIDE (__preinit_array_start, ABSOLUTE (.))
 *(.preinit_array)
                [!provide]                        PROVIDE (__preinit_array_end, ABSOLUTE (.))
                [!provide]                        PROVIDE (__init_array_start, ABSOLUTE (.))
 *(.init_array)
                [!provide]                        PROVIDE (__init_array_end, ABSOLUTE (.))
                [!provide]                        PROVIDE (__fini_array_start, ABSOLUTE (.))
 *(.fini_array)
                [!provide]                        PROVIDE (__fini_array_end, ABSOLUTE (.))
 *(.eh_frame)
 *(.gcc_except_table .gcc_except_table.*)
 *(.dynamic)
                [!provide]                        PROVIDE (__CTOR_LIST__, ABSOLUTE (.))
 *(.ctors)
 *(SORT(.ctors.*))
                [!provide]                        PROVIDE (__CTOR_END__, ABSOLUTE (.))
                [!provide]                        PROVIDE (__DTOR_LIST__, ABSOLUTE (.))
 *(.dtors)
 *(SORT(.dtors.*))
                [!provide]                        PROVIDE (__DTOR_END__, ABSOLUTE (.))
 *(.jcr)
                0x0000000000010d1c                . = ALIGN (0x4)

.rodata         0x0000000000010d1c       0x64
                0x0000000000010d1c                PROVIDE (__ram_rodata_start, ABSOLUTE (.))
                0x0000000000010d1c                . = ALIGN (0x4)
 *(.rodata .rodata.* .gnu.linkonce.r.*)
 .rodata.str1.4
                0x0000000000010d1c       0x57 obj/default/led_acceleromter_2D.o
 .rodata.str1.4
                0x0000000000010d73       0x17 ../led_accelerometer_bsp/\libhal_bsp.a(alt_sys_init.o)
 *fill*         0x0000000000010d73        0x1 
 .rodata.str1.4
                0x0000000000010d74        0xc ../led_accelerometer_bsp/\libhal_bsp.a(alt_dev.o)
                                          0xa (size before relaxing)
 *(.rodata1)
                0x0000000000010d80                . = ALIGN (0x4)
                0x0000000000010d80                PROVIDE (__ram_rodata_end, ABSOLUTE (.))
                0x0000000000010d1c                PROVIDE (__flash_rodata_start, LOADADDR (.rodata))

.rwdata         0x0000000000010d80       0xa4 load address 0x0000000000010e24
                0x0000000000010d80                PROVIDE (__ram_rwdata_start, ABSOLUTE (.))
                0x0000000000010d80                . = ALIGN (0x4)
 *(.got.plt)
 *(.got)
 *(.data1)
 *(.data .data.* .gnu.linkonce.d.*)
 .data          0x0000000000010d80        0x0 ../led_accelerometer_bsp//obj/HAL/src/crt0.o
 .data          0x0000000000010d80        0x0 obj/default/led_acceleromter_2D.o
 .data          0x0000000000010d80        0x0 d:/intelfpga_lite/18.1/nios2eds/bin/gnu/h-x86_64-mingw32/bin/../lib/gcc/nios2-elf/5.3.0/mno-hw-mul\libgcc.a(lib2-divmod.o)
 .data          0x0000000000010d80        0x0 d:/intelfpga_lite/18.1/nios2eds/bin/gnu/h-x86_64-mingw32/bin/../lib/gcc/nios2-elf/5.3.0/../../../../../H-x86_64-mingw32/nios2-elf/lib/mno-hw-mul\libsmallc.a(lib_a-memset.o)
 .data          0x0000000000010d80        0x0 ../led_accelerometer_bsp/\libhal_bsp.a(alt_irq_register.o)
 .data          0x0000000000010d80        0x0 ../led_accelerometer_bsp/\libhal_bsp.a(alt_irq_vars.o)
 .data          0x0000000000010d80        0x0 ../led_accelerometer_bsp/\libhal_bsp.a(alt_load.o)
 .data          0x0000000000010d80        0x0 ../led_accelerometer_bsp/\libhal_bsp.a(alt_main.o)
 .data          0x0000000000010d80        0x0 ../led_accelerometer_bsp/\libhal_bsp.a(alt_printf.o)
 .data          0x0000000000010d80        0x0 ../led_accelerometer_bsp/\libhal_bsp.a(alt_putchar.o)
 .data          0x0000000000010d80       0x2c ../led_accelerometer_bsp/\libhal_bsp.a(alt_sys_init.o)
 .data          0x0000000000010dac        0x0 ../led_accelerometer_bsp/\libhal_bsp.a(altera_avalon_jtag_uart_write.o)
 .data          0x0000000000010dac        0x0 ../led_accelerometer_bsp/\libhal_bsp.a(altera_up_avalon_accelerometer_spi.o)
 .data          0x0000000000010dac        0x0 ../led_accelerometer_bsp/\libhal_bsp.a(alt_dcache_flush_all.o)
 .data          0x0000000000010dac       0x58 ../led_accelerometer_bsp/\libhal_bsp.a(alt_dev.o)
                0x0000000000010dac                alt_fd_list
                0x0000000000010ddc                alt_dev_null
 .data          0x0000000000010e04        0x0 ../led_accelerometer_bsp/\libhal_bsp.a(alt_dev_llist_insert.o)
 .data          0x0000000000010e04        0x0 ../led_accelerometer_bsp/\libhal_bsp.a(alt_errno.o)
 .data          0x0000000000010e04        0x0 ../led_accelerometer_bsp/\libhal_bsp.a(alt_find_dev.o)
 .data          0x0000000000010e04        0x0 ../led_accelerometer_bsp/\libhal_bsp.a(alt_icache_flush_all.o)
 .data          0x0000000000010e04        0x0 ../led_accelerometer_bsp/\libhal_bsp.a(alt_irq_entry.o)
 .data          0x0000000000010e04        0x0 ../led_accelerometer_bsp/\libhal_bsp.a(alt_irq_handler.o)
 .data          0x0000000000010e04        0x0 ../led_accelerometer_bsp/\libhal_bsp.a(altera_nios2_gen2_irq.o)
 .data          0x0000000000010e04        0x0 ../led_accelerometer_bsp/\libhal_bsp.a(alt_exception_entry.o)
 .data          0x0000000000010e04        0x0 ../led_accelerometer_bsp/\libhal_bsp.a(alt_instruction_exception_entry.o)
 .data          0x0000000000010e04        0x0 d:/intelfpga_lite/18.1/nios2eds/bin/gnu/h-x86_64-mingw32/bin/../lib/gcc/nios2-elf/5.3.0/../../../../../H-x86_64-mingw32/nios2-elf/lib/mno-hw-mul\libsmallc.a(lib_a-int_errno.o)
 .data          0x0000000000010e04        0x0 d:/intelfpga_lite/18.1/nios2eds/bin/gnu/h-x86_64-mingw32/bin/../lib/gcc/nios2-elf/5.3.0/../../../../../H-x86_64-mingw32/nios2-elf/lib/mno-hw-mul\libsmallc.a(lib_a-memcmp.o)
 .data          0x0000000000010e04        0x0 d:/intelfpga_lite/18.1/nios2eds/bin/gnu/h-x86_64-mingw32/bin/../lib/gcc/nios2-elf/5.3.0/../../../../../H-x86_64-mingw32/nios2-elf/lib/mno-hw-mul\libsmallc.a(lib_a-strlen.o)
                0x0000000000018e04                _gp = ABSOLUTE ((. + 0x8000))
                [!provide]                        PROVIDE (gp, _gp)
 *(.rwdata .rwdata.*)
 *(.sdata .sdata.* .gnu.linkonce.s.*)
 .sdata         0x0000000000010e04        0x4 ../led_accelerometer_bsp/\libhal_bsp.a(alt_irq_vars.o)
                0x0000000000010e04                alt_priority_mask
 .sdata         0x0000000000010e08        0x4 ../led_accelerometer_bsp/\libhal_bsp.a(alt_sys_init.o)
                0x0000000000010e08                jtag_uart
 .sdata         0x0000000000010e0c       0x14 ../led_accelerometer_bsp/\libhal_bsp.a(alt_dev.o)
                0x0000000000010e0c                alt_max_fd
                0x0000000000010e10                alt_dev_list
                0x0000000000010e18                alt_fs_list
 .sdata         0x0000000000010e20        0x4 ../led_accelerometer_bsp/\libhal_bsp.a(alt_errno.o)
                0x0000000000010e20                alt_errno
 *(.sdata2 .sdata2.* .gnu.linkonce.s2.*)
                0x0000000000010e24                . = ALIGN (0x4)
                0x0000000000010e24                _edata = ABSOLUTE (.)
                [!provide]                        PROVIDE (edata, ABSOLUTE (.))
                0x0000000000010e24                PROVIDE (__ram_rwdata_end, ABSOLUTE (.))
                0x0000000000010e24                PROVIDE (__flash_rwdata_start, LOADADDR (.rwdata))

.bss            0x0000000000010ec8      0x124
                0x0000000000010ec8                __bss_start = ABSOLUTE (.)
                [!provide]                        PROVIDE (__sbss_start, ABSOLUTE (.))
                [!provide]                        PROVIDE (___sbss_start, ABSOLUTE (.))
 *(.dynsbss)
 *(.sbss .sbss.* .gnu.linkonce.sb.*)
 .sbss          0x0000000000010ec8        0x1 obj/default/led_acceleromter_2D.o
                0x0000000000010ec8                pwm
 *fill*         0x0000000000010ec9        0x3 
 .sbss          0x0000000000010ecc        0x8 obj/default/led_acceleromter_2D.o
                0x0000000000010ecc                led
                0x0000000000010ed0                level
 .sbss          0x0000000000010ed4        0x4 ../led_accelerometer_bsp/\libhal_bsp.a(alt_irq_vars.o)
                0x0000000000010ed4                alt_irq_active
 .sbss          0x0000000000010ed8        0xc ../led_accelerometer_bsp/\libhal_bsp.a(alt_main.o)
                0x0000000000010ed8                alt_envp
                0x0000000000010edc                alt_argv
                0x0000000000010ee0                alt_argc
 .sbss          0x0000000000010ee4        0x4 ../led_accelerometer_bsp/\libhal_bsp.a(alt_instruction_exception_entry.o)
                0x0000000000010ee4                alt_instruction_exception_handler
 .sbss          0x0000000000010ee8        0x4 d:/intelfpga_lite/18.1/nios2eds/bin/gnu/h-x86_64-mingw32/bin/../lib/gcc/nios2-elf/5.3.0/../../../../../H-x86_64-mingw32/nios2-elf/lib/mno-hw-mul\libsmallc.a(lib_a-int_errno.o)
                0x0000000000010ee8                errno
 *(.sbss2 .sbss2.* .gnu.linkonce.sb2.*)
 *(.scommon)
                [!provide]                        PROVIDE (__sbss_end, ABSOLUTE (.))
                [!provide]                        PROVIDE (___sbss_end, ABSOLUTE (.))
 *(.dynbss)
 *(.bss .bss.* .gnu.linkonce.b.*)
 .bss           0x0000000000010eec        0x0 ../led_accelerometer_bsp//obj/HAL/src/crt0.o
 .bss           0x0000000000010eec        0x0 obj/default/led_acceleromter_2D.o
 .bss           0x0000000000010eec        0x0 d:/intelfpga_lite/18.1/nios2eds/bin/gnu/h-x86_64-mingw32/bin/../lib/gcc/nios2-elf/5.3.0/mno-hw-mul\libgcc.a(lib2-divmod.o)
 .bss           0x0000000000010eec        0x0 d:/intelfpga_lite/18.1/nios2eds/bin/gnu/h-x86_64-mingw32/bin/../lib/gcc/nios2-elf/5.3.0/../../../../../H-x86_64-mingw32/nios2-elf/lib/mno-hw-mul\libsmallc.a(lib_a-memset.o)
 .bss           0x0000000000010eec        0x0 ../led_accelerometer_bsp/\libhal_bsp.a(alt_irq_register.o)
 .bss           0x0000000000010eec        0x0 ../led_accelerometer_bsp/\libhal_bsp.a(alt_irq_vars.o)
 .bss           0x0000000000010eec        0x0 ../led_accelerometer_bsp/\libhal_bsp.a(alt_load.o)
 .bss           0x0000000000010eec        0x0 ../led_accelerometer_bsp/\libhal_bsp.a(alt_main.o)
 .bss           0x0000000000010eec        0x0 ../led_accelerometer_bsp/\libhal_bsp.a(alt_printf.o)
 .bss           0x0000000000010eec        0x0 ../led_accelerometer_bsp/\libhal_bsp.a(alt_putchar.o)
 .bss           0x0000000000010eec        0x0 ../led_accelerometer_bsp/\libhal_bsp.a(alt_sys_init.o)
 .bss           0x0000000000010eec        0x0 ../led_accelerometer_bsp/\libhal_bsp.a(altera_avalon_jtag_uart_write.o)
 .bss           0x0000000000010eec        0x0 ../led_accelerometer_bsp/\libhal_bsp.a(altera_up_avalon_accelerometer_spi.o)
 .bss           0x0000000000010eec        0x0 ../led_accelerometer_bsp/\libhal_bsp.a(alt_dcache_flush_all.o)
 .bss           0x0000000000010eec        0x0 ../led_accelerometer_bsp/\libhal_bsp.a(alt_dev.o)
 .bss           0x0000000000010eec        0x0 ../led_accelerometer_bsp/\libhal_bsp.a(alt_dev_llist_insert.o)
 .bss           0x0000000000010eec        0x0 ../led_accelerometer_bsp/\libhal_bsp.a(alt_errno.o)
 .bss           0x0000000000010eec        0x0 ../led_accelerometer_bsp/\libhal_bsp.a(alt_find_dev.o)
 .bss           0x0000000000010eec        0x0 ../led_accelerometer_bsp/\libhal_bsp.a(alt_icache_flush_all.o)
 .bss           0x0000000000010eec        0x0 ../led_accelerometer_bsp/\libhal_bsp.a(alt_irq_entry.o)
 .bss           0x0000000000010eec        0x0 ../led_accelerometer_bsp/\libhal_bsp.a(alt_irq_handler.o)
 .bss           0x0000000000010eec        0x0 ../led_accelerometer_bsp/\libhal_bsp.a(altera_nios2_gen2_irq.o)
 .bss           0x0000000000010eec        0x0 ../led_accelerometer_bsp/\libhal_bsp.a(alt_exception_entry.o)
 .bss           0x0000000000010eec        0x0 ../led_accelerometer_bsp/\libhal_bsp.a(alt_instruction_exception_entry.o)
 .bss           0x0000000000010eec        0x0 d:/intelfpga_lite/18.1/nios2eds/bin/gnu/h-x86_64-mingw32/bin/../lib/gcc/nios2-elf/5.3.0/../../../../../H-x86_64-mingw32/nios2-elf/lib/mno-hw-mul\libsmallc.a(lib_a-int_errno.o)
 .bss           0x0000000000010eec        0x0 d:/intelfpga_lite/18.1/nios2eds/bin/gnu/h-x86_64-mingw32/bin/../lib/gcc/nios2-elf/5.3.0/../../../../../H-x86_64-mingw32/nios2-elf/lib/mno-hw-mul\libsmallc.a(lib_a-memcmp.o)
 .bss           0x0000000000010eec        0x0 d:/intelfpga_lite/18.1/nios2eds/bin/gnu/h-x86_64-mingw32/bin/../lib/gcc/nios2-elf/5.3.0/../../../../../H-x86_64-mingw32/nios2-elf/lib/mno-hw-mul\libsmallc.a(lib_a-strlen.o)
 *(COMMON)
 COMMON         0x0000000000010eec      0x100 ../led_accelerometer_bsp/\libhal_bsp.a(alt_irq_handler.o)
                0x0000000000010eec                alt_irq
                0x0000000000010fec                . = ALIGN (0x4)
                0x0000000000010fec                __bss_end = ABSOLUTE (.)

.onchip_memory  0x0000000000010fec        0x0
                [!provide]                        PROVIDE (_alt_partition_onchip_memory_start, ABSOLUTE (.))
 *(.onchip_memory .onchip_memory. onchip_memory.*)
                0x0000000000010fec                . = ALIGN (0x4)
                [!provide]                        PROVIDE (_alt_partition_onchip_memory_end, ABSOLUTE (.))
                0x0000000000010fec                _end = ABSOLUTE (.)
                0x0000000000010fec                end = ABSOLUTE (.)
                0x0000000000010fec                __alt_stack_base = ABSOLUTE (.)
                [!provide]                        PROVIDE (_alt_partition_onchip_memory_load_addr, LOADADDR (.onchip_memory))

.stab
 *(.stab)

.stabstr
 *(.stabstr)

.stab.excl
 *(.stab.excl)

.stab.exclstr
 *(.stab.exclstr)

.stab.index
 *(.stab.index)

.stab.indexstr
 *(.stab.indexstr)

.comment        0x0000000000000000       0x23
 *(.comment)
 .comment       0x0000000000000000       0x23 obj/default/led_acceleromter_2D.o
                                         0x24 (size before relaxing)
 .comment       0x0000000000000023       0x24 d:/intelfpga_lite/18.1/nios2eds/bin/gnu/h-x86_64-mingw32/bin/../lib/gcc/nios2-elf/5.3.0/mno-hw-mul\libgcc.a(lib2-divmod.o)
 .comment       0x0000000000000023       0x24 d:/intelfpga_lite/18.1/nios2eds/bin/gnu/h-x86_64-mingw32/bin/../lib/gcc/nios2-elf/5.3.0/../../../../../H-x86_64-mingw32/nios2-elf/lib/mno-hw-mul\libsmallc.a(lib_a-memset.o)
 .comment       0x0000000000000023       0x24 ../led_accelerometer_bsp/\libhal_bsp.a(alt_irq_register.o)
 .comment       0x0000000000000023       0x24 ../led_accelerometer_bsp/\libhal_bsp.a(alt_irq_vars.o)
 .comment       0x0000000000000023       0x24 ../led_accelerometer_bsp/\libhal_bsp.a(alt_load.o)
 .comment       0x0000000000000023       0x24 ../led_accelerometer_bsp/\libhal_bsp.a(alt_main.o)
 .comment       0x0000000000000023       0x24 ../led_accelerometer_bsp/\libhal_bsp.a(alt_printf.o)
 .comment       0x0000000000000023       0x24 ../led_accelerometer_bsp/\libhal_bsp.a(alt_putchar.o)
 .comment       0x0000000000000023       0x24 ../led_accelerometer_bsp/\libhal_bsp.a(alt_sys_init.o)
 .comment       0x0000000000000023       0x24 ../led_accelerometer_bsp/\libhal_bsp.a(altera_avalon_jtag_uart_write.o)
 .comment       0x0000000000000023       0x24 ../led_accelerometer_bsp/\libhal_bsp.a(altera_up_avalon_accelerometer_spi.o)
 .comment       0x0000000000000023       0x24 ../led_accelerometer_bsp/\libhal_bsp.a(alt_dcache_flush_all.o)
 .comment       0x0000000000000023       0x24 ../led_accelerometer_bsp/\libhal_bsp.a(alt_dev.o)
 .comment       0x0000000000000023       0x24 ../led_accelerometer_bsp/\libhal_bsp.a(alt_dev_llist_insert.o)
 .comment       0x0000000000000023       0x24 ../led_accelerometer_bsp/\libhal_bsp.a(alt_errno.o)
 .comment       0x0000000000000023       0x24 ../led_accelerometer_bsp/\libhal_bsp.a(alt_find_dev.o)
 .comment       0x0000000000000023       0x24 ../led_accelerometer_bsp/\libhal_bsp.a(alt_icache_flush_all.o)
 .comment       0x0000000000000023       0x24 ../led_accelerometer_bsp/\libhal_bsp.a(alt_irq_handler.o)
 .comment       0x0000000000000023       0x24 ../led_accelerometer_bsp/\libhal_bsp.a(altera_nios2_gen2_irq.o)
 .comment       0x0000000000000023       0x24 ../led_accelerometer_bsp/\libhal_bsp.a(alt_instruction_exception_entry.o)
 .comment       0x0000000000000023       0x24 d:/intelfpga_lite/18.1/nios2eds/bin/gnu/h-x86_64-mingw32/bin/../lib/gcc/nios2-elf/5.3.0/../../../../../H-x86_64-mingw32/nios2-elf/lib/mno-hw-mul\libsmallc.a(lib_a-int_errno.o)
 .comment       0x0000000000000023       0x24 d:/intelfpga_lite/18.1/nios2eds/bin/gnu/h-x86_64-mingw32/bin/../lib/gcc/nios2-elf/5.3.0/../../../../../H-x86_64-mingw32/nios2-elf/lib/mno-hw-mul\libsmallc.a(lib_a-memcmp.o)
 .comment       0x0000000000000023       0x24 d:/intelfpga_lite/18.1/nios2eds/bin/gnu/h-x86_64-mingw32/bin/../lib/gcc/nios2-elf/5.3.0/../../../../../H-x86_64-mingw32/nios2-elf/lib/mno-hw-mul\libsmallc.a(lib_a-strlen.o)

.debug
 *(.debug)

.line
 *(.line)

.debug_srcinfo
 *(.debug_srcinfo)

.debug_sfnames
 *(.debug_sfnames)

.debug_aranges  0x0000000000000000      0x388
 *(.debug_aranges)
 .debug_aranges
                0x0000000000000000       0x28 ../led_accelerometer_bsp//obj/HAL/src/crt0.o
 .debug_aranges
                0x0000000000000028       0x28 obj/default/led_acceleromter_2D.o
 .debug_aranges
                0x0000000000000050       0x20 d:/intelfpga_lite/18.1/nios2eds/bin/gnu/h-x86_64-mingw32/bin/../lib/gcc/nios2-elf/5.3.0/mno-hw-mul\libgcc.a(lib2-divmod.o)
 .debug_aranges
                0x0000000000000070       0x20 d:/intelfpga_lite/18.1/nios2eds/bin/gnu/h-x86_64-mingw32/bin/../lib/gcc/nios2-elf/5.3.0/../../../../../H-x86_64-mingw32/nios2-elf/lib/mno-hw-mul\libsmallc.a(lib_a-memset.o)
 .debug_aranges
                0x0000000000000090       0x20 ../led_accelerometer_bsp/\libhal_bsp.a(alt_irq_register.o)
 .debug_aranges
                0x00000000000000b0       0x18 ../led_accelerometer_bsp/\libhal_bsp.a(alt_irq_vars.o)
 .debug_aranges
                0x00000000000000c8       0x20 ../led_accelerometer_bsp/\libhal_bsp.a(alt_load.o)
 .debug_aranges
                0x00000000000000e8       0x20 ../led_accelerometer_bsp/\libhal_bsp.a(alt_main.o)
 .debug_aranges
                0x0000000000000108       0x20 ../led_accelerometer_bsp/\libhal_bsp.a(alt_printf.o)
 .debug_aranges
                0x0000000000000128       0x20 ../led_accelerometer_bsp/\libhal_bsp.a(alt_putchar.o)
 .debug_aranges
                0x0000000000000148       0x20 ../led_accelerometer_bsp/\libhal_bsp.a(alt_sys_init.o)
 .debug_aranges
                0x0000000000000168       0x20 ../led_accelerometer_bsp/\libhal_bsp.a(altera_avalon_jtag_uart_write.o)
 .debug_aranges
                0x0000000000000188       0x20 ../led_accelerometer_bsp/\libhal_bsp.a(altera_up_avalon_accelerometer_spi.o)
 .debug_aranges
                0x00000000000001a8       0x20 ../led_accelerometer_bsp/\libhal_bsp.a(alt_dcache_flush_all.o)
 .debug_aranges
                0x00000000000001c8       0x20 ../led_accelerometer_bsp/\libhal_bsp.a(alt_dev.o)
 .debug_aranges
                0x00000000000001e8       0x20 ../led_accelerometer_bsp/\libhal_bsp.a(alt_dev_llist_insert.o)
 .debug_aranges
                0x0000000000000208       0x18 ../led_accelerometer_bsp/\libhal_bsp.a(alt_errno.o)
 .debug_aranges
                0x0000000000000220       0x20 ../led_accelerometer_bsp/\libhal_bsp.a(alt_find_dev.o)
 .debug_aranges
                0x0000000000000240       0x20 ../led_accelerometer_bsp/\libhal_bsp.a(alt_icache_flush_all.o)
 .debug_aranges
                0x0000000000000260       0x30 ../led_accelerometer_bsp/\libhal_bsp.a(alt_irq_entry.o)
 .debug_aranges
                0x0000000000000290       0x20 ../led_accelerometer_bsp/\libhal_bsp.a(alt_irq_handler.o)
 .debug_aranges
                0x00000000000002b0       0x20 ../led_accelerometer_bsp/\libhal_bsp.a(altera_nios2_gen2_irq.o)
 .debug_aranges
                0x00000000000002d0       0x38 ../led_accelerometer_bsp/\libhal_bsp.a(alt_exception_entry.o)
 .debug_aranges
                0x0000000000000308       0x28 ../led_accelerometer_bsp/\libhal_bsp.a(alt_instruction_exception_entry.o)
 .debug_aranges
                0x0000000000000330       0x18 d:/intelfpga_lite/18.1/nios2eds/bin/gnu/h-x86_64-mingw32/bin/../lib/gcc/nios2-elf/5.3.0/../../../../../H-x86_64-mingw32/nios2-elf/lib/mno-hw-mul\libsmallc.a(lib_a-int_errno.o)
 .debug_aranges
                0x0000000000000348       0x20 d:/intelfpga_lite/18.1/nios2eds/bin/gnu/h-x86_64-mingw32/bin/../lib/gcc/nios2-elf/5.3.0/../../../../../H-x86_64-mingw32/nios2-elf/lib/mno-hw-mul\libsmallc.a(lib_a-memcmp.o)
 .debug_aranges
                0x0000000000000368       0x20 d:/intelfpga_lite/18.1/nios2eds/bin/gnu/h-x86_64-mingw32/bin/../lib/gcc/nios2-elf/5.3.0/../../../../../H-x86_64-mingw32/nios2-elf/lib/mno-hw-mul\libsmallc.a(lib_a-strlen.o)

.debug_pubnames
 *(.debug_pubnames)

.debug_info     0x0000000000000000     0x317e
 *(.debug_info .gnu.linkonce.wi.*)
 .debug_info    0x0000000000000000       0x93 ../led_accelerometer_bsp//obj/HAL/src/crt0.o
 .debug_info    0x0000000000000093      0x645 obj/default/led_acceleromter_2D.o
 .debug_info    0x00000000000006d8      0x2c6 d:/intelfpga_lite/18.1/nios2eds/bin/gnu/h-x86_64-mingw32/bin/../lib/gcc/nios2-elf/5.3.0/mno-hw-mul\libgcc.a(lib2-divmod.o)
 .debug_info    0x000000000000099e       0xdc d:/intelfpga_lite/18.1/nios2eds/bin/gnu/h-x86_64-mingw32/bin/../lib/gcc/nios2-elf/5.3.0/../../../../../H-x86_64-mingw32/nios2-elf/lib/mno-hw-mul\libsmallc.a(lib_a-memset.o)
 .debug_info    0x0000000000000a7a      0x30d ../led_accelerometer_bsp/\libhal_bsp.a(alt_irq_register.o)
 .debug_info    0x0000000000000d87       0x88 ../led_accelerometer_bsp/\libhal_bsp.a(alt_irq_vars.o)
 .debug_info    0x0000000000000e0f      0x1c9 ../led_accelerometer_bsp/\libhal_bsp.a(alt_load.o)
 .debug_info    0x0000000000000fd8      0x18f ../led_accelerometer_bsp/\libhal_bsp.a(alt_main.o)
 .debug_info    0x0000000000001167      0x14d ../led_accelerometer_bsp/\libhal_bsp.a(alt_printf.o)
 .debug_info    0x00000000000012b4      0x12a ../led_accelerometer_bsp/\libhal_bsp.a(alt_putchar.o)
 .debug_info    0x00000000000013de      0x459 ../led_accelerometer_bsp/\libhal_bsp.a(alt_sys_init.o)
 .debug_info    0x0000000000001837      0x1ad ../led_accelerometer_bsp/\libhal_bsp.a(altera_avalon_jtag_uart_write.o)
 .debug_info    0x00000000000019e4      0x479 ../led_accelerometer_bsp/\libhal_bsp.a(altera_up_avalon_accelerometer_spi.o)
 .debug_info    0x0000000000001e5d       0x92 ../led_accelerometer_bsp/\libhal_bsp.a(alt_dcache_flush_all.o)
 .debug_info    0x0000000000001eef      0x499 ../led_accelerometer_bsp/\libhal_bsp.a(alt_dev.o)
 .debug_info    0x0000000000002388      0x1b3 ../led_accelerometer_bsp/\libhal_bsp.a(alt_dev_llist_insert.o)
 .debug_info    0x000000000000253b       0xa6 ../led_accelerometer_bsp/\libhal_bsp.a(alt_errno.o)
 .debug_info    0x00000000000025e1      0x32d ../led_accelerometer_bsp/\libhal_bsp.a(alt_find_dev.o)
 .debug_info    0x000000000000290e       0x92 ../led_accelerometer_bsp/\libhal_bsp.a(alt_icache_flush_all.o)
 .debug_info    0x00000000000029a0       0x9c ../led_accelerometer_bsp/\libhal_bsp.a(alt_irq_entry.o)
 .debug_info    0x0000000000002a3c      0x1a4 ../led_accelerometer_bsp/\libhal_bsp.a(alt_irq_handler.o)
 .debug_info    0x0000000000002be0       0xb8 ../led_accelerometer_bsp/\libhal_bsp.a(altera_nios2_gen2_irq.o)
 .debug_info    0x0000000000002c98       0xa2 ../led_accelerometer_bsp/\libhal_bsp.a(alt_exception_entry.o)
 .debug_info    0x0000000000002d3a      0x1fd ../led_accelerometer_bsp/\libhal_bsp.a(alt_instruction_exception_entry.o)
 .debug_info    0x0000000000002f37       0x8a d:/intelfpga_lite/18.1/nios2eds/bin/gnu/h-x86_64-mingw32/bin/../lib/gcc/nios2-elf/5.3.0/../../../../../H-x86_64-mingw32/nios2-elf/lib/mno-hw-mul\libsmallc.a(lib_a-int_errno.o)
 .debug_info    0x0000000000002fc1       0xf4 d:/intelfpga_lite/18.1/nios2eds/bin/gnu/h-x86_64-mingw32/bin/../lib/gcc/nios2-elf/5.3.0/../../../../../H-x86_64-mingw32/nios2-elf/lib/mno-hw-mul\libsmallc.a(lib_a-memcmp.o)
 .debug_info    0x00000000000030b5       0xc9 d:/intelfpga_lite/18.1/nios2eds/bin/gnu/h-x86_64-mingw32/bin/../lib/gcc/nios2-elf/5.3.0/../../../../../H-x86_64-mingw32/nios2-elf/lib/mno-hw-mul\libsmallc.a(lib_a-strlen.o)

.debug_abbrev   0x0000000000000000     0x14ad
 *(.debug_abbrev)
 .debug_abbrev  0x0000000000000000       0x12 ../led_accelerometer_bsp//obj/HAL/src/crt0.o
 .debug_abbrev  0x0000000000000012      0x23c obj/default/led_acceleromter_2D.o
 .debug_abbrev  0x000000000000024e      0x10e d:/intelfpga_lite/18.1/nios2eds/bin/gnu/h-x86_64-mingw32/bin/../lib/gcc/nios2-elf/5.3.0/mno-hw-mul\libgcc.a(lib2-divmod.o)
 .debug_abbrev  0x000000000000035c       0x8e d:/intelfpga_lite/18.1/nios2eds/bin/gnu/h-x86_64-mingw32/bin/../lib/gcc/nios2-elf/5.3.0/../../../../../H-x86_64-mingw32/nios2-elf/lib/mno-hw-mul\libsmallc.a(lib_a-memset.o)
 .debug_abbrev  0x00000000000003ea      0x1a5 ../led_accelerometer_bsp/\libhal_bsp.a(alt_irq_register.o)
 .debug_abbrev  0x000000000000058f       0x40 ../led_accelerometer_bsp/\libhal_bsp.a(alt_irq_vars.o)
 .debug_abbrev  0x00000000000005cf       0xd8 ../led_accelerometer_bsp/\libhal_bsp.a(alt_load.o)
 .debug_abbrev  0x00000000000006a7       0xf5 ../led_accelerometer_bsp/\libhal_bsp.a(alt_main.o)
 .debug_abbrev  0x000000000000079c       0xd5 ../led_accelerometer_bsp/\libhal_bsp.a(alt_printf.o)
 .debug_abbrev  0x0000000000000871       0xd2 ../led_accelerometer_bsp/\libhal_bsp.a(alt_putchar.o)
 .debug_abbrev  0x0000000000000943      0x1a5 ../led_accelerometer_bsp/\libhal_bsp.a(alt_sys_init.o)
 .debug_abbrev  0x0000000000000ae8       0xd5 ../led_accelerometer_bsp/\libhal_bsp.a(altera_avalon_jtag_uart_write.o)
 .debug_abbrev  0x0000000000000bbd      0x119 ../led_accelerometer_bsp/\libhal_bsp.a(altera_up_avalon_accelerometer_spi.o)
 .debug_abbrev  0x0000000000000cd6       0x42 ../led_accelerometer_bsp/\libhal_bsp.a(alt_dcache_flush_all.o)
 .debug_abbrev  0x0000000000000d18       0xd9 ../led_accelerometer_bsp/\libhal_bsp.a(alt_dev.o)
 .debug_abbrev  0x0000000000000df1      0x11c ../led_accelerometer_bsp/\libhal_bsp.a(alt_dev_llist_insert.o)
 .debug_abbrev  0x0000000000000f0d       0x5a ../led_accelerometer_bsp/\libhal_bsp.a(alt_errno.o)
 .debug_abbrev  0x0000000000000f67      0x125 ../led_accelerometer_bsp/\libhal_bsp.a(alt_find_dev.o)
 .debug_abbrev  0x000000000000108c       0x42 ../led_accelerometer_bsp/\libhal_bsp.a(alt_icache_flush_all.o)
 .debug_abbrev  0x00000000000010ce       0x12 ../led_accelerometer_bsp/\libhal_bsp.a(alt_irq_entry.o)
 .debug_abbrev  0x00000000000010e0      0x138 ../led_accelerometer_bsp/\libhal_bsp.a(alt_irq_handler.o)
 .debug_abbrev  0x0000000000001218       0x67 ../led_accelerometer_bsp/\libhal_bsp.a(altera_nios2_gen2_irq.o)
 .debug_abbrev  0x000000000000127f       0x12 ../led_accelerometer_bsp/\libhal_bsp.a(alt_exception_entry.o)
 .debug_abbrev  0x0000000000001291       0xe7 ../led_accelerometer_bsp/\libhal_bsp.a(alt_instruction_exception_entry.o)
 .debug_abbrev  0x0000000000001378       0x37 d:/intelfpga_lite/18.1/nios2eds/bin/gnu/h-x86_64-mingw32/bin/../lib/gcc/nios2-elf/5.3.0/../../../../../H-x86_64-mingw32/nios2-elf/lib/mno-hw-mul\libsmallc.a(lib_a-int_errno.o)
 .debug_abbrev  0x00000000000013af       0x7f d:/intelfpga_lite/18.1/nios2eds/bin/gnu/h-x86_64-mingw32/bin/../lib/gcc/nios2-elf/5.3.0/../../../../../H-x86_64-mingw32/nios2-elf/lib/mno-hw-mul\libsmallc.a(lib_a-memcmp.o)
 .debug_abbrev  0x000000000000142e       0x7f d:/intelfpga_lite/18.1/nios2eds/bin/gnu/h-x86_64-mingw32/bin/../lib/gcc/nios2-elf/5.3.0/../../../../../H-x86_64-mingw32/nios2-elf/lib/mno-hw-mul\libsmallc.a(lib_a-strlen.o)

.debug_line     0x0000000000000000     0x1675
 *(.debug_line)
 .debug_line    0x0000000000000000       0x66 ../led_accelerometer_bsp//obj/HAL/src/crt0.o
 .debug_line    0x0000000000000066      0x1c0 obj/default/led_acceleromter_2D.o
 .debug_line    0x0000000000000226      0x105 d:/intelfpga_lite/18.1/nios2eds/bin/gnu/h-x86_64-mingw32/bin/../lib/gcc/nios2-elf/5.3.0/mno-hw-mul\libgcc.a(lib2-divmod.o)
 .debug_line    0x000000000000032b      0x15d d:/intelfpga_lite/18.1/nios2eds/bin/gnu/h-x86_64-mingw32/bin/../lib/gcc/nios2-elf/5.3.0/../../../../../H-x86_64-mingw32/nios2-elf/lib/mno-hw-mul\libsmallc.a(lib_a-memset.o)
 .debug_line    0x0000000000000488       0xed ../led_accelerometer_bsp/\libhal_bsp.a(alt_irq_register.o)
 .debug_line    0x0000000000000575       0x50 ../led_accelerometer_bsp/\libhal_bsp.a(alt_irq_vars.o)
 .debug_line    0x00000000000005c5       0xa4 ../led_accelerometer_bsp/\libhal_bsp.a(alt_load.o)
 .debug_line    0x0000000000000669       0xea ../led_accelerometer_bsp/\libhal_bsp.a(alt_main.o)
 .debug_line    0x0000000000000753      0x112 ../led_accelerometer_bsp/\libhal_bsp.a(alt_printf.o)
 .debug_line    0x0000000000000865       0x55 ../led_accelerometer_bsp/\libhal_bsp.a(alt_putchar.o)
 .debug_line    0x00000000000008ba      0x178 ../led_accelerometer_bsp/\libhal_bsp.a(alt_sys_init.o)
 .debug_line    0x0000000000000a32      0x104 ../led_accelerometer_bsp/\libhal_bsp.a(altera_avalon_jtag_uart_write.o)
 .debug_line    0x0000000000000b36      0x131 ../led_accelerometer_bsp/\libhal_bsp.a(altera_up_avalon_accelerometer_spi.o)
 .debug_line    0x0000000000000c67       0x4e ../led_accelerometer_bsp/\libhal_bsp.a(alt_dcache_flush_all.o)
 .debug_line    0x0000000000000cb5       0xf6 ../led_accelerometer_bsp/\libhal_bsp.a(alt_dev.o)
 .debug_line    0x0000000000000dab       0xd8 ../led_accelerometer_bsp/\libhal_bsp.a(alt_dev_llist_insert.o)
 .debug_line    0x0000000000000e83       0x51 ../led_accelerometer_bsp/\libhal_bsp.a(alt_errno.o)
 .debug_line    0x0000000000000ed4      0x107 ../led_accelerometer_bsp/\libhal_bsp.a(alt_find_dev.o)
 .debug_line    0x0000000000000fdb       0x4e ../led_accelerometer_bsp/\libhal_bsp.a(alt_icache_flush_all.o)
 .debug_line    0x0000000000001029       0x6b ../led_accelerometer_bsp/\libhal_bsp.a(alt_irq_entry.o)
 .debug_line    0x0000000000001094       0xc8 ../led_accelerometer_bsp/\libhal_bsp.a(alt_irq_handler.o)
 .debug_line    0x000000000000115c       0x8c ../led_accelerometer_bsp/\libhal_bsp.a(altera_nios2_gen2_irq.o)
 .debug_line    0x00000000000011e8       0xb3 ../led_accelerometer_bsp/\libhal_bsp.a(alt_exception_entry.o)
 .debug_line    0x000000000000129b       0xbf ../led_accelerometer_bsp/\libhal_bsp.a(alt_instruction_exception_entry.o)
 .debug_line    0x000000000000135a       0x5f d:/intelfpga_lite/18.1/nios2eds/bin/gnu/h-x86_64-mingw32/bin/../lib/gcc/nios2-elf/5.3.0/../../../../../H-x86_64-mingw32/nios2-elf/lib/mno-hw-mul\libsmallc.a(lib_a-int_errno.o)
 .debug_line    0x00000000000013b9      0x160 d:/intelfpga_lite/18.1/nios2eds/bin/gnu/h-x86_64-mingw32/bin/../lib/gcc/nios2-elf/5.3.0/../../../../../H-x86_64-mingw32/nios2-elf/lib/mno-hw-mul\libsmallc.a(lib_a-memcmp.o)
 .debug_line    0x0000000000001519      0x15c d:/intelfpga_lite/18.1/nios2eds/bin/gnu/h-x86_64-mingw32/bin/../lib/gcc/nios2-elf/5.3.0/../../../../../H-x86_64-mingw32/nios2-elf/lib/mno-hw-mul\libsmallc.a(lib_a-strlen.o)

.debug_frame    0x0000000000000000      0x470
 *(.debug_frame)
 .debug_frame   0x0000000000000000       0x98 obj/default/led_acceleromter_2D.o
 .debug_frame   0x0000000000000098       0x50 d:/intelfpga_lite/18.1/nios2eds/bin/gnu/h-x86_64-mingw32/bin/../lib/gcc/nios2-elf/5.3.0/mno-hw-mul\libgcc.a(lib2-divmod.o)
 .debug_frame   0x00000000000000e8       0x20 d:/intelfpga_lite/18.1/nios2eds/bin/gnu/h-x86_64-mingw32/bin/../lib/gcc/nios2-elf/5.3.0/../../../../../H-x86_64-mingw32/nios2-elf/lib/mno-hw-mul\libsmallc.a(lib_a-memset.o)
 .debug_frame   0x0000000000000108       0x20 ../led_accelerometer_bsp/\libhal_bsp.a(alt_irq_register.o)
 .debug_frame   0x0000000000000128       0x30 ../led_accelerometer_bsp/\libhal_bsp.a(alt_load.o)
 .debug_frame   0x0000000000000158       0x2c ../led_accelerometer_bsp/\libhal_bsp.a(alt_main.o)
 .debug_frame   0x0000000000000184       0x54 ../led_accelerometer_bsp/\libhal_bsp.a(alt_printf.o)
 .debug_frame   0x00000000000001d8       0x30 ../led_accelerometer_bsp/\libhal_bsp.a(alt_putchar.o)
 .debug_frame   0x0000000000000208       0x3c ../led_accelerometer_bsp/\libhal_bsp.a(alt_sys_init.o)
 .debug_frame   0x0000000000000244       0x20 ../led_accelerometer_bsp/\libhal_bsp.a(altera_avalon_jtag_uart_write.o)
 .debug_frame   0x0000000000000264       0x80 ../led_accelerometer_bsp/\libhal_bsp.a(altera_up_avalon_accelerometer_spi.o)
 .debug_frame   0x00000000000002e4       0x20 ../led_accelerometer_bsp/\libhal_bsp.a(alt_dcache_flush_all.o)
 .debug_frame   0x0000000000000304       0x20 ../led_accelerometer_bsp/\libhal_bsp.a(alt_dev.o)
 .debug_frame   0x0000000000000324       0x2c ../led_accelerometer_bsp/\libhal_bsp.a(alt_dev_llist_insert.o)
 .debug_frame   0x0000000000000350       0x3c ../led_accelerometer_bsp/\libhal_bsp.a(alt_find_dev.o)
 .debug_frame   0x000000000000038c       0x20 ../led_accelerometer_bsp/\libhal_bsp.a(alt_icache_flush_all.o)
 .debug_frame   0x00000000000003ac       0x34 ../led_accelerometer_bsp/\libhal_bsp.a(alt_irq_handler.o)
 .debug_frame   0x00000000000003e0       0x20 ../led_accelerometer_bsp/\libhal_bsp.a(altera_nios2_gen2_irq.o)
 .debug_frame   0x0000000000000400       0x30 ../led_accelerometer_bsp/\libhal_bsp.a(alt_instruction_exception_entry.o)
 .debug_frame   0x0000000000000430       0x20 d:/intelfpga_lite/18.1/nios2eds/bin/gnu/h-x86_64-mingw32/bin/../lib/gcc/nios2-elf/5.3.0/../../../../../H-x86_64-mingw32/nios2-elf/lib/mno-hw-mul\libsmallc.a(lib_a-memcmp.o)
 .debug_frame   0x0000000000000450       0x20 d:/intelfpga_lite/18.1/nios2eds/bin/gnu/h-x86_64-mingw32/bin/../lib/gcc/nios2-elf/5.3.0/../../../../../H-x86_64-mingw32/nios2-elf/lib/mno-hw-mul\libsmallc.a(lib_a-strlen.o)

.debug_str      0x0000000000000000     0x1341
 *(.debug_str)
 .debug_str     0x0000000000000000      0x325 obj/default/led_acceleromter_2D.o
                                        0x37e (size before relaxing)
 .debug_str     0x0000000000000325      0x187 d:/intelfpga_lite/18.1/nios2eds/bin/gnu/h-x86_64-mingw32/bin/../lib/gcc/nios2-elf/5.3.0/mno-hw-mul\libgcc.a(lib2-divmod.o)
                                        0x1d2 (size before relaxing)
 .debug_str     0x00000000000004ac      0x13a d:/intelfpga_lite/18.1/nios2eds/bin/gnu/h-x86_64-mingw32/bin/../lib/gcc/nios2-elf/5.3.0/../../../../../H-x86_64-mingw32/nios2-elf/lib/mno-hw-mul\libsmallc.a(lib_a-memset.o)
                                        0x1df (size before relaxing)
 .debug_str     0x00000000000005e6       0xfc ../led_accelerometer_bsp/\libhal_bsp.a(alt_irq_register.o)
                                        0x22d (size before relaxing)
 .debug_str     0x00000000000006e2       0x17 ../led_accelerometer_bsp/\libhal_bsp.a(alt_irq_vars.o)
                                        0x15f (size before relaxing)
 .debug_str     0x00000000000006f9      0x113 ../led_accelerometer_bsp/\libhal_bsp.a(alt_load.o)
                                        0x261 (size before relaxing)
 .debug_str     0x000000000000080c       0x5e ../led_accelerometer_bsp/\libhal_bsp.a(alt_main.o)
                                        0x203 (size before relaxing)
 .debug_str     0x000000000000086a       0x59 ../led_accelerometer_bsp/\libhal_bsp.a(alt_printf.o)
                                        0x12b (size before relaxing)
 .debug_str     0x00000000000008c3       0x5e ../led_accelerometer_bsp/\libhal_bsp.a(alt_putchar.o)
                                        0x1b0 (size before relaxing)
 .debug_str     0x0000000000000921       0xfa ../led_accelerometer_bsp/\libhal_bsp.a(alt_sys_init.o)
                                        0x36f (size before relaxing)
 .debug_str     0x0000000000000a1b       0x32 ../led_accelerometer_bsp/\libhal_bsp.a(altera_avalon_jtag_uart_write.o)
                                        0x25b (size before relaxing)
 .debug_str     0x0000000000000a4d       0xde ../led_accelerometer_bsp/\libhal_bsp.a(altera_up_avalon_accelerometer_spi.o)
                                        0x373 (size before relaxing)
 .debug_str     0x0000000000000b2b       0x1f ../led_accelerometer_bsp/\libhal_bsp.a(alt_dcache_flush_all.o)
                                        0x17a (size before relaxing)
 .debug_str     0x0000000000000b4a      0x125 ../led_accelerometer_bsp/\libhal_bsp.a(alt_dev.o)
                                        0x32a (size before relaxing)
 .debug_str     0x0000000000000c6f       0x48 ../led_accelerometer_bsp/\libhal_bsp.a(alt_dev_llist_insert.o)
                                        0x1f1 (size before relaxing)
 .debug_str     0x0000000000000cb7       0x14 ../led_accelerometer_bsp/\libhal_bsp.a(alt_errno.o)
                                        0x16a (size before relaxing)
 .debug_str     0x0000000000000ccb       0x25 ../led_accelerometer_bsp/\libhal_bsp.a(alt_find_dev.o)
                                        0x21f (size before relaxing)
 .debug_str     0x0000000000000cf0       0x1f ../led_accelerometer_bsp/\libhal_bsp.a(alt_icache_flush_all.o)
                                        0x17a (size before relaxing)
 .debug_str     0x0000000000000d0f       0x3a ../led_accelerometer_bsp/\libhal_bsp.a(alt_irq_handler.o)
                                        0x1dd (size before relaxing)
 .debug_str     0x0000000000000d49       0x20 ../led_accelerometer_bsp/\libhal_bsp.a(altera_nios2_gen2_irq.o)
                                        0x1aa (size before relaxing)
 .debug_str     0x0000000000000d69      0x48b ../led_accelerometer_bsp/\libhal_bsp.a(alt_instruction_exception_entry.o)
                                        0x5c5 (size before relaxing)
 .debug_str     0x00000000000011f4       0xd3 d:/intelfpga_lite/18.1/nios2eds/bin/gnu/h-x86_64-mingw32/bin/../lib/gcc/nios2-elf/5.3.0/../../../../../H-x86_64-mingw32/nios2-elf/lib/mno-hw-mul\libsmallc.a(lib_a-int_errno.o)
                                        0x1d8 (size before relaxing)
 .debug_str     0x00000000000012c7       0x3d d:/intelfpga_lite/18.1/nios2eds/bin/gnu/h-x86_64-mingw32/bin/../lib/gcc/nios2-elf/5.3.0/../../../../../H-x86_64-mingw32/nios2-elf/lib/mno-hw-mul\libsmallc.a(lib_a-memcmp.o)
                                        0x1df (size before relaxing)
 .debug_str     0x0000000000001304       0x3d d:/intelfpga_lite/18.1/nios2eds/bin/gnu/h-x86_64-mingw32/bin/../lib/gcc/nios2-elf/5.3.0/../../../../../H-x86_64-mingw32/nios2-elf/lib/mno-hw-mul\libsmallc.a(lib_a-strlen.o)
                                        0x1e5 (size before relaxing)

.debug_loc      0x0000000000000000      0xdcb
 *(.debug_loc)
 .debug_loc     0x0000000000000000      0x1c0 obj/default/led_acceleromter_2D.o
 .debug_loc     0x00000000000001c0      0x4ce d:/intelfpga_lite/18.1/nios2eds/bin/gnu/h-x86_64-mingw32/bin/../lib/gcc/nios2-elf/5.3.0/mno-hw-mul\libgcc.a(lib2-divmod.o)
 .debug_loc     0x000000000000068e       0xa5 d:/intelfpga_lite/18.1/nios2eds/bin/gnu/h-x86_64-mingw32/bin/../lib/gcc/nios2-elf/5.3.0/../../../../../H-x86_64-mingw32/nios2-elf/lib/mno-hw-mul\libsmallc.a(lib_a-memset.o)
 .debug_loc     0x0000000000000733       0xfa ../led_accelerometer_bsp/\libhal_bsp.a(alt_irq_register.o)
 .debug_loc     0x000000000000082d      0x1de ../led_accelerometer_bsp/\libhal_bsp.a(alt_printf.o)
 .debug_loc     0x0000000000000a0b       0x2c ../led_accelerometer_bsp/\libhal_bsp.a(alt_putchar.o)
 .debug_loc     0x0000000000000a37       0x21 ../led_accelerometer_bsp/\libhal_bsp.a(alt_sys_init.o)
 .debug_loc     0x0000000000000a58       0x8b ../led_accelerometer_bsp/\libhal_bsp.a(altera_avalon_jtag_uart_write.o)
 .debug_loc     0x0000000000000ae3       0x63 ../led_accelerometer_bsp/\libhal_bsp.a(altera_up_avalon_accelerometer_spi.o)
 .debug_loc     0x0000000000000b46       0x7e ../led_accelerometer_bsp/\libhal_bsp.a(alt_dev_llist_insert.o)
 .debug_loc     0x0000000000000bc4       0x7e ../led_accelerometer_bsp/\libhal_bsp.a(alt_find_dev.o)
 .debug_loc     0x0000000000000c42       0x72 ../led_accelerometer_bsp/\libhal_bsp.a(alt_irq_handler.o)
 .debug_loc     0x0000000000000cb4       0x65 ../led_accelerometer_bsp/\libhal_bsp.a(alt_instruction_exception_entry.o)
 .debug_loc     0x0000000000000d19       0x94 d:/intelfpga_lite/18.1/nios2eds/bin/gnu/h-x86_64-mingw32/bin/../lib/gcc/nios2-elf/5.3.0/../../../../../H-x86_64-mingw32/nios2-elf/lib/mno-hw-mul\libsmallc.a(lib_a-memcmp.o)
 .debug_loc     0x0000000000000dad       0x1e d:/intelfpga_lite/18.1/nios2eds/bin/gnu/h-x86_64-mingw32/bin/../lib/gcc/nios2-elf/5.3.0/../../../../../H-x86_64-mingw32/nios2-elf/lib/mno-hw-mul\libsmallc.a(lib_a-strlen.o)

.debug_macinfo
 *(.debug_macinfo)

.debug_weaknames
 *(.debug_weaknames)

.debug_funcnames
 *(.debug_funcnames)

.debug_typenames
 *(.debug_typenames)

.debug_varnames
 *(.debug_varnames)

.debug_alt_sim_info
                0x0000000000000000       0x10
 *(.debug_alt_sim_info)
 .debug_alt_sim_info
                0x0000000000000000       0x10 ../led_accelerometer_bsp//obj/HAL/src/crt0.o
                0x0000000000020000                __alt_data_end = 0x20000
                0x0000000000020000                PROVIDE (__alt_stack_pointer, __alt_data_end)
                [!provide]                        PROVIDE (__alt_stack_limit, __alt_stack_base)
                [!provide]                        PROVIDE (__alt_heap_start, end)
                [!provide]                        PROVIDE (__alt_heap_limit, 0x20000)
OUTPUT(led_accelerometer.elf elf32-littlenios2)

.debug_ranges   0x0000000000000000      0x1f8
 .debug_ranges  0x0000000000000000       0x20 ../led_accelerometer_bsp//obj/HAL/src/crt0.o
 .debug_ranges  0x0000000000000020       0x30 obj/default/led_acceleromter_2D.o
 .debug_ranges  0x0000000000000050       0x60 d:/intelfpga_lite/18.1/nios2eds/bin/gnu/h-x86_64-mingw32/bin/../lib/gcc/nios2-elf/5.3.0/mno-hw-mul\libgcc.a(lib2-divmod.o)
 .debug_ranges  0x00000000000000b0       0x10 d:/intelfpga_lite/18.1/nios2eds/bin/gnu/h-x86_64-mingw32/bin/../lib/gcc/nios2-elf/5.3.0/../../../../../H-x86_64-mingw32/nios2-elf/lib/mno-hw-mul\libsmallc.a(lib_a-memset.o)
 .debug_ranges  0x00000000000000c0       0x48 ../led_accelerometer_bsp/\libhal_bsp.a(alt_load.o)
 .debug_ranges  0x0000000000000108       0x18 ../led_accelerometer_bsp/\libhal_bsp.a(alt_printf.o)
 .debug_ranges  0x0000000000000120       0x18 ../led_accelerometer_bsp/\libhal_bsp.a(alt_sys_init.o)
 .debug_ranges  0x0000000000000138       0x20 ../led_accelerometer_bsp/\libhal_bsp.a(alt_dev_llist_insert.o)
 .debug_ranges  0x0000000000000158       0x28 ../led_accelerometer_bsp/\libhal_bsp.a(alt_irq_entry.o)
 .debug_ranges  0x0000000000000180       0x10 ../led_accelerometer_bsp/\libhal_bsp.a(alt_irq_handler.o)
 .debug_ranges  0x0000000000000190       0x30 ../led_accelerometer_bsp/\libhal_bsp.a(alt_exception_entry.o)
 .debug_ranges  0x00000000000001c0       0x18 ../led_accelerometer_bsp/\libhal_bsp.a(alt_instruction_exception_entry.o)
 .debug_ranges  0x00000000000001d8       0x10 d:/intelfpga_lite/18.1/nios2eds/bin/gnu/h-x86_64-mingw32/bin/../lib/gcc/nios2-elf/5.3.0/../../../../../H-x86_64-mingw32/nios2-elf/lib/mno-hw-mul\libsmallc.a(lib_a-memcmp.o)
 .debug_ranges  0x00000000000001e8       0x10 d:/intelfpga_lite/18.1/nios2eds/bin/gnu/h-x86_64-mingw32/bin/../lib/gcc/nios2-elf/5.3.0/../../../../../H-x86_64-mingw32/nios2-elf/lib/mno-hw-mul\libsmallc.a(lib_a-strlen.o)
