Archive member included to satisfy reference by file (symbol)

../led_accelerometer_bsp/\libhal_bsp.a(alt_irq_register.o)
                              obj/default/led_acceleromter_2D.o (alt_irq_register)
../led_accelerometer_bsp/\libhal_bsp.a(alt_irq_vars.o)
                              ../led_accelerometer_bsp/\libhal_bsp.a(alt_irq_register.o) (alt_irq_active)
../led_accelerometer_bsp/\libhal_bsp.a(alt_load.o)
                              ../led_accelerometer_bsp//obj/HAL/src/crt0.o (alt_load)
../led_accelerometer_bsp/\libhal_bsp.a(alt_main.o)
                              ../led_accelerometer_bsp//obj/HAL/src/crt0.o (alt_main)
../led_accelerometer_bsp/\libhal_bsp.a(alt_printf.o)
                              obj/default/led_acceleromter_2D.o (alt_printf)
../led_accelerometer_bsp/\libhal_bsp.a(alt_putchar.o)
                              ../led_accelerometer_bsp/\libhal_bsp.a(alt_printf.o) (alt_putchar)
../led_accelerometer_bsp/\libhal_bsp.a(alt_sys_init.o)
                              ../led_accelerometer_bsp/\libhal_bsp.a(alt_main.o) (alt_irq_init)
../led_accelerometer_bsp/\libhal_bsp.a(altera_avalon_jtag_uart_write.o)
                              ../led_accelerometer_bsp/\libhal_bsp.a(alt_putchar.o) (altera_avalon_jtag_uart_write)
../led_accelerometer_bsp/\libhal_bsp.a(altera_up_avalon_accelerometer_spi.o)
                              obj/default/led_acceleromter_2D.o (alt_up_accelerometer_spi_open_dev)
../led_accelerometer_bsp/\libhal_bsp.a(alt_dcache_flush_all.o)
                              ../led_accelerometer_bsp/\libhal_bsp.a(alt_load.o) (alt_dcache_flush_all)
../led_accelerometer_bsp/\libhal_bsp.a(alt_dev.o)
                              ../led_accelerometer_bsp/\libhal_bsp.a(alt_sys_init.o) (alt_dev_list)
../led_accelerometer_bsp/\libhal_bsp.a(alt_dev_llist_insert.o)
                              ../led_accelerometer_bsp/\libhal_bsp.a(alt_sys_init.o) (alt_dev_llist_insert)
../led_accelerometer_bsp/\libhal_bsp.a(alt_errno.o)
                              ../led_accelerometer_bsp/\libhal_bsp.a(alt_dev_llist_insert.o) (alt_errno)
../led_accelerometer_bsp/\libhal_bsp.a(alt_find_dev.o)
                              ../led_accelerometer_bsp/\libhal_bsp.a(altera_up_avalon_accelerometer_spi.o) (alt_find_dev)
../led_accelerometer_bsp/\libhal_bsp.a(alt_icache_flush_all.o)
                              ../led_accelerometer_bsp/\libhal_bsp.a(alt_load.o) (alt_icache_flush_all)
../led_accelerometer_bsp/\libhal_bsp.a(alt_irq_entry.o)
                              ../led_accelerometer_bsp/\libhal_bsp.a(alt_irq_register.o) (alt_irq_entry)
../led_accelerometer_bsp/\libhal_bsp.a(alt_irq_handler.o)
                              ../led_accelerometer_bsp/\libhal_bsp.a(alt_irq_register.o) (alt_irq_handler)
../led_accelerometer_bsp/\libhal_bsp.a(altera_nios2_gen2_irq.o)
                              ../led_accelerometer_bsp/\libhal_bsp.a(alt_sys_init.o) (altera_nios2_gen2_irq_init)
../led_accelerometer_bsp/\libhal_bsp.a(alt_exception_entry.o)
                              ../led_accelerometer_bsp/\libhal_bsp.a(alt_irq_entry.o) (alt_exception)
../led_accelerometer_bsp/\libhal_bsp.a(alt_instruction_exception_entry.o)
                              ../led_accelerometer_bsp/\libhal_bsp.a(alt_exception_entry.o) (alt_instruction_exception_entry)
d:/intelfpga_lite/18.1/nios2eds/bin/gnu/h-x86_64-mingw32/bin/../lib/gcc/nios2-elf/5.3.0/../../../../../H-x86_64-mingw32/nios2-elf/lib/mno-hw-mul\libsmallc.a(lib_a-int_errno.o)
                              ../led_accelerometer_bsp/\libhal_bsp.a(alt_dev_llist_insert.o) (errno)
d:/intelfpga_lite/18.1/nios2eds/bin/gnu/h-x86_64-mingw32/bin/../lib/gcc/nios2-elf/5.3.0/../../../../../H-x86_64-mingw32/nios2-elf/lib/mno-hw-mul\libsmallc.a(lib_a-memcmp.o)
                              ../led_accelerometer_bsp/\libhal_bsp.a(alt_find_dev.o) (memcmp)
d:/intelfpga_lite/18.1/nios2eds/bin/gnu/h-x86_64-mingw32/bin/../lib/gcc/nios2-elf/5.3.0/../../../../../H-x86_64-mingw32/nios2-elf/lib/mno-hw-mul\libsmallc.a(lib_a-strlen.o)
                              ../led_accelerometer_bsp/\libhal_bsp.a(alt_find_dev.o) (strlen)

Allocating common symbols
Common symbol       size              file

alt_irq             0x100             ../led_accelerometer_bsp/\libhal_bsp.a(alt_irq_handler.o)
errno               0x4               d:/intelfpga_lite/18.1/nios2eds/bin/gnu/h-x86_64-mingw32/bin/../lib/gcc/nios2-elf/5.3.0/../../../../../H-x86_64-mingw32/nios2-elf/lib/mno-hw-mul\libsmallc.a(lib_a-int_errno.o)
led                 0x1               obj/default/led_acceleromter_2D.o
level               0x4               obj/default/led_acceleromter_2D.o

Memory Configuration

Name             Origin             Length             Attributes
reset            0x0000000000010000 0x0000000000000020
onchip_memory    0x0000000000010020 0x000000000000ffe0
*default*        0x0000000000000000 0xffffffffffffffff

Linker script and memory map

LOAD ../led_accelerometer_bsp//obj/HAL/src/crt0.o
LOAD obj/default/led_acceleromter_2D.o
LOAD d:/intelfpga_lite/18.1/nios2eds/bin/gnu/h-x86_64-mingw32/bin/../lib/gcc/nios2-elf/5.3.0/../../../../../H-x86_64-mingw32/nios2-elf/lib/mno-hw-mul\libstdc++.a
LOAD d:/intelfpga_lite/18.1/nios2eds/bin/gnu/h-x86_64-mingw32/bin/../lib/gcc/nios2-elf/5.3.0/../../../../../H-x86_64-mingw32/nios2-elf/lib/mno-hw-mul\libm.a
LOAD d:/intelfpga_lite/18.1/nios2eds/bin/gnu/h-x86_64-mingw32/bin/../lib/gcc/nios2-elf/5.3.0/mno-hw-mul\libgcc.a
START GROUP
LOAD d:/intelfpga_lite/18.1/nios2eds/bin/gnu/h-x86_64-mingw32/bin/../lib/gcc/nios2-elf/5.3.0/../../../../../H-x86_64-mingw32/nios2-elf/lib/mno-hw-mul\libsmallc.a
LOAD d:/intelfpga_lite/18.1/nios2eds/bin/gnu/h-x86_64-mingw32/bin/../lib/gcc/nios2-elf/5.3.0/mno-hw-mul\libgcc.a
LOAD ../led_accelerometer_bsp/\libhal_bsp.a
LOAD d:/intelfpga_lite/18.1/nios2eds/bin/gnu/h-x86_64-mingw32/bin/../lib/gcc/nios2-elf/5.3.0/../../../../../H-x86_64-mingw32/nios2-elf/lib/mno-hw-mul\libm.a
END GROUP
LOAD d:/intelfpga_lite/18.1/nios2eds/bin/gnu/h-x86_64-mingw32/bin/../lib/gcc/nios2-elf/5.3.0/mno-hw-mul\libgcc.a
                0x0000000000010000                __alt_mem_onchip_memory = 0x10000

.entry          0x0000000000010000       0x20
 *(.entry)
 .entry         0x0000000000010000       0x20 ../led_accelerometer_bsp//obj/HAL/src/crt0.o
                0x0000000000010000                __reset
                0x000000000001000c                _exit

.exceptions     0x0000000000010020      0x160
                0x0000000000010020                PROVIDE (__ram_exceptions_start, ABSOLUTE (.))
                0x0000000000010020                . = ALIGN (0x20)
 *(.irq)
 *(.exceptions.entry.label)
 .exceptions.entry.label
                0x0000000000010020        0x0 ../led_accelerometer_bsp/\libhal_bsp.a(alt_irq_entry.o)
                0x0000000000010020                alt_irq_entry
 .exceptions.entry.label
                0x0000000000010020        0x0 ../led_accelerometer_bsp/\libhal_bsp.a(alt_exception_entry.o)
                0x0000000000010020                alt_exception
 *(.exceptions.entry.user)
 *(.exceptions.entry.ecc_fatal)
 *(.exceptions.entry)
 .exceptions.entry
                0x0000000000010020       0x54 ../led_accelerometer_bsp/\libhal_bsp.a(alt_exception_entry.o)
 *(.exceptions.irqtest.user)
 *(.exceptions.irqtest)
 .exceptions.irqtest
                0x0000000000010074       0x10 ../led_accelerometer_bsp/\libhal_bsp.a(alt_irq_entry.o)
 *(.exceptions.irqhandler.user)
 *(.exceptions.irqhandler)
 .exceptions.irqhandler
                0x0000000000010084        0x4 ../led_accelerometer_bsp/\libhal_bsp.a(alt_irq_entry.o)
 *(.exceptions.irqreturn.user)
 *(.exceptions.irqreturn)
 .exceptions.irqreturn
                0x0000000000010088        0x4 ../led_accelerometer_bsp/\libhal_bsp.a(alt_irq_entry.o)
 *(.exceptions.notirq.label)
 .exceptions.notirq.label
                0x000000000001008c        0x0 ../led_accelerometer_bsp/\libhal_bsp.a(alt_irq_entry.o)
 *(.exceptions.notirq.user)
 *(.exceptions.notirq)
 .exceptions.notirq
                0x000000000001008c        0x8 ../led_accelerometer_bsp/\libhal_bsp.a(alt_exception_entry.o)
 *(.exceptions.soft.user)
 *(.exceptions.soft)
 *(.exceptions.unknown.user)
 *(.exceptions.unknown)
 .exceptions.unknown
                0x0000000000010094       0x14 ../led_accelerometer_bsp/\libhal_bsp.a(alt_exception_entry.o)
 *(.exceptions.exit.label)
 .exceptions.exit.label
                0x00000000000100a8        0x0 ../led_accelerometer_bsp/\libhal_bsp.a(alt_irq_entry.o)
 .exceptions.exit.label
                0x00000000000100a8        0x0 ../led_accelerometer_bsp/\libhal_bsp.a(alt_exception_entry.o)
 *(.exceptions.exit.user)
 *(.exceptions.exit)
 .exceptions.exit
                0x00000000000100a8       0x54 ../led_accelerometer_bsp/\libhal_bsp.a(alt_exception_entry.o)
 *(.exceptions)
 .exceptions    0x00000000000100fc       0x60 ../led_accelerometer_bsp/\libhal_bsp.a(alt_irq_handler.o)
                0x00000000000100fc                alt_irq_handler
 .exceptions    0x000000000001015c       0x24 ../led_accelerometer_bsp/\libhal_bsp.a(alt_instruction_exception_entry.o)
                0x000000000001015c                alt_instruction_exception_entry
                0x0000000000010180                PROVIDE (__ram_exceptions_end, ABSOLUTE (.))
                0x0000000000010020                PROVIDE (__flash_exceptions_start, LOADADDR (.exceptions))

.text           0x0000000000010180      0x900
                [!provide]                        PROVIDE (stext, ABSOLUTE (.))
 *(.interp)
 *(.hash)
 *(.dynsym)
 *(.dynstr)
 *(.gnu.version)
 *(.gnu.version_d)
 *(.gnu.version_r)
 *(.rel.init)
 *(.rela.init)
 *(.rel.text .rel.text.* .rel.gnu.linkonce.t.*)
 *(.rela.text .rela.text.* .rela.gnu.linkonce.t.*)
 *(.rel.fini)
 *(.rela.fini)
 *(.rel.rodata .rel.rodata.* .rel.gnu.linkonce.r.*)
 *(.rela.rodata .rela.rodata.* .rela.gnu.linkonce.r.*)
 *(.rel.data .rel.data.* .rel.gnu.linkonce.d.*)
 *(.rela.data .rela.data.* .rela.gnu.linkonce.d.*)
 *(.rel.tdata .rel.tdata.* .rel.gnu.linkonce.td.*)
 *(.rela.tdata .rela.tdata.* .rela.gnu.linkonce.td.*)
 *(.rel.tbss .rel.tbss.* .rel.gnu.linkonce.tb.*)
 *(.rela.tbss .rela.tbss.* .rela.gnu.linkonce.tb.*)
 *(.rel.ctors)
 *(.rela.ctors)
 *(.rel.dtors)
 *(.rela.dtors)
 *(.rel.got)
 *(.rela.got)
 *(.rel.sdata .rel.sdata.* .rel.gnu.linkonce.s.*)
 *(.rela.sdata .rela.sdata.* .rela.gnu.linkonce.s.*)
 *(.rel.sbss .rel.sbss.* .rel.gnu.linkonce.sb.*)
 *(.rela.sbss .rela.sbss.* .rela.gnu.linkonce.sb.*)
 *(.rel.sdata2 .rel.sdata2.* .rel.gnu.linkonce.s2.*)
 *(.rela.sdata2 .rela.sdata2.* .rela.gnu.linkonce.s2.*)
 *(.rel.sbss2 .rel.sbss2.* .rel.gnu.linkonce.sb2.*)
 *(.rela.sbss2 .rela.sbss2.* .rela.gnu.linkonce.sb2.*)
 *(.rel.bss .rel.bss.* .rel.gnu.linkonce.b.*)
 *(.rela.bss .rela.bss.* .rela.gnu.linkonce.b.*)
 *(.rel.plt)
 *(.rela.plt)
 *(.rel.dyn)
 *(.init)
 *(.plt)
 *(.text .stub .text.* .gnu.linkonce.t.*)
 .text          0x0000000000010180       0x3c ../led_accelerometer_bsp//obj/HAL/src/crt0.o
                0x0000000000010180                _start
 .text          0x00000000000101bc      0x138 obj/default/led_acceleromter_2D.o
                0x00000000000101bc                sys_timer_isr
                0x000000000001023c                led_write
                0x0000000000010250                convert_read
                0x0000000000010284                timer_init
 .text.startup  0x00000000000102f4       0xb8 obj/default/led_acceleromter_2D.o
                0x00000000000102f4                main
 .text          0x00000000000103ac       0x94 ../led_accelerometer_bsp/\libhal_bsp.a(alt_irq_register.o)
                0x00000000000103ac                alt_irq_register
 .text          0x0000000000010440        0x0 ../led_accelerometer_bsp/\libhal_bsp.a(alt_irq_vars.o)
 .text          0x0000000000010440       0xe0 ../led_accelerometer_bsp/\libhal_bsp.a(alt_load.o)
                0x0000000000010440                alt_load
 .text          0x0000000000010520       0x2c ../led_accelerometer_bsp/\libhal_bsp.a(alt_main.o)
                0x0000000000010520                alt_main
 .text          0x000000000001054c      0x170 ../led_accelerometer_bsp/\libhal_bsp.a(alt_printf.o)
                0x000000000001054c                alt_printf
 .text          0x00000000000106bc       0x48 ../led_accelerometer_bsp/\libhal_bsp.a(alt_putchar.o)
                0x00000000000106bc                alt_putchar
 .text          0x0000000000010704       0x30 ../led_accelerometer_bsp/\libhal_bsp.a(alt_sys_init.o)
                0x0000000000010704                alt_irq_init
                0x0000000000010724                alt_sys_init
 .text          0x0000000000010734       0x34 ../led_accelerometer_bsp/\libhal_bsp.a(altera_avalon_jtag_uart_write.o)
                0x0000000000010734                altera_avalon_jtag_uart_write
 .text          0x0000000000010768      0x160 ../led_accelerometer_bsp/\libhal_bsp.a(altera_up_avalon_accelerometer_spi.o)
                0x0000000000010768                alt_up_accelerometer_spi_open_dev
                0x0000000000010770                alt_up_accelerometer_spi_read_address_register
                0x0000000000010784                alt_up_accelerometer_spi_read
                0x00000000000107a4                alt_up_accelerometer_spi_write
                0x00000000000107c0                alt_up_accelerometer_spi_read_x_axis
                0x0000000000010818                alt_up_accelerometer_spi_read_y_axis
                0x0000000000010870                alt_up_accelerometer_spi_read_z_axis
 .text          0x00000000000108c8        0x4 ../led_accelerometer_bsp/\libhal_bsp.a(alt_dcache_flush_all.o)
                0x00000000000108c8                alt_dcache_flush_all
 .text          0x00000000000108cc        0x8 ../led_accelerometer_bsp/\libhal_bsp.a(alt_dev.o)
 .text          0x00000000000108d4       0x6c ../led_accelerometer_bsp/\libhal_bsp.a(alt_dev_llist_insert.o)
                0x00000000000108d4                alt_dev_llist_insert
 .text          0x0000000000010940        0x0 ../led_accelerometer_bsp/\libhal_bsp.a(alt_errno.o)
 .text          0x0000000000010940       0x74 ../led_accelerometer_bsp/\libhal_bsp.a(alt_find_dev.o)
                0x0000000000010940                alt_find_dev
 .text          0x00000000000109b4        0x4 ../led_accelerometer_bsp/\libhal_bsp.a(alt_icache_flush_all.o)
                0x00000000000109b4                alt_icache_flush_all
 .text          0x00000000000109b8        0x0 ../led_accelerometer_bsp/\libhal_bsp.a(alt_irq_entry.o)
 .text          0x00000000000109b8        0x0 ../led_accelerometer_bsp/\libhal_bsp.a(alt_irq_handler.o)
 .text          0x00000000000109b8        0x8 ../led_accelerometer_bsp/\libhal_bsp.a(altera_nios2_gen2_irq.o)
                0x00000000000109b8                altera_nios2_gen2_irq_init
 .text          0x00000000000109c0        0x0 ../led_accelerometer_bsp/\libhal_bsp.a(alt_exception_entry.o)
 .text          0x00000000000109c0       0x74 ../led_accelerometer_bsp/\libhal_bsp.a(alt_instruction_exception_entry.o)
                0x00000000000109c0                alt_exception_cause_generated_bad_addr
 .text          0x0000000000010a34        0x0 d:/intelfpga_lite/18.1/nios2eds/bin/gnu/h-x86_64-mingw32/bin/../lib/gcc/nios2-elf/5.3.0/../../../../../H-x86_64-mingw32/nios2-elf/lib/mno-hw-mul\libsmallc.a(lib_a-int_errno.o)
 .text          0x0000000000010a34        0x0 d:/intelfpga_lite/18.1/nios2eds/bin/gnu/h-x86_64-mingw32/bin/../lib/gcc/nios2-elf/5.3.0/../../../../../H-x86_64-mingw32/nios2-elf/lib/mno-hw-mul\libsmallc.a(lib_a-memcmp.o)
 .text.memcmp   0x0000000000010a34       0x30 d:/intelfpga_lite/18.1/nios2eds/bin/gnu/h-x86_64-mingw32/bin/../lib/gcc/nios2-elf/5.3.0/../../../../../H-x86_64-mingw32/nios2-elf/lib/mno-hw-mul\libsmallc.a(lib_a-memcmp.o)
                0x0000000000010a34                memcmp
 .text          0x0000000000010a64        0x0 d:/intelfpga_lite/18.1/nios2eds/bin/gnu/h-x86_64-mingw32/bin/../lib/gcc/nios2-elf/5.3.0/../../../../../H-x86_64-mingw32/nios2-elf/lib/mno-hw-mul\libsmallc.a(lib_a-strlen.o)
 .text.strlen   0x0000000000010a64       0x1c d:/intelfpga_lite/18.1/nios2eds/bin/gnu/h-x86_64-mingw32/bin/../lib/gcc/nios2-elf/5.3.0/../../../../../H-x86_64-mingw32/nios2-elf/lib/mno-hw-mul\libsmallc.a(lib_a-strlen.o)
                0x0000000000010a64                strlen
 *(.gnu.warning.*)
 *(.fini)
                [!provide]                        PROVIDE (__etext, ABSOLUTE (.))
                [!provide]                        PROVIDE (_etext, ABSOLUTE (.))
                [!provide]                        PROVIDE (etext, ABSOLUTE (.))
 *(.eh_frame_hdr)
                0x0000000000010a80                . = ALIGN (0x4)
                [!provide]                        PROVIDE (__preinit_array_start, ABSOLUTE (.))
 *(.preinit_array)
                [!provide]                        PROVIDE (__preinit_array_end, ABSOLUTE (.))
                [!provide]                        PROVIDE (__init_array_start, ABSOLUTE (.))
 *(.init_array)
                [!provide]                        PROVIDE (__init_array_end, ABSOLUTE (.))
                [!provide]                        PROVIDE (__fini_array_start, ABSOLUTE (.))
 *(.fini_array)
                [!provide]                        PROVIDE (__fini_array_end, ABSOLUTE (.))
 *(.eh_frame)
 *(.gcc_except_table .gcc_except_table.*)
 *(.dynamic)
                [!provide]                        PROVIDE (__CTOR_LIST__, ABSOLUTE (.))
 *(.ctors)
 *(SORT(.ctors.*))
                [!provide]                        PROVIDE (__CTOR_END__, ABSOLUTE (.))
                [!provide]                        PROVIDE (__DTOR_LIST__, ABSOLUTE (.))
 *(.dtors)
 *(SORT(.dtors.*))
                [!provide]                        PROVIDE (__DTOR_END__, ABSOLUTE (.))
 *(.jcr)
                0x0000000000010a80                . = ALIGN (0x4)

.rodata         0x0000000000010a80       0x64
                0x0000000000010a80                PROVIDE (__ram_rodata_start, ABSOLUTE (.))
                0x0000000000010a80                . = ALIGN (0x4)
 *(.rodata .rodata.* .gnu.linkonce.r.*)
 .rodata.str1.4
                0x0000000000010a80       0x57 obj/default/led_acceleromter_2D.o
 .rodata.str1.4
                0x0000000000010ad7       0x17 ../led_accelerometer_bsp/\libhal_bsp.a(alt_sys_init.o)
 *fill*         0x0000000000010ad7        0x1 
 .rodata.str1.4
                0x0000000000010ad8        0xc ../led_accelerometer_bsp/\libhal_bsp.a(alt_dev.o)
                                          0xa (size before relaxing)
 *(.rodata1)
                0x0000000000010ae4                . = ALIGN (0x4)
                0x0000000000010ae4                PROVIDE (__ram_rodata_end, ABSOLUTE (.))
                0x0000000000010a80                PROVIDE (__flash_rodata_start, LOADADDR (.rodata))

.rwdata         0x0000000000010ae4       0xa4 load address 0x0000000000010b88
                0x0000000000010ae4                PROVIDE (__ram_rwdata_start, ABSOLUTE (.))
                0x0000000000010ae4                . = ALIGN (0x4)
 *(.got.plt)
 *(.got)
 *(.data1)
 *(.data .data.* .gnu.linkonce.d.*)
 .data          0x0000000000010ae4        0x0 ../led_accelerometer_bsp//obj/HAL/src/crt0.o
 .data          0x0000000000010ae4        0x0 obj/default/led_acceleromter_2D.o
 .data          0x0000000000010ae4        0x0 ../led_accelerometer_bsp/\libhal_bsp.a(alt_irq_register.o)
 .data          0x0000000000010ae4        0x0 ../led_accelerometer_bsp/\libhal_bsp.a(alt_irq_vars.o)
 .data          0x0000000000010ae4        0x0 ../led_accelerometer_bsp/\libhal_bsp.a(alt_load.o)
 .data          0x0000000000010ae4        0x0 ../led_accelerometer_bsp/\libhal_bsp.a(alt_main.o)
 .data          0x0000000000010ae4        0x0 ../led_accelerometer_bsp/\libhal_bsp.a(alt_printf.o)
 .data          0x0000000000010ae4        0x0 ../led_accelerometer_bsp/\libhal_bsp.a(alt_putchar.o)
 .data          0x0000000000010ae4       0x2c ../led_accelerometer_bsp/\libhal_bsp.a(alt_sys_init.o)
 .data          0x0000000000010b10        0x0 ../led_accelerometer_bsp/\libhal_bsp.a(altera_avalon_jtag_uart_write.o)
 .data          0x0000000000010b10        0x0 ../led_accelerometer_bsp/\libhal_bsp.a(altera_up_avalon_accelerometer_spi.o)
 .data          0x0000000000010b10        0x0 ../led_accelerometer_bsp/\libhal_bsp.a(alt_dcache_flush_all.o)
 .data          0x0000000000010b10       0x58 ../led_accelerometer_bsp/\libhal_bsp.a(alt_dev.o)
                0x0000000000010b10                alt_fd_list
                0x0000000000010b40                alt_dev_null
 .data          0x0000000000010b68        0x0 ../led_accelerometer_bsp/\libhal_bsp.a(alt_dev_llist_insert.o)
 .data          0x0000000000010b68        0x0 ../led_accelerometer_bsp/\libhal_bsp.a(alt_errno.o)
 .data          0x0000000000010b68        0x0 ../led_accelerometer_bsp/\libhal_bsp.a(alt_find_dev.o)
 .data          0x0000000000010b68        0x0 ../led_accelerometer_bsp/\libhal_bsp.a(alt_icache_flush_all.o)
 .data          0x0000000000010b68        0x0 ../led_accelerometer_bsp/\libhal_bsp.a(alt_irq_entry.o)
 .data          0x0000000000010b68        0x0 ../led_accelerometer_bsp/\libhal_bsp.a(alt_irq_handler.o)
 .data          0x0000000000010b68        0x0 ../led_accelerometer_bsp/\libhal_bsp.a(altera_nios2_gen2_irq.o)
 .data          0x0000000000010b68        0x0 ../led_accelerometer_bsp/\libhal_bsp.a(alt_exception_entry.o)
 .data          0x0000000000010b68        0x0 ../led_accelerometer_bsp/\libhal_bsp.a(alt_instruction_exception_entry.o)
 .data          0x0000000000010b68        0x0 d:/intelfpga_lite/18.1/nios2eds/bin/gnu/h-x86_64-mingw32/bin/../lib/gcc/nios2-elf/5.3.0/../../../../../H-x86_64-mingw32/nios2-elf/lib/mno-hw-mul\libsmallc.a(lib_a-int_errno.o)
 .data          0x0000000000010b68        0x0 d:/intelfpga_lite/18.1/nios2eds/bin/gnu/h-x86_64-mingw32/bin/../lib/gcc/nios2-elf/5.3.0/../../../../../H-x86_64-mingw32/nios2-elf/lib/mno-hw-mul\libsmallc.a(lib_a-memcmp.o)
 .data          0x0000000000010b68        0x0 d:/intelfpga_lite/18.1/nios2eds/bin/gnu/h-x86_64-mingw32/bin/../lib/gcc/nios2-elf/5.3.0/../../../../../H-x86_64-mingw32/nios2-elf/lib/mno-hw-mul\libsmallc.a(lib_a-strlen.o)
                0x0000000000018b68                _gp = ABSOLUTE ((. + 0x8000))
                [!provide]                        PROVIDE (gp, _gp)
 *(.rwdata .rwdata.*)
 *(.sdata .sdata.* .gnu.linkonce.s.*)
 .sdata         0x0000000000010b68        0x4 ../led_accelerometer_bsp/\libhal_bsp.a(alt_irq_vars.o)
                0x0000000000010b68                alt_priority_mask
 .sdata         0x0000000000010b6c        0x4 ../led_accelerometer_bsp/\libhal_bsp.a(alt_sys_init.o)
                0x0000000000010b6c                jtag_uart
 .sdata         0x0000000000010b70       0x14 ../led_accelerometer_bsp/\libhal_bsp.a(alt_dev.o)
                0x0000000000010b70                alt_max_fd
                0x0000000000010b74                alt_dev_list
                0x0000000000010b7c                alt_fs_list
 .sdata         0x0000000000010b84        0x4 ../led_accelerometer_bsp/\libhal_bsp.a(alt_errno.o)
                0x0000000000010b84                alt_errno
 *(.sdata2 .sdata2.* .gnu.linkonce.s2.*)
                0x0000000000010b88                . = ALIGN (0x4)
                0x0000000000010b88                _edata = ABSOLUTE (.)
                [!provide]                        PROVIDE (edata, ABSOLUTE (.))
                0x0000000000010b88                PROVIDE (__ram_rwdata_end, ABSOLUTE (.))
                0x0000000000010b88                PROVIDE (__flash_rwdata_start, LOADADDR (.rwdata))

.bss            0x0000000000010c2c      0x124
                0x0000000000010c2c                __bss_start = ABSOLUTE (.)
                [!provide]                        PROVIDE (__sbss_start, ABSOLUTE (.))
                [!provide]                        PROVIDE (___sbss_start, ABSOLUTE (.))
 *(.dynsbss)
 *(.sbss .sbss.* .gnu.linkonce.sb.*)
 .sbss          0x0000000000010c2c        0x1 obj/default/led_acceleromter_2D.o
                0x0000000000010c2c                pwm
 *fill*         0x0000000000010c2d        0x3 
 .sbss          0x0000000000010c30        0x8 obj/default/led_acceleromter_2D.o
                0x0000000000010c30                led
                0x0000000000010c34                level
 .sbss          0x0000000000010c38        0x4 ../led_accelerometer_bsp/\libhal_bsp.a(alt_irq_vars.o)
                0x0000000000010c38                alt_irq_active
 .sbss          0x0000000000010c3c        0xc ../led_accelerometer_bsp/\libhal_bsp.a(alt_main.o)
                0x0000000000010c3c                alt_envp
                0x0000000000010c40                alt_argv
                0x0000000000010c44                alt_argc
 .sbss          0x0000000000010c48        0x4 ../led_accelerometer_bsp/\libhal_bsp.a(alt_instruction_exception_entry.o)
                0x0000000000010c48                alt_instruction_exception_handler
 .sbss          0x0000000000010c4c        0x4 d:/intelfpga_lite/18.1/nios2eds/bin/gnu/h-x86_64-mingw32/bin/../lib/gcc/nios2-elf/5.3.0/../../../../../H-x86_64-mingw32/nios2-elf/lib/mno-hw-mul\libsmallc.a(lib_a-int_errno.o)
                0x0000000000010c4c                errno
 *(.sbss2 .sbss2.* .gnu.linkonce.sb2.*)
 *(.scommon)
                [!provide]                        PROVIDE (__sbss_end, ABSOLUTE (.))
                [!provide]                        PROVIDE (___sbss_end, ABSOLUTE (.))
 *(.dynbss)
 *(.bss .bss.* .gnu.linkonce.b.*)
 .bss           0x0000000000010c50        0x0 ../led_accelerometer_bsp//obj/HAL/src/crt0.o
 .bss           0x0000000000010c50        0x0 obj/default/led_acceleromter_2D.o
 .bss           0x0000000000010c50        0x0 ../led_accelerometer_bsp/\libhal_bsp.a(alt_irq_register.o)
 .bss           0x0000000000010c50        0x0 ../led_accelerometer_bsp/\libhal_bsp.a(alt_irq_vars.o)
 .bss           0x0000000000010c50        0x0 ../led_accelerometer_bsp/\libhal_bsp.a(alt_load.o)
 .bss           0x0000000000010c50        0x0 ../led_accelerometer_bsp/\libhal_bsp.a(alt_main.o)
 .bss           0x0000000000010c50        0x0 ../led_accelerometer_bsp/\libhal_bsp.a(alt_printf.o)
 .bss           0x0000000000010c50        0x0 ../led_accelerometer_bsp/\libhal_bsp.a(alt_putchar.o)
 .bss           0x0000000000010c50        0x0 ../led_accelerometer_bsp/\libhal_bsp.a(alt_sys_init.o)
 .bss           0x0000000000010c50        0x0 ../led_accelerometer_bsp/\libhal_bsp.a(altera_avalon_jtag_uart_write.o)
 .bss           0x0000000000010c50        0x0 ../led_accelerometer_bsp/\libhal_bsp.a(altera_up_avalon_accelerometer_spi.o)
 .bss           0x0000000000010c50        0x0 ../led_accelerometer_bsp/\libhal_bsp.a(alt_dcache_flush_all.o)
 .bss           0x0000000000010c50        0x0 ../led_accelerometer_bsp/\libhal_bsp.a(alt_dev.o)
 .bss           0x0000000000010c50        0x0 ../led_accelerometer_bsp/\libhal_bsp.a(alt_dev_llist_insert.o)
 .bss           0x0000000000010c50        0x0 ../led_accelerometer_bsp/\libhal_bsp.a(alt_errno.o)
 .bss           0x0000000000010c50        0x0 ../led_accelerometer_bsp/\libhal_bsp.a(alt_find_dev.o)
 .bss           0x0000000000010c50        0x0 ../led_accelerometer_bsp/\libhal_bsp.a(alt_icache_flush_all.o)
 .bss           0x0000000000010c50        0x0 ../led_accelerometer_bsp/\libhal_bsp.a(alt_irq_entry.o)
 .bss           0x0000000000010c50        0x0 ../led_accelerometer_bsp/\libhal_bsp.a(alt_irq_handler.o)
 .bss           0x0000000000010c50        0x0 ../led_accelerometer_bsp/\libhal_bsp.a(altera_nios2_gen2_irq.o)
 .bss           0x0000000000010c50        0x0 ../led_accelerometer_bsp/\libhal_bsp.a(alt_exception_entry.o)
 .bss           0x0000000000010c50        0x0 ../led_accelerometer_bsp/\libhal_bsp.a(alt_instruction_exception_entry.o)
 .bss           0x0000000000010c50        0x0 d:/intelfpga_lite/18.1/nios2eds/bin/gnu/h-x86_64-mingw32/bin/../lib/gcc/nios2-elf/5.3.0/../../../../../H-x86_64-mingw32/nios2-elf/lib/mno-hw-mul\libsmallc.a(lib_a-int_errno.o)
 .bss           0x0000000000010c50        0x0 d:/intelfpga_lite/18.1/nios2eds/bin/gnu/h-x86_64-mingw32/bin/../lib/gcc/nios2-elf/5.3.0/../../../../../H-x86_64-mingw32/nios2-elf/lib/mno-hw-mul\libsmallc.a(lib_a-memcmp.o)
 .bss           0x0000000000010c50        0x0 d:/intelfpga_lite/18.1/nios2eds/bin/gnu/h-x86_64-mingw32/bin/../lib/gcc/nios2-elf/5.3.0/../../../../../H-x86_64-mingw32/nios2-elf/lib/mno-hw-mul\libsmallc.a(lib_a-strlen.o)
 *(COMMON)
 COMMON         0x0000000000010c50      0x100 ../led_accelerometer_bsp/\libhal_bsp.a(alt_irq_handler.o)
                0x0000000000010c50                alt_irq
                0x0000000000010d50                . = ALIGN (0x4)
                0x0000000000010d50                __bss_end = ABSOLUTE (.)

.onchip_memory  0x0000000000010d50        0x0
                [!provide]                        PROVIDE (_alt_partition_onchip_memory_start, ABSOLUTE (.))
 *(.onchip_memory .onchip_memory. onchip_memory.*)
                0x0000000000010d50                . = ALIGN (0x4)
                [!provide]                        PROVIDE (_alt_partition_onchip_memory_end, ABSOLUTE (.))
                0x0000000000010d50                _end = ABSOLUTE (.)
                0x0000000000010d50                end = ABSOLUTE (.)
                0x0000000000010d50                __alt_stack_base = ABSOLUTE (.)
                [!provide]                        PROVIDE (_alt_partition_onchip_memory_load_addr, LOADADDR (.onchip_memory))

.stab
 *(.stab)

.stabstr
 *(.stabstr)

.stab.excl
 *(.stab.excl)

.stab.exclstr
 *(.stab.exclstr)

.stab.index
 *(.stab.index)

.stab.indexstr
 *(.stab.indexstr)

.comment        0x0000000000000000       0x23
 *(.comment)
 .comment       0x0000000000000000       0x23 obj/default/led_acceleromter_2D.o
                                         0x24 (size before relaxing)
 .comment       0x0000000000000023       0x24 ../led_accelerometer_bsp/\libhal_bsp.a(alt_irq_register.o)
 .comment       0x0000000000000023       0x24 ../led_accelerometer_bsp/\libhal_bsp.a(alt_irq_vars.o)
 .comment       0x0000000000000023       0x24 ../led_accelerometer_bsp/\libhal_bsp.a(alt_load.o)
 .comment       0x0000000000000023       0x24 ../led_accelerometer_bsp/\libhal_bsp.a(alt_main.o)
 .comment       0x0000000000000023       0x24 ../led_accelerometer_bsp/\libhal_bsp.a(alt_printf.o)
 .comment       0x0000000000000023       0x24 ../led_accelerometer_bsp/\libhal_bsp.a(alt_putchar.o)
 .comment       0x0000000000000023       0x24 ../led_accelerometer_bsp/\libhal_bsp.a(alt_sys_init.o)
 .comment       0x0000000000000023       0x24 ../led_accelerometer_bsp/\libhal_bsp.a(altera_avalon_jtag_uart_write.o)
 .comment       0x0000000000000023       0x24 ../led_accelerometer_bsp/\libhal_bsp.a(altera_up_avalon_accelerometer_spi.o)
 .comment       0x0000000000000023       0x24 ../led_accelerometer_bsp/\libhal_bsp.a(alt_dcache_flush_all.o)
 .comment       0x0000000000000023       0x24 ../led_accelerometer_bsp/\libhal_bsp.a(alt_dev.o)
 .comment       0x0000000000000023       0x24 ../led_accelerometer_bsp/\libhal_bsp.a(alt_dev_llist_insert.o)
 .comment       0x0000000000000023       0x24 ../led_accelerometer_bsp/\libhal_bsp.a(alt_errno.o)
 .comment       0x0000000000000023       0x24 ../led_accelerometer_bsp/\libhal_bsp.a(alt_find_dev.o)
 .comment       0x0000000000000023       0x24 ../led_accelerometer_bsp/\libhal_bsp.a(alt_icache_flush_all.o)
 .comment       0x0000000000000023       0x24 ../led_accelerometer_bsp/\libhal_bsp.a(alt_irq_handler.o)
 .comment       0x0000000000000023       0x24 ../led_accelerometer_bsp/\libhal_bsp.a(altera_nios2_gen2_irq.o)
 .comment       0x0000000000000023       0x24 ../led_accelerometer_bsp/\libhal_bsp.a(alt_instruction_exception_entry.o)
 .comment       0x0000000000000023       0x24 d:/intelfpga_lite/18.1/nios2eds/bin/gnu/h-x86_64-mingw32/bin/../lib/gcc/nios2-elf/5.3.0/../../../../../H-x86_64-mingw32/nios2-elf/lib/mno-hw-mul\libsmallc.a(lib_a-int_errno.o)
 .comment       0x0000000000000023       0x24 d:/intelfpga_lite/18.1/nios2eds/bin/gnu/h-x86_64-mingw32/bin/../lib/gcc/nios2-elf/5.3.0/../../../../../H-x86_64-mingw32/nios2-elf/lib/mno-hw-mul\libsmallc.a(lib_a-memcmp.o)
 .comment       0x0000000000000023       0x24 d:/intelfpga_lite/18.1/nios2eds/bin/gnu/h-x86_64-mingw32/bin/../lib/gcc/nios2-elf/5.3.0/../../../../../H-x86_64-mingw32/nios2-elf/lib/mno-hw-mul\libsmallc.a(lib_a-strlen.o)

.debug
 *(.debug)

.line
 *(.line)

.debug_srcinfo
 *(.debug_srcinfo)

.debug_sfnames
 *(.debug_sfnames)

.debug_aranges  0x0000000000000000      0x348
 *(.debug_aranges)
 .debug_aranges
                0x0000000000000000       0x28 ../led_accelerometer_bsp//obj/HAL/src/crt0.o
 .debug_aranges
                0x0000000000000028       0x28 obj/default/led_acceleromter_2D.o
 .debug_aranges
                0x0000000000000050       0x20 ../led_accelerometer_bsp/\libhal_bsp.a(alt_irq_register.o)
 .debug_aranges
                0x0000000000000070       0x18 ../led_accelerometer_bsp/\libhal_bsp.a(alt_irq_vars.o)
 .debug_aranges
                0x0000000000000088       0x20 ../led_accelerometer_bsp/\libhal_bsp.a(alt_load.o)
 .debug_aranges
                0x00000000000000a8       0x20 ../led_accelerometer_bsp/\libhal_bsp.a(alt_main.o)
 .debug_aranges
                0x00000000000000c8       0x20 ../led_accelerometer_bsp/\libhal_bsp.a(alt_printf.o)
 .debug_aranges
                0x00000000000000e8       0x20 ../led_accelerometer_bsp/\libhal_bsp.a(alt_putchar.o)
 .debug_aranges
                0x0000000000000108       0x20 ../led_accelerometer_bsp/\libhal_bsp.a(alt_sys_init.o)
 .debug_aranges
                0x0000000000000128       0x20 ../led_accelerometer_bsp/\libhal_bsp.a(altera_avalon_jtag_uart_write.o)
 .debug_aranges
                0x0000000000000148       0x20 ../led_accelerometer_bsp/\libhal_bsp.a(altera_up_avalon_accelerometer_spi.o)
 .debug_aranges
                0x0000000000000168       0x20 ../led_accelerometer_bsp/\libhal_bsp.a(alt_dcache_flush_all.o)
 .debug_aranges
                0x0000000000000188       0x20 ../led_accelerometer_bsp/\libhal_bsp.a(alt_dev.o)
 .debug_aranges
                0x00000000000001a8       0x20 ../led_accelerometer_bsp/\libhal_bsp.a(alt_dev_llist_insert.o)
 .debug_aranges
                0x00000000000001c8       0x18 ../led_accelerometer_bsp/\libhal_bsp.a(alt_errno.o)
 .debug_aranges
                0x00000000000001e0       0x20 ../led_accelerometer_bsp/\libhal_bsp.a(alt_find_dev.o)
 .debug_aranges
                0x0000000000000200       0x20 ../led_accelerometer_bsp/\libhal_bsp.a(alt_icache_flush_all.o)
 .debug_aranges
                0x0000000000000220       0x30 ../led_accelerometer_bsp/\libhal_bsp.a(alt_irq_entry.o)
 .debug_aranges
                0x0000000000000250       0x20 ../led_accelerometer_bsp/\libhal_bsp.a(alt_irq_handler.o)
 .debug_aranges
                0x0000000000000270       0x20 ../led_accelerometer_bsp/\libhal_bsp.a(altera_nios2_gen2_irq.o)
 .debug_aranges
                0x0000000000000290       0x38 ../led_accelerometer_bsp/\libhal_bsp.a(alt_exception_entry.o)
 .debug_aranges
                0x00000000000002c8       0x28 ../led_accelerometer_bsp/\libhal_bsp.a(alt_instruction_exception_entry.o)
 .debug_aranges
                0x00000000000002f0       0x18 d:/intelfpga_lite/18.1/nios2eds/bin/gnu/h-x86_64-mingw32/bin/../lib/gcc/nios2-elf/5.3.0/../../../../../H-x86_64-mingw32/nios2-elf/lib/mno-hw-mul\libsmallc.a(lib_a-int_errno.o)
 .debug_aranges
                0x0000000000000308       0x20 d:/intelfpga_lite/18.1/nios2eds/bin/gnu/h-x86_64-mingw32/bin/../lib/gcc/nios2-elf/5.3.0/../../../../../H-x86_64-mingw32/nios2-elf/lib/mno-hw-mul\libsmallc.a(lib_a-memcmp.o)
 .debug_aranges
                0x0000000000000328       0x20 d:/intelfpga_lite/18.1/nios2eds/bin/gnu/h-x86_64-mingw32/bin/../lib/gcc/nios2-elf/5.3.0/../../../../../H-x86_64-mingw32/nios2-elf/lib/mno-hw-mul\libsmallc.a(lib_a-strlen.o)

.debug_pubnames
 *(.debug_pubnames)

.debug_info     0x0000000000000000     0x2cfa
 *(.debug_info .gnu.linkonce.wi.*)
 .debug_info    0x0000000000000000       0x82 ../led_accelerometer_bsp//obj/HAL/src/crt0.o
 .debug_info    0x0000000000000082      0x596 obj/default/led_acceleromter_2D.o
 .debug_info    0x0000000000000618      0x30d ../led_accelerometer_bsp/\libhal_bsp.a(alt_irq_register.o)
 .debug_info    0x0000000000000925       0x88 ../led_accelerometer_bsp/\libhal_bsp.a(alt_irq_vars.o)
 .debug_info    0x00000000000009ad      0x1c9 ../led_accelerometer_bsp/\libhal_bsp.a(alt_load.o)
 .debug_info    0x0000000000000b76      0x18f ../led_accelerometer_bsp/\libhal_bsp.a(alt_main.o)
 .debug_info    0x0000000000000d05      0x14d ../led_accelerometer_bsp/\libhal_bsp.a(alt_printf.o)
 .debug_info    0x0000000000000e52      0x12a ../led_accelerometer_bsp/\libhal_bsp.a(alt_putchar.o)
 .debug_info    0x0000000000000f7c      0x459 ../led_accelerometer_bsp/\libhal_bsp.a(alt_sys_init.o)
 .debug_info    0x00000000000013d5      0x1ad ../led_accelerometer_bsp/\libhal_bsp.a(altera_avalon_jtag_uart_write.o)
 .debug_info    0x0000000000001582      0x479 ../led_accelerometer_bsp/\libhal_bsp.a(altera_up_avalon_accelerometer_spi.o)
 .debug_info    0x00000000000019fb       0x92 ../led_accelerometer_bsp/\libhal_bsp.a(alt_dcache_flush_all.o)
 .debug_info    0x0000000000001a8d      0x499 ../led_accelerometer_bsp/\libhal_bsp.a(alt_dev.o)
 .debug_info    0x0000000000001f26      0x1b3 ../led_accelerometer_bsp/\libhal_bsp.a(alt_dev_llist_insert.o)
 .debug_info    0x00000000000020d9       0xa6 ../led_accelerometer_bsp/\libhal_bsp.a(alt_errno.o)
 .debug_info    0x000000000000217f      0x32d ../led_accelerometer_bsp/\libhal_bsp.a(alt_find_dev.o)
 .debug_info    0x00000000000024ac       0x92 ../led_accelerometer_bsp/\libhal_bsp.a(alt_icache_flush_all.o)
 .debug_info    0x000000000000253e       0x8b ../led_accelerometer_bsp/\libhal_bsp.a(alt_irq_entry.o)
 .debug_info    0x00000000000025c9      0x1a4 ../led_accelerometer_bsp/\libhal_bsp.a(alt_irq_handler.o)
 .debug_info    0x000000000000276d       0xb8 ../led_accelerometer_bsp/\libhal_bsp.a(altera_nios2_gen2_irq.o)
 .debug_info    0x0000000000002825       0x91 ../led_accelerometer_bsp/\libhal_bsp.a(alt_exception_entry.o)
 .debug_info    0x00000000000028b6      0x1fd ../led_accelerometer_bsp/\libhal_bsp.a(alt_instruction_exception_entry.o)
 .debug_info    0x0000000000002ab3       0x8a d:/intelfpga_lite/18.1/nios2eds/bin/gnu/h-x86_64-mingw32/bin/../lib/gcc/nios2-elf/5.3.0/../../../../../H-x86_64-mingw32/nios2-elf/lib/mno-hw-mul\libsmallc.a(lib_a-int_errno.o)
 .debug_info    0x0000000000002b3d       0xf4 d:/intelfpga_lite/18.1/nios2eds/bin/gnu/h-x86_64-mingw32/bin/../lib/gcc/nios2-elf/5.3.0/../../../../../H-x86_64-mingw32/nios2-elf/lib/mno-hw-mul\libsmallc.a(lib_a-memcmp.o)
 .debug_info    0x0000000000002c31       0xc9 d:/intelfpga_lite/18.1/nios2eds/bin/gnu/h-x86_64-mingw32/bin/../lib/gcc/nios2-elf/5.3.0/../../../../../H-x86_64-mingw32/nios2-elf/lib/mno-hw-mul\libsmallc.a(lib_a-strlen.o)

.debug_abbrev   0x0000000000000000     0x1314
 *(.debug_abbrev)
 .debug_abbrev  0x0000000000000000       0x12 ../led_accelerometer_bsp//obj/HAL/src/crt0.o
 .debug_abbrev  0x0000000000000012      0x23f obj/default/led_acceleromter_2D.o
 .debug_abbrev  0x0000000000000251      0x1a5 ../led_accelerometer_bsp/\libhal_bsp.a(alt_irq_register.o)
 .debug_abbrev  0x00000000000003f6       0x40 ../led_accelerometer_bsp/\libhal_bsp.a(alt_irq_vars.o)
 .debug_abbrev  0x0000000000000436       0xd8 ../led_accelerometer_bsp/\libhal_bsp.a(alt_load.o)
 .debug_abbrev  0x000000000000050e       0xf5 ../led_accelerometer_bsp/\libhal_bsp.a(alt_main.o)
 .debug_abbrev  0x0000000000000603       0xd5 ../led_accelerometer_bsp/\libhal_bsp.a(alt_printf.o)
 .debug_abbrev  0x00000000000006d8       0xd2 ../led_accelerometer_bsp/\libhal_bsp.a(alt_putchar.o)
 .debug_abbrev  0x00000000000007aa      0x1a5 ../led_accelerometer_bsp/\libhal_bsp.a(alt_sys_init.o)
 .debug_abbrev  0x000000000000094f       0xd5 ../led_accelerometer_bsp/\libhal_bsp.a(altera_avalon_jtag_uart_write.o)
 .debug_abbrev  0x0000000000000a24      0x119 ../led_accelerometer_bsp/\libhal_bsp.a(altera_up_avalon_accelerometer_spi.o)
 .debug_abbrev  0x0000000000000b3d       0x42 ../led_accelerometer_bsp/\libhal_bsp.a(alt_dcache_flush_all.o)
 .debug_abbrev  0x0000000000000b7f       0xd9 ../led_accelerometer_bsp/\libhal_bsp.a(alt_dev.o)
 .debug_abbrev  0x0000000000000c58      0x11c ../led_accelerometer_bsp/\libhal_bsp.a(alt_dev_llist_insert.o)
 .debug_abbrev  0x0000000000000d74       0x5a ../led_accelerometer_bsp/\libhal_bsp.a(alt_errno.o)
 .debug_abbrev  0x0000000000000dce      0x125 ../led_accelerometer_bsp/\libhal_bsp.a(alt_find_dev.o)
 .debug_abbrev  0x0000000000000ef3       0x42 ../led_accelerometer_bsp/\libhal_bsp.a(alt_icache_flush_all.o)
 .debug_abbrev  0x0000000000000f35       0x12 ../led_accelerometer_bsp/\libhal_bsp.a(alt_irq_entry.o)
 .debug_abbrev  0x0000000000000f47      0x138 ../led_accelerometer_bsp/\libhal_bsp.a(alt_irq_handler.o)
 .debug_abbrev  0x000000000000107f       0x67 ../led_accelerometer_bsp/\libhal_bsp.a(altera_nios2_gen2_irq.o)
 .debug_abbrev  0x00000000000010e6       0x12 ../led_accelerometer_bsp/\libhal_bsp.a(alt_exception_entry.o)
 .debug_abbrev  0x00000000000010f8       0xe7 ../led_accelerometer_bsp/\libhal_bsp.a(alt_instruction_exception_entry.o)
 .debug_abbrev  0x00000000000011df       0x37 d:/intelfpga_lite/18.1/nios2eds/bin/gnu/h-x86_64-mingw32/bin/../lib/gcc/nios2-elf/5.3.0/../../../../../H-x86_64-mingw32/nios2-elf/lib/mno-hw-mul\libsmallc.a(lib_a-int_errno.o)
 .debug_abbrev  0x0000000000001216       0x7f d:/intelfpga_lite/18.1/nios2eds/bin/gnu/h-x86_64-mingw32/bin/../lib/gcc/nios2-elf/5.3.0/../../../../../H-x86_64-mingw32/nios2-elf/lib/mno-hw-mul\libsmallc.a(lib_a-memcmp.o)
 .debug_abbrev  0x0000000000001295       0x7f d:/intelfpga_lite/18.1/nios2eds/bin/gnu/h-x86_64-mingw32/bin/../lib/gcc/nios2-elf/5.3.0/../../../../../H-x86_64-mingw32/nios2-elf/lib/mno-hw-mul\libsmallc.a(lib_a-strlen.o)

.debug_line     0x0000000000000000     0x1407
 *(.debug_line)
 .debug_line    0x0000000000000000       0x66 ../led_accelerometer_bsp//obj/HAL/src/crt0.o
 .debug_line    0x0000000000000066      0x1b4 obj/default/led_acceleromter_2D.o
 .debug_line    0x000000000000021a       0xed ../led_accelerometer_bsp/\libhal_bsp.a(alt_irq_register.o)
 .debug_line    0x0000000000000307       0x50 ../led_accelerometer_bsp/\libhal_bsp.a(alt_irq_vars.o)
 .debug_line    0x0000000000000357       0xa4 ../led_accelerometer_bsp/\libhal_bsp.a(alt_load.o)
 .debug_line    0x00000000000003fb       0xea ../led_accelerometer_bsp/\libhal_bsp.a(alt_main.o)
 .debug_line    0x00000000000004e5      0x112 ../led_accelerometer_bsp/\libhal_bsp.a(alt_printf.o)
 .debug_line    0x00000000000005f7       0x55 ../led_accelerometer_bsp/\libhal_bsp.a(alt_putchar.o)
 .debug_line    0x000000000000064c      0x178 ../led_accelerometer_bsp/\libhal_bsp.a(alt_sys_init.o)
 .debug_line    0x00000000000007c4      0x104 ../led_accelerometer_bsp/\libhal_bsp.a(altera_avalon_jtag_uart_write.o)
 .debug_line    0x00000000000008c8      0x131 ../led_accelerometer_bsp/\libhal_bsp.a(altera_up_avalon_accelerometer_spi.o)
 .debug_line    0x00000000000009f9       0x4e ../led_accelerometer_bsp/\libhal_bsp.a(alt_dcache_flush_all.o)
 .debug_line    0x0000000000000a47       0xf6 ../led_accelerometer_bsp/\libhal_bsp.a(alt_dev.o)
 .debug_line    0x0000000000000b3d       0xd8 ../led_accelerometer_bsp/\libhal_bsp.a(alt_dev_llist_insert.o)
 .debug_line    0x0000000000000c15       0x51 ../led_accelerometer_bsp/\libhal_bsp.a(alt_errno.o)
 .debug_line    0x0000000000000c66      0x107 ../led_accelerometer_bsp/\libhal_bsp.a(alt_find_dev.o)
 .debug_line    0x0000000000000d6d       0x4e ../led_accelerometer_bsp/\libhal_bsp.a(alt_icache_flush_all.o)
 .debug_line    0x0000000000000dbb       0x6b ../led_accelerometer_bsp/\libhal_bsp.a(alt_irq_entry.o)
 .debug_line    0x0000000000000e26       0xc8 ../led_accelerometer_bsp/\libhal_bsp.a(alt_irq_handler.o)
 .debug_line    0x0000000000000eee       0x8c ../led_accelerometer_bsp/\libhal_bsp.a(altera_nios2_gen2_irq.o)
 .debug_line    0x0000000000000f7a       0xb3 ../led_accelerometer_bsp/\libhal_bsp.a(alt_exception_entry.o)
 .debug_line    0x000000000000102d       0xbf ../led_accelerometer_bsp/\libhal_bsp.a(alt_instruction_exception_entry.o)
 .debug_line    0x00000000000010ec       0x5f d:/intelfpga_lite/18.1/nios2eds/bin/gnu/h-x86_64-mingw32/bin/../lib/gcc/nios2-elf/5.3.0/../../../../../H-x86_64-mingw32/nios2-elf/lib/mno-hw-mul\libsmallc.a(lib_a-int_errno.o)
 .debug_line    0x000000000000114b      0x160 d:/intelfpga_lite/18.1/nios2eds/bin/gnu/h-x86_64-mingw32/bin/../lib/gcc/nios2-elf/5.3.0/../../../../../H-x86_64-mingw32/nios2-elf/lib/mno-hw-mul\libsmallc.a(lib_a-memcmp.o)
 .debug_line    0x00000000000012ab      0x15c d:/intelfpga_lite/18.1/nios2eds/bin/gnu/h-x86_64-mingw32/bin/../lib/gcc/nios2-elf/5.3.0/../../../../../H-x86_64-mingw32/nios2-elf/lib/mno-hw-mul\libsmallc.a(lib_a-strlen.o)

.debug_frame    0x0000000000000000      0x3f4
 *(.debug_frame)
 .debug_frame   0x0000000000000000       0x8c obj/default/led_acceleromter_2D.o
 .debug_frame   0x000000000000008c       0x20 ../led_accelerometer_bsp/\libhal_bsp.a(alt_irq_register.o)
 .debug_frame   0x00000000000000ac       0x30 ../led_accelerometer_bsp/\libhal_bsp.a(alt_load.o)
 .debug_frame   0x00000000000000dc       0x2c ../led_accelerometer_bsp/\libhal_bsp.a(alt_main.o)
 .debug_frame   0x0000000000000108       0x54 ../led_accelerometer_bsp/\libhal_bsp.a(alt_printf.o)
 .debug_frame   0x000000000000015c       0x30 ../led_accelerometer_bsp/\libhal_bsp.a(alt_putchar.o)
 .debug_frame   0x000000000000018c       0x3c ../led_accelerometer_bsp/\libhal_bsp.a(alt_sys_init.o)
 .debug_frame   0x00000000000001c8       0x20 ../led_accelerometer_bsp/\libhal_bsp.a(altera_avalon_jtag_uart_write.o)
 .debug_frame   0x00000000000001e8       0x80 ../led_accelerometer_bsp/\libhal_bsp.a(altera_up_avalon_accelerometer_spi.o)
 .debug_frame   0x0000000000000268       0x20 ../led_accelerometer_bsp/\libhal_bsp.a(alt_dcache_flush_all.o)
 .debug_frame   0x0000000000000288       0x20 ../led_accelerometer_bsp/\libhal_bsp.a(alt_dev.o)
 .debug_frame   0x00000000000002a8       0x2c ../led_accelerometer_bsp/\libhal_bsp.a(alt_dev_llist_insert.o)
 .debug_frame   0x00000000000002d4       0x3c ../led_accelerometer_bsp/\libhal_bsp.a(alt_find_dev.o)
 .debug_frame   0x0000000000000310       0x20 ../led_accelerometer_bsp/\libhal_bsp.a(alt_icache_flush_all.o)
 .debug_frame   0x0000000000000330       0x34 ../led_accelerometer_bsp/\libhal_bsp.a(alt_irq_handler.o)
 .debug_frame   0x0000000000000364       0x20 ../led_accelerometer_bsp/\libhal_bsp.a(altera_nios2_gen2_irq.o)
 .debug_frame   0x0000000000000384       0x30 ../led_accelerometer_bsp/\libhal_bsp.a(alt_instruction_exception_entry.o)
 .debug_frame   0x00000000000003b4       0x20 d:/intelfpga_lite/18.1/nios2eds/bin/gnu/h-x86_64-mingw32/bin/../lib/gcc/nios2-elf/5.3.0/../../../../../H-x86_64-mingw32/nios2-elf/lib/mno-hw-mul\libsmallc.a(lib_a-memcmp.o)
 .debug_frame   0x00000000000003d4       0x20 d:/intelfpga_lite/18.1/nios2eds/bin/gnu/h-x86_64-mingw32/bin/../lib/gcc/nios2-elf/5.3.0/../../../../../H-x86_64-mingw32/nios2-elf/lib/mno-hw-mul\libsmallc.a(lib_a-strlen.o)

.debug_str      0x0000000000000000     0x113a
 *(.debug_str)
 .debug_str     0x0000000000000000      0x2f3 obj/default/led_acceleromter_2D.o
                                        0x34c (size before relaxing)
 .debug_str     0x00000000000002f3       0xeb ../led_accelerometer_bsp/\libhal_bsp.a(alt_irq_register.o)
                                        0x21c (size before relaxing)
 .debug_str     0x00000000000003de       0x17 ../led_accelerometer_bsp/\libhal_bsp.a(alt_irq_vars.o)
                                        0x14e (size before relaxing)
 .debug_str     0x00000000000003f5      0x113 ../led_accelerometer_bsp/\libhal_bsp.a(alt_load.o)
                                        0x250 (size before relaxing)
 .debug_str     0x0000000000000508       0x5e ../led_accelerometer_bsp/\libhal_bsp.a(alt_main.o)
                                        0x1f2 (size before relaxing)
 .debug_str     0x0000000000000566       0x59 ../led_accelerometer_bsp/\libhal_bsp.a(alt_printf.o)
                                        0x11a (size before relaxing)
 .debug_str     0x00000000000005bf       0x5e ../led_accelerometer_bsp/\libhal_bsp.a(alt_putchar.o)
                                        0x19f (size before relaxing)
 .debug_str     0x000000000000061d       0xfa ../led_accelerometer_bsp/\libhal_bsp.a(alt_sys_init.o)
                                        0x35e (size before relaxing)
 .debug_str     0x0000000000000717       0x32 ../led_accelerometer_bsp/\libhal_bsp.a(altera_avalon_jtag_uart_write.o)
                                        0x24a (size before relaxing)
 .debug_str     0x0000000000000749       0xde ../led_accelerometer_bsp/\libhal_bsp.a(altera_up_avalon_accelerometer_spi.o)
                                        0x362 (size before relaxing)
 .debug_str     0x0000000000000827       0x1f ../led_accelerometer_bsp/\libhal_bsp.a(alt_dcache_flush_all.o)
                                        0x169 (size before relaxing)
 .debug_str     0x0000000000000846      0x125 ../led_accelerometer_bsp/\libhal_bsp.a(alt_dev.o)
                                        0x319 (size before relaxing)
 .debug_str     0x000000000000096b       0x48 ../led_accelerometer_bsp/\libhal_bsp.a(alt_dev_llist_insert.o)
                                        0x1e0 (size before relaxing)
 .debug_str     0x00000000000009b3       0x14 ../led_accelerometer_bsp/\libhal_bsp.a(alt_errno.o)
                                        0x159 (size before relaxing)
 .debug_str     0x00000000000009c7       0x25 ../led_accelerometer_bsp/\libhal_bsp.a(alt_find_dev.o)
                                        0x20e (size before relaxing)
 .debug_str     0x00000000000009ec       0x1f ../led_accelerometer_bsp/\libhal_bsp.a(alt_icache_flush_all.o)
                                        0x169 (size before relaxing)
 .debug_str     0x0000000000000a0b       0x3a ../led_accelerometer_bsp/\libhal_bsp.a(alt_irq_handler.o)
                                        0x1cc (size before relaxing)
 .debug_str     0x0000000000000a45       0x20 ../led_accelerometer_bsp/\libhal_bsp.a(altera_nios2_gen2_irq.o)
                                        0x199 (size before relaxing)
 .debug_str     0x0000000000000a65      0x48b ../led_accelerometer_bsp/\libhal_bsp.a(alt_instruction_exception_entry.o)
                                        0x5b4 (size before relaxing)
 .debug_str     0x0000000000000ef0      0x134 d:/intelfpga_lite/18.1/nios2eds/bin/gnu/h-x86_64-mingw32/bin/../lib/gcc/nios2-elf/5.3.0/../../../../../H-x86_64-mingw32/nios2-elf/lib/mno-hw-mul\libsmallc.a(lib_a-int_errno.o)
                                        0x1d8 (size before relaxing)
 .debug_str     0x0000000000001024       0xd9 d:/intelfpga_lite/18.1/nios2eds/bin/gnu/h-x86_64-mingw32/bin/../lib/gcc/nios2-elf/5.3.0/../../../../../H-x86_64-mingw32/nios2-elf/lib/mno-hw-mul\libsmallc.a(lib_a-memcmp.o)
                                        0x1df (size before relaxing)
 .debug_str     0x00000000000010fd       0x3d d:/intelfpga_lite/18.1/nios2eds/bin/gnu/h-x86_64-mingw32/bin/../lib/gcc/nios2-elf/5.3.0/../../../../../H-x86_64-mingw32/nios2-elf/lib/mno-hw-mul\libsmallc.a(lib_a-strlen.o)
                                        0x1e5 (size before relaxing)

.debug_loc      0x0000000000000000      0x7e4
 *(.debug_loc)
 .debug_loc     0x0000000000000000      0x14c obj/default/led_acceleromter_2D.o
 .debug_loc     0x000000000000014c       0xfa ../led_accelerometer_bsp/\libhal_bsp.a(alt_irq_register.o)
 .debug_loc     0x0000000000000246      0x1de ../led_accelerometer_bsp/\libhal_bsp.a(alt_printf.o)
 .debug_loc     0x0000000000000424       0x2c ../led_accelerometer_bsp/\libhal_bsp.a(alt_putchar.o)
 .debug_loc     0x0000000000000450       0x21 ../led_accelerometer_bsp/\libhal_bsp.a(alt_sys_init.o)
 .debug_loc     0x0000000000000471       0x8b ../led_accelerometer_bsp/\libhal_bsp.a(altera_avalon_jtag_uart_write.o)
 .debug_loc     0x00000000000004fc       0x63 ../led_accelerometer_bsp/\libhal_bsp.a(altera_up_avalon_accelerometer_spi.o)
 .debug_loc     0x000000000000055f       0x7e ../led_accelerometer_bsp/\libhal_bsp.a(alt_dev_llist_insert.o)
 .debug_loc     0x00000000000005dd       0x7e ../led_accelerometer_bsp/\libhal_bsp.a(alt_find_dev.o)
 .debug_loc     0x000000000000065b       0x72 ../led_accelerometer_bsp/\libhal_bsp.a(alt_irq_handler.o)
 .debug_loc     0x00000000000006cd       0x65 ../led_accelerometer_bsp/\libhal_bsp.a(alt_instruction_exception_entry.o)
 .debug_loc     0x0000000000000732       0x94 d:/intelfpga_lite/18.1/nios2eds/bin/gnu/h-x86_64-mingw32/bin/../lib/gcc/nios2-elf/5.3.0/../../../../../H-x86_64-mingw32/nios2-elf/lib/mno-hw-mul\libsmallc.a(lib_a-memcmp.o)
 .debug_loc     0x00000000000007c6       0x1e d:/intelfpga_lite/18.1/nios2eds/bin/gnu/h-x86_64-mingw32/bin/../lib/gcc/nios2-elf/5.3.0/../../../../../H-x86_64-mingw32/nios2-elf/lib/mno-hw-mul\libsmallc.a(lib_a-strlen.o)

.debug_macinfo
 *(.debug_macinfo)

.debug_weaknames
 *(.debug_weaknames)

.debug_funcnames
 *(.debug_funcnames)

.debug_typenames
 *(.debug_typenames)

.debug_varnames
 *(.debug_varnames)

.debug_alt_sim_info
                0x0000000000000000       0x10
 *(.debug_alt_sim_info)
 .debug_alt_sim_info
                0x0000000000000000       0x10 ../led_accelerometer_bsp//obj/HAL/src/crt0.o
                0x0000000000020000                __alt_data_end = 0x20000
                0x0000000000020000                PROVIDE (__alt_stack_pointer, __alt_data_end)
                [!provide]                        PROVIDE (__alt_stack_limit, __alt_stack_base)
                [!provide]                        PROVIDE (__alt_heap_start, end)
                [!provide]                        PROVIDE (__alt_heap_limit, 0x20000)
OUTPUT(led_accelerometer.elf elf32-littlenios2)

.debug_ranges   0x0000000000000000      0x188
 .debug_ranges  0x0000000000000000       0x20 ../led_accelerometer_bsp//obj/HAL/src/crt0.o
 .debug_ranges  0x0000000000000020       0x30 obj/default/led_acceleromter_2D.o
 .debug_ranges  0x0000000000000050       0x48 ../led_accelerometer_bsp/\libhal_bsp.a(alt_load.o)
 .debug_ranges  0x0000000000000098       0x18 ../led_accelerometer_bsp/\libhal_bsp.a(alt_printf.o)
 .debug_ranges  0x00000000000000b0       0x18 ../led_accelerometer_bsp/\libhal_bsp.a(alt_sys_init.o)
 .debug_ranges  0x00000000000000c8       0x20 ../led_accelerometer_bsp/\libhal_bsp.a(alt_dev_llist_insert.o)
 .debug_ranges  0x00000000000000e8       0x28 ../led_accelerometer_bsp/\libhal_bsp.a(alt_irq_entry.o)
 .debug_ranges  0x0000000000000110       0x10 ../led_accelerometer_bsp/\libhal_bsp.a(alt_irq_handler.o)
 .debug_ranges  0x0000000000000120       0x30 ../led_accelerometer_bsp/\libhal_bsp.a(alt_exception_entry.o)
 .debug_ranges  0x0000000000000150       0x18 ../led_accelerometer_bsp/\libhal_bsp.a(alt_instruction_exception_entry.o)
 .debug_ranges  0x0000000000000168       0x10 d:/intelfpga_lite/18.1/nios2eds/bin/gnu/h-x86_64-mingw32/bin/../lib/gcc/nios2-elf/5.3.0/../../../../../H-x86_64-mingw32/nios2-elf/lib/mno-hw-mul\libsmallc.a(lib_a-memcmp.o)
 .debug_ranges  0x0000000000000178       0x10 d:/intelfpga_lite/18.1/nios2eds/bin/gnu/h-x86_64-mingw32/bin/../lib/gcc/nios2-elf/5.3.0/../../../../../H-x86_64-mingw32/nios2-elf/lib/mno-hw-mul\libsmallc.a(lib_a-strlen.o)
