Archive member included to satisfy reference by file (symbol)

c:/intelfpga_lite/18.1/nios2eds/bin/gnu/h-x86_64-mingw32/bin/../lib/gcc/nios2-elf/5.3.0/mno-hw-mul\libgcc.a(lib2-divmod.o)
                              obj/default/player_2.o (__divsi3)
c:/intelfpga_lite/18.1/nios2eds/bin/gnu/h-x86_64-mingw32/bin/../lib/gcc/nios2-elf/5.3.0/../../../../../H-x86_64-mingw32/nios2-elf/lib/mno-hw-mul\libsmallc.a(lib_a-memset.o)
                              obj/default/player_2.o (memset)
../player_2_bsp/\libhal_bsp.a(alt_irq_register.o)
                              obj/default/player_2.o (alt_irq_register)
../player_2_bsp/\libhal_bsp.a(alt_irq_vars.o)
                              ../player_2_bsp/\libhal_bsp.a(alt_irq_register.o) (alt_irq_active)
../player_2_bsp/\libhal_bsp.a(alt_load.o)
                              ../player_2_bsp//obj/HAL/src/crt0.o (alt_load)
../player_2_bsp/\libhal_bsp.a(alt_main.o)
                              ../player_2_bsp//obj/HAL/src/crt0.o (alt_main)
../player_2_bsp/\libhal_bsp.a(alt_printf.o)
                              obj/default/player_2.o (alt_printf)
../player_2_bsp/\libhal_bsp.a(alt_putchar.o)
                              ../player_2_bsp/\libhal_bsp.a(alt_printf.o) (alt_putchar)
../player_2_bsp/\libhal_bsp.a(alt_sys_init.o)
                              ../player_2_bsp/\libhal_bsp.a(alt_main.o) (alt_irq_init)
../player_2_bsp/\libhal_bsp.a(altera_avalon_jtag_uart_write.o)
                              ../player_2_bsp/\libhal_bsp.a(alt_putchar.o) (altera_avalon_jtag_uart_write)
../player_2_bsp/\libhal_bsp.a(altera_up_avalon_accelerometer_spi.o)
                              obj/default/player_2.o (alt_up_accelerometer_spi_open_dev)
../player_2_bsp/\libhal_bsp.a(alt_dcache_flush_all.o)
                              ../player_2_bsp/\libhal_bsp.a(alt_load.o) (alt_dcache_flush_all)
../player_2_bsp/\libhal_bsp.a(alt_dev.o)
                              ../player_2_bsp/\libhal_bsp.a(alt_sys_init.o) (alt_dev_list)
../player_2_bsp/\libhal_bsp.a(alt_dev_llist_insert.o)
                              ../player_2_bsp/\libhal_bsp.a(alt_sys_init.o) (alt_dev_llist_insert)
../player_2_bsp/\libhal_bsp.a(alt_errno.o)
                              ../player_2_bsp/\libhal_bsp.a(alt_dev_llist_insert.o) (alt_errno)
../player_2_bsp/\libhal_bsp.a(alt_find_dev.o)
                              ../player_2_bsp/\libhal_bsp.a(altera_up_avalon_accelerometer_spi.o) (alt_find_dev)
../player_2_bsp/\libhal_bsp.a(alt_icache_flush_all.o)
                              ../player_2_bsp/\libhal_bsp.a(alt_load.o) (alt_icache_flush_all)
../player_2_bsp/\libhal_bsp.a(alt_irq_entry.o)
                              ../player_2_bsp/\libhal_bsp.a(alt_irq_register.o) (alt_irq_entry)
../player_2_bsp/\libhal_bsp.a(alt_irq_handler.o)
                              ../player_2_bsp/\libhal_bsp.a(alt_irq_register.o) (alt_irq_handler)
../player_2_bsp/\libhal_bsp.a(altera_nios2_gen2_irq.o)
                              ../player_2_bsp/\libhal_bsp.a(alt_sys_init.o) (altera_nios2_gen2_irq_init)
../player_2_bsp/\libhal_bsp.a(alt_exception_entry.o)
                              ../player_2_bsp/\libhal_bsp.a(alt_irq_entry.o) (alt_exception)
../player_2_bsp/\libhal_bsp.a(alt_instruction_exception_entry.o)
                              ../player_2_bsp/\libhal_bsp.a(alt_exception_entry.o) (alt_instruction_exception_entry)
c:/intelfpga_lite/18.1/nios2eds/bin/gnu/h-x86_64-mingw32/bin/../lib/gcc/nios2-elf/5.3.0/../../../../../H-x86_64-mingw32/nios2-elf/lib/mno-hw-mul\libsmallc.a(lib_a-int_errno.o)
                              ../player_2_bsp/\libhal_bsp.a(alt_dev_llist_insert.o) (errno)
c:/intelfpga_lite/18.1/nios2eds/bin/gnu/h-x86_64-mingw32/bin/../lib/gcc/nios2-elf/5.3.0/../../../../../H-x86_64-mingw32/nios2-elf/lib/mno-hw-mul\libsmallc.a(lib_a-memcmp.o)
                              ../player_2_bsp/\libhal_bsp.a(alt_find_dev.o) (memcmp)
c:/intelfpga_lite/18.1/nios2eds/bin/gnu/h-x86_64-mingw32/bin/../lib/gcc/nios2-elf/5.3.0/../../../../../H-x86_64-mingw32/nios2-elf/lib/mno-hw-mul\libsmallc.a(lib_a-strlen.o)
                              ../player_2_bsp/\libhal_bsp.a(alt_find_dev.o) (strlen)

Allocating common symbols
Common symbol       size              file

alt_irq             0x100             ../player_2_bsp/\libhal_bsp.a(alt_irq_handler.o)
errno               0x4               c:/intelfpga_lite/18.1/nios2eds/bin/gnu/h-x86_64-mingw32/bin/../lib/gcc/nios2-elf/5.3.0/../../../../../H-x86_64-mingw32/nios2-elf/lib/mno-hw-mul\libsmallc.a(lib_a-int_errno.o)
led                 0x1               obj/default/player_2.o
level               0x4               obj/default/player_2.o

Memory Configuration

Name             Origin             Length             Attributes
reset            0x0000000000010000 0x0000000000000020
onchip_memory    0x0000000000010020 0x000000000000ffe0
*default*        0x0000000000000000 0xffffffffffffffff

Linker script and memory map

LOAD ../player_2_bsp//obj/HAL/src/crt0.o
LOAD obj/default/player_2.o
LOAD c:/intelfpga_lite/18.1/nios2eds/bin/gnu/h-x86_64-mingw32/bin/../lib/gcc/nios2-elf/5.3.0/../../../../../H-x86_64-mingw32/nios2-elf/lib/mno-hw-mul\libstdc++.a
LOAD c:/intelfpga_lite/18.1/nios2eds/bin/gnu/h-x86_64-mingw32/bin/../lib/gcc/nios2-elf/5.3.0/../../../../../H-x86_64-mingw32/nios2-elf/lib/mno-hw-mul\libm.a
LOAD c:/intelfpga_lite/18.1/nios2eds/bin/gnu/h-x86_64-mingw32/bin/../lib/gcc/nios2-elf/5.3.0/mno-hw-mul\libgcc.a
START GROUP
LOAD c:/intelfpga_lite/18.1/nios2eds/bin/gnu/h-x86_64-mingw32/bin/../lib/gcc/nios2-elf/5.3.0/../../../../../H-x86_64-mingw32/nios2-elf/lib/mno-hw-mul\libsmallc.a
LOAD c:/intelfpga_lite/18.1/nios2eds/bin/gnu/h-x86_64-mingw32/bin/../lib/gcc/nios2-elf/5.3.0/mno-hw-mul\libgcc.a
LOAD ../player_2_bsp/\libhal_bsp.a
LOAD c:/intelfpga_lite/18.1/nios2eds/bin/gnu/h-x86_64-mingw32/bin/../lib/gcc/nios2-elf/5.3.0/../../../../../H-x86_64-mingw32/nios2-elf/lib/mno-hw-mul\libm.a
END GROUP
LOAD c:/intelfpga_lite/18.1/nios2eds/bin/gnu/h-x86_64-mingw32/bin/../lib/gcc/nios2-elf/5.3.0/mno-hw-mul\libgcc.a
                0x0000000000010000                __alt_mem_onchip_memory = 0x10000

.entry          0x0000000000010000       0x20
 *(.entry)
 .entry         0x0000000000010000       0x20 ../player_2_bsp//obj/HAL/src/crt0.o
                0x0000000000010000                __reset
                0x000000000001000c                _exit

.exceptions     0x0000000000010020      0x160
                0x0000000000010020                PROVIDE (__ram_exceptions_start, ABSOLUTE (.))
                0x0000000000010020                . = ALIGN (0x20)
 *(.irq)
 *(.exceptions.entry.label)
 .exceptions.entry.label
                0x0000000000010020        0x0 ../player_2_bsp/\libhal_bsp.a(alt_irq_entry.o)
                0x0000000000010020                alt_irq_entry
 .exceptions.entry.label
                0x0000000000010020        0x0 ../player_2_bsp/\libhal_bsp.a(alt_exception_entry.o)
                0x0000000000010020                alt_exception
 *(.exceptions.entry.user)
 *(.exceptions.entry.ecc_fatal)
 *(.exceptions.entry)
 .exceptions.entry
                0x0000000000010020       0x54 ../player_2_bsp/\libhal_bsp.a(alt_exception_entry.o)
 *(.exceptions.irqtest.user)
 *(.exceptions.irqtest)
 .exceptions.irqtest
                0x0000000000010074       0x10 ../player_2_bsp/\libhal_bsp.a(alt_irq_entry.o)
 *(.exceptions.irqhandler.user)
 *(.exceptions.irqhandler)
 .exceptions.irqhandler
                0x0000000000010084        0x4 ../player_2_bsp/\libhal_bsp.a(alt_irq_entry.o)
 *(.exceptions.irqreturn.user)
 *(.exceptions.irqreturn)
 .exceptions.irqreturn
                0x0000000000010088        0x4 ../player_2_bsp/\libhal_bsp.a(alt_irq_entry.o)
 *(.exceptions.notirq.label)
 .exceptions.notirq.label
                0x000000000001008c        0x0 ../player_2_bsp/\libhal_bsp.a(alt_irq_entry.o)
 *(.exceptions.notirq.user)
 *(.exceptions.notirq)
 .exceptions.notirq
                0x000000000001008c        0x8 ../player_2_bsp/\libhal_bsp.a(alt_exception_entry.o)
 *(.exceptions.soft.user)
 *(.exceptions.soft)
 *(.exceptions.unknown.user)
 *(.exceptions.unknown)
 .exceptions.unknown
                0x0000000000010094       0x14 ../player_2_bsp/\libhal_bsp.a(alt_exception_entry.o)
 *(.exceptions.exit.label)
 .exceptions.exit.label
                0x00000000000100a8        0x0 ../player_2_bsp/\libhal_bsp.a(alt_irq_entry.o)
 .exceptions.exit.label
                0x00000000000100a8        0x0 ../player_2_bsp/\libhal_bsp.a(alt_exception_entry.o)
 *(.exceptions.exit.user)
 *(.exceptions.exit)
 .exceptions.exit
                0x00000000000100a8       0x54 ../player_2_bsp/\libhal_bsp.a(alt_exception_entry.o)
 *(.exceptions)
 .exceptions    0x00000000000100fc       0x60 ../player_2_bsp/\libhal_bsp.a(alt_irq_handler.o)
                0x00000000000100fc                alt_irq_handler
 .exceptions    0x000000000001015c       0x24 ../player_2_bsp/\libhal_bsp.a(alt_instruction_exception_entry.o)
                0x000000000001015c                alt_instruction_exception_entry
                0x0000000000010180                PROVIDE (__ram_exceptions_end, ABSOLUTE (.))
                0x0000000000010020                PROVIDE (__flash_exceptions_start, LOADADDR (.exceptions))

.text           0x0000000000010180      0xc10
                [!provide]                        PROVIDE (stext, ABSOLUTE (.))
 *(.interp)
 *(.hash)
 *(.dynsym)
 *(.dynstr)
 *(.gnu.version)
 *(.gnu.version_d)
 *(.gnu.version_r)
 *(.rel.init)
 *(.rela.init)
 *(.rel.text .rel.text.* .rel.gnu.linkonce.t.*)
 *(.rela.text .rela.text.* .rela.gnu.linkonce.t.*)
 *(.rel.fini)
 *(.rela.fini)
 *(.rel.rodata .rel.rodata.* .rel.gnu.linkonce.r.*)
 *(.rela.rodata .rela.rodata.* .rela.gnu.linkonce.r.*)
 *(.rel.data .rel.data.* .rel.gnu.linkonce.d.*)
 *(.rela.data .rela.data.* .rela.gnu.linkonce.d.*)
 *(.rel.tdata .rel.tdata.* .rel.gnu.linkonce.td.*)
 *(.rela.tdata .rela.tdata.* .rela.gnu.linkonce.td.*)
 *(.rel.tbss .rel.tbss.* .rel.gnu.linkonce.tb.*)
 *(.rela.tbss .rela.tbss.* .rela.gnu.linkonce.tb.*)
 *(.rel.ctors)
 *(.rela.ctors)
 *(.rel.dtors)
 *(.rela.dtors)
 *(.rel.got)
 *(.rela.got)
 *(.rel.sdata .rel.sdata.* .rel.gnu.linkonce.s.*)
 *(.rela.sdata .rela.sdata.* .rela.gnu.linkonce.s.*)
 *(.rel.sbss .rel.sbss.* .rel.gnu.linkonce.sb.*)
 *(.rela.sbss .rela.sbss.* .rela.gnu.linkonce.sb.*)
 *(.rel.sdata2 .rel.sdata2.* .rel.gnu.linkonce.s2.*)
 *(.rela.sdata2 .rela.sdata2.* .rela.gnu.linkonce.s2.*)
 *(.rel.sbss2 .rel.sbss2.* .rel.gnu.linkonce.sb2.*)
 *(.rela.sbss2 .rela.sbss2.* .rela.gnu.linkonce.sb2.*)
 *(.rel.bss .rel.bss.* .rel.gnu.linkonce.b.*)
 *(.rela.bss .rela.bss.* .rela.gnu.linkonce.b.*)
 *(.rel.plt)
 *(.rela.plt)
 *(.rel.dyn)
 *(.init)
 *(.plt)
 *(.text .stub .text.* .gnu.linkonce.t.*)
 .text          0x0000000000010180       0x3c ../player_2_bsp//obj/HAL/src/crt0.o
                0x0000000000010180                _start
 .text          0x00000000000101bc      0x120 obj/default/player_2.o
                0x00000000000101bc                sys_timer_isr
                0x000000000001023c                led_write
                0x0000000000010250                timer_init
                0x00000000000102c0                wait
 .text.startup  0x00000000000102dc      0x20c obj/default/player_2.o
                0x00000000000102dc                main
 .text          0x00000000000104e8      0x1b4 c:/intelfpga_lite/18.1/nios2eds/bin/gnu/h-x86_64-mingw32/bin/../lib/gcc/nios2-elf/5.3.0/mno-hw-mul\libgcc.a(lib2-divmod.o)
                0x00000000000104e8                __divsi3
                0x000000000001056c                __modsi3
                0x00000000000105e0                __udivsi3
                0x0000000000010644                __umodsi3
 .text          0x000000000001069c        0x0 c:/intelfpga_lite/18.1/nios2eds/bin/gnu/h-x86_64-mingw32/bin/../lib/gcc/nios2-elf/5.3.0/../../../../../H-x86_64-mingw32/nios2-elf/lib/mno-hw-mul\libsmallc.a(lib_a-memset.o)
 .text.memset   0x000000000001069c       0x20 c:/intelfpga_lite/18.1/nios2eds/bin/gnu/h-x86_64-mingw32/bin/../lib/gcc/nios2-elf/5.3.0/../../../../../H-x86_64-mingw32/nios2-elf/lib/mno-hw-mul\libsmallc.a(lib_a-memset.o)
                0x000000000001069c                memset
 .text          0x00000000000106bc       0x94 ../player_2_bsp/\libhal_bsp.a(alt_irq_register.o)
                0x00000000000106bc                alt_irq_register
 .text          0x0000000000010750        0x0 ../player_2_bsp/\libhal_bsp.a(alt_irq_vars.o)
 .text          0x0000000000010750       0xe0 ../player_2_bsp/\libhal_bsp.a(alt_load.o)
                0x0000000000010750                alt_load
 .text          0x0000000000010830       0x2c ../player_2_bsp/\libhal_bsp.a(alt_main.o)
                0x0000000000010830                alt_main
 .text          0x000000000001085c      0x170 ../player_2_bsp/\libhal_bsp.a(alt_printf.o)
                0x000000000001085c                alt_printf
 .text          0x00000000000109cc       0x48 ../player_2_bsp/\libhal_bsp.a(alt_putchar.o)
                0x00000000000109cc                alt_putchar
 .text          0x0000000000010a14       0x30 ../player_2_bsp/\libhal_bsp.a(alt_sys_init.o)
                0x0000000000010a14                alt_irq_init
                0x0000000000010a34                alt_sys_init
 .text          0x0000000000010a44       0x34 ../player_2_bsp/\libhal_bsp.a(altera_avalon_jtag_uart_write.o)
                0x0000000000010a44                altera_avalon_jtag_uart_write
 .text          0x0000000000010a78      0x160 ../player_2_bsp/\libhal_bsp.a(altera_up_avalon_accelerometer_spi.o)
                0x0000000000010a78                alt_up_accelerometer_spi_open_dev
                0x0000000000010a80                alt_up_accelerometer_spi_read_address_register
                0x0000000000010a94                alt_up_accelerometer_spi_read
                0x0000000000010ab4                alt_up_accelerometer_spi_write
                0x0000000000010ad0                alt_up_accelerometer_spi_read_x_axis
                0x0000000000010b28                alt_up_accelerometer_spi_read_y_axis
                0x0000000000010b80                alt_up_accelerometer_spi_read_z_axis
 .text          0x0000000000010bd8        0x4 ../player_2_bsp/\libhal_bsp.a(alt_dcache_flush_all.o)
                0x0000000000010bd8                alt_dcache_flush_all
 .text          0x0000000000010bdc        0x8 ../player_2_bsp/\libhal_bsp.a(alt_dev.o)
 .text          0x0000000000010be4       0x6c ../player_2_bsp/\libhal_bsp.a(alt_dev_llist_insert.o)
                0x0000000000010be4                alt_dev_llist_insert
 .text          0x0000000000010c50        0x0 ../player_2_bsp/\libhal_bsp.a(alt_errno.o)
 .text          0x0000000000010c50       0x74 ../player_2_bsp/\libhal_bsp.a(alt_find_dev.o)
                0x0000000000010c50                alt_find_dev
 .text          0x0000000000010cc4        0x4 ../player_2_bsp/\libhal_bsp.a(alt_icache_flush_all.o)
                0x0000000000010cc4                alt_icache_flush_all
 .text          0x0000000000010cc8        0x0 ../player_2_bsp/\libhal_bsp.a(alt_irq_entry.o)
 .text          0x0000000000010cc8        0x0 ../player_2_bsp/\libhal_bsp.a(alt_irq_handler.o)
 .text          0x0000000000010cc8        0x8 ../player_2_bsp/\libhal_bsp.a(altera_nios2_gen2_irq.o)
                0x0000000000010cc8                altera_nios2_gen2_irq_init
 .text          0x0000000000010cd0        0x0 ../player_2_bsp/\libhal_bsp.a(alt_exception_entry.o)
 .text          0x0000000000010cd0       0x74 ../player_2_bsp/\libhal_bsp.a(alt_instruction_exception_entry.o)
                0x0000000000010cd0                alt_exception_cause_generated_bad_addr
 .text          0x0000000000010d44        0x0 c:/intelfpga_lite/18.1/nios2eds/bin/gnu/h-x86_64-mingw32/bin/../lib/gcc/nios2-elf/5.3.0/../../../../../H-x86_64-mingw32/nios2-elf/lib/mno-hw-mul\libsmallc.a(lib_a-int_errno.o)
 .text          0x0000000000010d44        0x0 c:/intelfpga_lite/18.1/nios2eds/bin/gnu/h-x86_64-mingw32/bin/../lib/gcc/nios2-elf/5.3.0/../../../../../H-x86_64-mingw32/nios2-elf/lib/mno-hw-mul\libsmallc.a(lib_a-memcmp.o)
 .text.memcmp   0x0000000000010d44       0x30 c:/intelfpga_lite/18.1/nios2eds/bin/gnu/h-x86_64-mingw32/bin/../lib/gcc/nios2-elf/5.3.0/../../../../../H-x86_64-mingw32/nios2-elf/lib/mno-hw-mul\libsmallc.a(lib_a-memcmp.o)
                0x0000000000010d44                memcmp
 .text          0x0000000000010d74        0x0 c:/intelfpga_lite/18.1/nios2eds/bin/gnu/h-x86_64-mingw32/bin/../lib/gcc/nios2-elf/5.3.0/../../../../../H-x86_64-mingw32/nios2-elf/lib/mno-hw-mul\libsmallc.a(lib_a-strlen.o)
 .text.strlen   0x0000000000010d74       0x1c c:/intelfpga_lite/18.1/nios2eds/bin/gnu/h-x86_64-mingw32/bin/../lib/gcc/nios2-elf/5.3.0/../../../../../H-x86_64-mingw32/nios2-elf/lib/mno-hw-mul\libsmallc.a(lib_a-strlen.o)
                0x0000000000010d74                strlen
 *(.gnu.warning.*)
 *(.fini)
                [!provide]                        PROVIDE (__etext, ABSOLUTE (.))
                [!provide]                        PROVIDE (_etext, ABSOLUTE (.))
                [!provide]                        PROVIDE (etext, ABSOLUTE (.))
 *(.eh_frame_hdr)
                0x0000000000010d90                . = ALIGN (0x4)
                [!provide]                        PROVIDE (__preinit_array_start, ABSOLUTE (.))
 *(.preinit_array)
                [!provide]                        PROVIDE (__preinit_array_end, ABSOLUTE (.))
                [!provide]                        PROVIDE (__init_array_start, ABSOLUTE (.))
 *(.init_array)
                [!provide]                        PROVIDE (__init_array_end, ABSOLUTE (.))
                [!provide]                        PROVIDE (__fini_array_start, ABSOLUTE (.))
 *(.fini_array)
                [!provide]                        PROVIDE (__fini_array_end, ABSOLUTE (.))
 *(.eh_frame)
 *(.gcc_except_table .gcc_except_table.*)
 *(.dynamic)
                [!provide]                        PROVIDE (__CTOR_LIST__, ABSOLUTE (.))
 *(.ctors)
 *(SORT(.ctors.*))
                [!provide]                        PROVIDE (__CTOR_END__, ABSOLUTE (.))
                [!provide]                        PROVIDE (__DTOR_LIST__, ABSOLUTE (.))
 *(.dtors)
 *(SORT(.dtors.*))
                [!provide]                        PROVIDE (__DTOR_END__, ABSOLUTE (.))
 *(.jcr)
                0x0000000000010d90                . = ALIGN (0x4)

.rodata         0x0000000000010d90       0x4c
                0x0000000000010d90                PROVIDE (__ram_rodata_start, ABSOLUTE (.))
                0x0000000000010d90                . = ALIGN (0x4)
 *(.rodata .rodata.* .gnu.linkonce.r.*)
 .rodata.str1.4
                0x0000000000010d90       0x3d obj/default/player_2.o
 .rodata.str1.4
                0x0000000000010dcd       0x17 ../player_2_bsp/\libhal_bsp.a(alt_sys_init.o)
 *fill*         0x0000000000010dcd        0x3 
 .rodata.str1.4
                0x0000000000010dd0        0xc ../player_2_bsp/\libhal_bsp.a(alt_dev.o)
                                          0xa (size before relaxing)
 *(.rodata1)
                0x0000000000010ddc                . = ALIGN (0x4)
                0x0000000000010ddc                PROVIDE (__ram_rodata_end, ABSOLUTE (.))
                0x0000000000010d90                PROVIDE (__flash_rodata_start, LOADADDR (.rodata))

.rwdata         0x0000000000010ddc       0xa4 load address 0x0000000000010e80
                0x0000000000010ddc                PROVIDE (__ram_rwdata_start, ABSOLUTE (.))
                0x0000000000010ddc                . = ALIGN (0x4)
 *(.got.plt)
 *(.got)
 *(.data1)
 *(.data .data.* .gnu.linkonce.d.*)
 .data          0x0000000000010ddc        0x0 ../player_2_bsp//obj/HAL/src/crt0.o
 .data          0x0000000000010ddc        0x0 obj/default/player_2.o
 .data          0x0000000000010ddc        0x0 c:/intelfpga_lite/18.1/nios2eds/bin/gnu/h-x86_64-mingw32/bin/../lib/gcc/nios2-elf/5.3.0/mno-hw-mul\libgcc.a(lib2-divmod.o)
 .data          0x0000000000010ddc        0x0 c:/intelfpga_lite/18.1/nios2eds/bin/gnu/h-x86_64-mingw32/bin/../lib/gcc/nios2-elf/5.3.0/../../../../../H-x86_64-mingw32/nios2-elf/lib/mno-hw-mul\libsmallc.a(lib_a-memset.o)
 .data          0x0000000000010ddc        0x0 ../player_2_bsp/\libhal_bsp.a(alt_irq_register.o)
 .data          0x0000000000010ddc        0x0 ../player_2_bsp/\libhal_bsp.a(alt_irq_vars.o)
 .data          0x0000000000010ddc        0x0 ../player_2_bsp/\libhal_bsp.a(alt_load.o)
 .data          0x0000000000010ddc        0x0 ../player_2_bsp/\libhal_bsp.a(alt_main.o)
 .data          0x0000000000010ddc        0x0 ../player_2_bsp/\libhal_bsp.a(alt_printf.o)
 .data          0x0000000000010ddc        0x0 ../player_2_bsp/\libhal_bsp.a(alt_putchar.o)
 .data          0x0000000000010ddc       0x2c ../player_2_bsp/\libhal_bsp.a(alt_sys_init.o)
 .data          0x0000000000010e08        0x0 ../player_2_bsp/\libhal_bsp.a(altera_avalon_jtag_uart_write.o)
 .data          0x0000000000010e08        0x0 ../player_2_bsp/\libhal_bsp.a(altera_up_avalon_accelerometer_spi.o)
 .data          0x0000000000010e08        0x0 ../player_2_bsp/\libhal_bsp.a(alt_dcache_flush_all.o)
 .data          0x0000000000010e08       0x58 ../player_2_bsp/\libhal_bsp.a(alt_dev.o)
                0x0000000000010e08                alt_fd_list
                0x0000000000010e38                alt_dev_null
 .data          0x0000000000010e60        0x0 ../player_2_bsp/\libhal_bsp.a(alt_dev_llist_insert.o)
 .data          0x0000000000010e60        0x0 ../player_2_bsp/\libhal_bsp.a(alt_errno.o)
 .data          0x0000000000010e60        0x0 ../player_2_bsp/\libhal_bsp.a(alt_find_dev.o)
 .data          0x0000000000010e60        0x0 ../player_2_bsp/\libhal_bsp.a(alt_icache_flush_all.o)
 .data          0x0000000000010e60        0x0 ../player_2_bsp/\libhal_bsp.a(alt_irq_entry.o)
 .data          0x0000000000010e60        0x0 ../player_2_bsp/\libhal_bsp.a(alt_irq_handler.o)
 .data          0x0000000000010e60        0x0 ../player_2_bsp/\libhal_bsp.a(altera_nios2_gen2_irq.o)
 .data          0x0000000000010e60        0x0 ../player_2_bsp/\libhal_bsp.a(alt_exception_entry.o)
 .data          0x0000000000010e60        0x0 ../player_2_bsp/\libhal_bsp.a(alt_instruction_exception_entry.o)
 .data          0x0000000000010e60        0x0 c:/intelfpga_lite/18.1/nios2eds/bin/gnu/h-x86_64-mingw32/bin/../lib/gcc/nios2-elf/5.3.0/../../../../../H-x86_64-mingw32/nios2-elf/lib/mno-hw-mul\libsmallc.a(lib_a-int_errno.o)
 .data          0x0000000000010e60        0x0 c:/intelfpga_lite/18.1/nios2eds/bin/gnu/h-x86_64-mingw32/bin/../lib/gcc/nios2-elf/5.3.0/../../../../../H-x86_64-mingw32/nios2-elf/lib/mno-hw-mul\libsmallc.a(lib_a-memcmp.o)
 .data          0x0000000000010e60        0x0 c:/intelfpga_lite/18.1/nios2eds/bin/gnu/h-x86_64-mingw32/bin/../lib/gcc/nios2-elf/5.3.0/../../../../../H-x86_64-mingw32/nios2-elf/lib/mno-hw-mul\libsmallc.a(lib_a-strlen.o)
                0x0000000000018e60                _gp = ABSOLUTE ((. + 0x8000))
                [!provide]                        PROVIDE (gp, _gp)
 *(.rwdata .rwdata.*)
 *(.sdata .sdata.* .gnu.linkonce.s.*)
 .sdata         0x0000000000010e60        0x4 ../player_2_bsp/\libhal_bsp.a(alt_irq_vars.o)
                0x0000000000010e60                alt_priority_mask
 .sdata         0x0000000000010e64        0x4 ../player_2_bsp/\libhal_bsp.a(alt_sys_init.o)
                0x0000000000010e64                jtag_uart
 .sdata         0x0000000000010e68       0x14 ../player_2_bsp/\libhal_bsp.a(alt_dev.o)
                0x0000000000010e68                alt_max_fd
                0x0000000000010e6c                alt_dev_list
                0x0000000000010e74                alt_fs_list
 .sdata         0x0000000000010e7c        0x4 ../player_2_bsp/\libhal_bsp.a(alt_errno.o)
                0x0000000000010e7c                alt_errno
 *(.sdata2 .sdata2.* .gnu.linkonce.s2.*)
                0x0000000000010e80                . = ALIGN (0x4)
                0x0000000000010e80                _edata = ABSOLUTE (.)
                [!provide]                        PROVIDE (edata, ABSOLUTE (.))
                0x0000000000010e80                PROVIDE (__ram_rwdata_end, ABSOLUTE (.))
                0x0000000000010e80                PROVIDE (__flash_rwdata_start, LOADADDR (.rwdata))

.bss            0x0000000000010f24      0x124
                0x0000000000010f24                __bss_start = ABSOLUTE (.)
                [!provide]                        PROVIDE (__sbss_start, ABSOLUTE (.))
                [!provide]                        PROVIDE (___sbss_start, ABSOLUTE (.))
 *(.dynsbss)
 *(.sbss .sbss.* .gnu.linkonce.sb.*)
 .sbss          0x0000000000010f24        0x1 obj/default/player_2.o
                0x0000000000010f24                pwm
 *fill*         0x0000000000010f25        0x3 
 .sbss          0x0000000000010f28        0x8 obj/default/player_2.o
                0x0000000000010f28                led
                0x0000000000010f2c                level
 .sbss          0x0000000000010f30        0x4 ../player_2_bsp/\libhal_bsp.a(alt_irq_vars.o)
                0x0000000000010f30                alt_irq_active
 .sbss          0x0000000000010f34        0xc ../player_2_bsp/\libhal_bsp.a(alt_main.o)
                0x0000000000010f34                alt_envp
                0x0000000000010f38                alt_argv
                0x0000000000010f3c                alt_argc
 .sbss          0x0000000000010f40        0x4 ../player_2_bsp/\libhal_bsp.a(alt_instruction_exception_entry.o)
                0x0000000000010f40                alt_instruction_exception_handler
 .sbss          0x0000000000010f44        0x4 c:/intelfpga_lite/18.1/nios2eds/bin/gnu/h-x86_64-mingw32/bin/../lib/gcc/nios2-elf/5.3.0/../../../../../H-x86_64-mingw32/nios2-elf/lib/mno-hw-mul\libsmallc.a(lib_a-int_errno.o)
                0x0000000000010f44                errno
 *(.sbss2 .sbss2.* .gnu.linkonce.sb2.*)
 *(.scommon)
                [!provide]                        PROVIDE (__sbss_end, ABSOLUTE (.))
                [!provide]                        PROVIDE (___sbss_end, ABSOLUTE (.))
 *(.dynbss)
 *(.bss .bss.* .gnu.linkonce.b.*)
 .bss           0x0000000000010f48        0x0 ../player_2_bsp//obj/HAL/src/crt0.o
 .bss           0x0000000000010f48        0x0 obj/default/player_2.o
 .bss           0x0000000000010f48        0x0 c:/intelfpga_lite/18.1/nios2eds/bin/gnu/h-x86_64-mingw32/bin/../lib/gcc/nios2-elf/5.3.0/mno-hw-mul\libgcc.a(lib2-divmod.o)
 .bss           0x0000000000010f48        0x0 c:/intelfpga_lite/18.1/nios2eds/bin/gnu/h-x86_64-mingw32/bin/../lib/gcc/nios2-elf/5.3.0/../../../../../H-x86_64-mingw32/nios2-elf/lib/mno-hw-mul\libsmallc.a(lib_a-memset.o)
 .bss           0x0000000000010f48        0x0 ../player_2_bsp/\libhal_bsp.a(alt_irq_register.o)
 .bss           0x0000000000010f48        0x0 ../player_2_bsp/\libhal_bsp.a(alt_irq_vars.o)
 .bss           0x0000000000010f48        0x0 ../player_2_bsp/\libhal_bsp.a(alt_load.o)
 .bss           0x0000000000010f48        0x0 ../player_2_bsp/\libhal_bsp.a(alt_main.o)
 .bss           0x0000000000010f48        0x0 ../player_2_bsp/\libhal_bsp.a(alt_printf.o)
 .bss           0x0000000000010f48        0x0 ../player_2_bsp/\libhal_bsp.a(alt_putchar.o)
 .bss           0x0000000000010f48        0x0 ../player_2_bsp/\libhal_bsp.a(alt_sys_init.o)
 .bss           0x0000000000010f48        0x0 ../player_2_bsp/\libhal_bsp.a(altera_avalon_jtag_uart_write.o)
 .bss           0x0000000000010f48        0x0 ../player_2_bsp/\libhal_bsp.a(altera_up_avalon_accelerometer_spi.o)
 .bss           0x0000000000010f48        0x0 ../player_2_bsp/\libhal_bsp.a(alt_dcache_flush_all.o)
 .bss           0x0000000000010f48        0x0 ../player_2_bsp/\libhal_bsp.a(alt_dev.o)
 .bss           0x0000000000010f48        0x0 ../player_2_bsp/\libhal_bsp.a(alt_dev_llist_insert.o)
 .bss           0x0000000000010f48        0x0 ../player_2_bsp/\libhal_bsp.a(alt_errno.o)
 .bss           0x0000000000010f48        0x0 ../player_2_bsp/\libhal_bsp.a(alt_find_dev.o)
 .bss           0x0000000000010f48        0x0 ../player_2_bsp/\libhal_bsp.a(alt_icache_flush_all.o)
 .bss           0x0000000000010f48        0x0 ../player_2_bsp/\libhal_bsp.a(alt_irq_entry.o)
 .bss           0x0000000000010f48        0x0 ../player_2_bsp/\libhal_bsp.a(alt_irq_handler.o)
 .bss           0x0000000000010f48        0x0 ../player_2_bsp/\libhal_bsp.a(altera_nios2_gen2_irq.o)
 .bss           0x0000000000010f48        0x0 ../player_2_bsp/\libhal_bsp.a(alt_exception_entry.o)
 .bss           0x0000000000010f48        0x0 ../player_2_bsp/\libhal_bsp.a(alt_instruction_exception_entry.o)
 .bss           0x0000000000010f48        0x0 c:/intelfpga_lite/18.1/nios2eds/bin/gnu/h-x86_64-mingw32/bin/../lib/gcc/nios2-elf/5.3.0/../../../../../H-x86_64-mingw32/nios2-elf/lib/mno-hw-mul\libsmallc.a(lib_a-int_errno.o)
 .bss           0x0000000000010f48        0x0 c:/intelfpga_lite/18.1/nios2eds/bin/gnu/h-x86_64-mingw32/bin/../lib/gcc/nios2-elf/5.3.0/../../../../../H-x86_64-mingw32/nios2-elf/lib/mno-hw-mul\libsmallc.a(lib_a-memcmp.o)
 .bss           0x0000000000010f48        0x0 c:/intelfpga_lite/18.1/nios2eds/bin/gnu/h-x86_64-mingw32/bin/../lib/gcc/nios2-elf/5.3.0/../../../../../H-x86_64-mingw32/nios2-elf/lib/mno-hw-mul\libsmallc.a(lib_a-strlen.o)
 *(COMMON)
 COMMON         0x0000000000010f48      0x100 ../player_2_bsp/\libhal_bsp.a(alt_irq_handler.o)
                0x0000000000010f48                alt_irq
                0x0000000000011048                . = ALIGN (0x4)
                0x0000000000011048                __bss_end = ABSOLUTE (.)

.onchip_memory  0x0000000000011048        0x0
                [!provide]                        PROVIDE (_alt_partition_onchip_memory_start, ABSOLUTE (.))
 *(.onchip_memory .onchip_memory. onchip_memory.*)
                0x0000000000011048                . = ALIGN (0x4)
                [!provide]                        PROVIDE (_alt_partition_onchip_memory_end, ABSOLUTE (.))
                0x0000000000011048                _end = ABSOLUTE (.)
                0x0000000000011048                end = ABSOLUTE (.)
                0x0000000000011048                __alt_stack_base = ABSOLUTE (.)
                [!provide]                        PROVIDE (_alt_partition_onchip_memory_load_addr, LOADADDR (.onchip_memory))

.stab
 *(.stab)

.stabstr
 *(.stabstr)

.stab.excl
 *(.stab.excl)

.stab.exclstr
 *(.stab.exclstr)

.stab.index
 *(.stab.index)

.stab.indexstr
 *(.stab.indexstr)

.comment        0x0000000000000000       0x23
 *(.comment)
 .comment       0x0000000000000000       0x23 obj/default/player_2.o
                                         0x24 (size before relaxing)
 .comment       0x0000000000000023       0x24 c:/intelfpga_lite/18.1/nios2eds/bin/gnu/h-x86_64-mingw32/bin/../lib/gcc/nios2-elf/5.3.0/mno-hw-mul\libgcc.a(lib2-divmod.o)
 .comment       0x0000000000000023       0x24 c:/intelfpga_lite/18.1/nios2eds/bin/gnu/h-x86_64-mingw32/bin/../lib/gcc/nios2-elf/5.3.0/../../../../../H-x86_64-mingw32/nios2-elf/lib/mno-hw-mul\libsmallc.a(lib_a-memset.o)
 .comment       0x0000000000000023       0x24 ../player_2_bsp/\libhal_bsp.a(alt_irq_register.o)
 .comment       0x0000000000000023       0x24 ../player_2_bsp/\libhal_bsp.a(alt_irq_vars.o)
 .comment       0x0000000000000023       0x24 ../player_2_bsp/\libhal_bsp.a(alt_load.o)
 .comment       0x0000000000000023       0x24 ../player_2_bsp/\libhal_bsp.a(alt_main.o)
 .comment       0x0000000000000023       0x24 ../player_2_bsp/\libhal_bsp.a(alt_printf.o)
 .comment       0x0000000000000023       0x24 ../player_2_bsp/\libhal_bsp.a(alt_putchar.o)
 .comment       0x0000000000000023       0x24 ../player_2_bsp/\libhal_bsp.a(alt_sys_init.o)
 .comment       0x0000000000000023       0x24 ../player_2_bsp/\libhal_bsp.a(altera_avalon_jtag_uart_write.o)
 .comment       0x0000000000000023       0x24 ../player_2_bsp/\libhal_bsp.a(altera_up_avalon_accelerometer_spi.o)
 .comment       0x0000000000000023       0x24 ../player_2_bsp/\libhal_bsp.a(alt_dcache_flush_all.o)
 .comment       0x0000000000000023       0x24 ../player_2_bsp/\libhal_bsp.a(alt_dev.o)
 .comment       0x0000000000000023       0x24 ../player_2_bsp/\libhal_bsp.a(alt_dev_llist_insert.o)
 .comment       0x0000000000000023       0x24 ../player_2_bsp/\libhal_bsp.a(alt_errno.o)
 .comment       0x0000000000000023       0x24 ../player_2_bsp/\libhal_bsp.a(alt_find_dev.o)
 .comment       0x0000000000000023       0x24 ../player_2_bsp/\libhal_bsp.a(alt_icache_flush_all.o)
 .comment       0x0000000000000023       0x24 ../player_2_bsp/\libhal_bsp.a(alt_irq_handler.o)
 .comment       0x0000000000000023       0x24 ../player_2_bsp/\libhal_bsp.a(altera_nios2_gen2_irq.o)
 .comment       0x0000000000000023       0x24 ../player_2_bsp/\libhal_bsp.a(alt_instruction_exception_entry.o)
 .comment       0x0000000000000023       0x24 c:/intelfpga_lite/18.1/nios2eds/bin/gnu/h-x86_64-mingw32/bin/../lib/gcc/nios2-elf/5.3.0/../../../../../H-x86_64-mingw32/nios2-elf/lib/mno-hw-mul\libsmallc.a(lib_a-int_errno.o)
 .comment       0x0000000000000023       0x24 c:/intelfpga_lite/18.1/nios2eds/bin/gnu/h-x86_64-mingw32/bin/../lib/gcc/nios2-elf/5.3.0/../../../../../H-x86_64-mingw32/nios2-elf/lib/mno-hw-mul\libsmallc.a(lib_a-memcmp.o)
 .comment       0x0000000000000023       0x24 c:/intelfpga_lite/18.1/nios2eds/bin/gnu/h-x86_64-mingw32/bin/../lib/gcc/nios2-elf/5.3.0/../../../../../H-x86_64-mingw32/nios2-elf/lib/mno-hw-mul\libsmallc.a(lib_a-strlen.o)

.debug
 *(.debug)

.line
 *(.line)

.debug_srcinfo
 *(.debug_srcinfo)

.debug_sfnames
 *(.debug_sfnames)

.debug_aranges  0x0000000000000000      0x388
 *(.debug_aranges)
 .debug_aranges
                0x0000000000000000       0x28 ../player_2_bsp//obj/HAL/src/crt0.o
 .debug_aranges
                0x0000000000000028       0x28 obj/default/player_2.o
 .debug_aranges
                0x0000000000000050       0x20 c:/intelfpga_lite/18.1/nios2eds/bin/gnu/h-x86_64-mingw32/bin/../lib/gcc/nios2-elf/5.3.0/mno-hw-mul\libgcc.a(lib2-divmod.o)
 .debug_aranges
                0x0000000000000070       0x20 c:/intelfpga_lite/18.1/nios2eds/bin/gnu/h-x86_64-mingw32/bin/../lib/gcc/nios2-elf/5.3.0/../../../../../H-x86_64-mingw32/nios2-elf/lib/mno-hw-mul\libsmallc.a(lib_a-memset.o)
 .debug_aranges
                0x0000000000000090       0x20 ../player_2_bsp/\libhal_bsp.a(alt_irq_register.o)
 .debug_aranges
                0x00000000000000b0       0x18 ../player_2_bsp/\libhal_bsp.a(alt_irq_vars.o)
 .debug_aranges
                0x00000000000000c8       0x20 ../player_2_bsp/\libhal_bsp.a(alt_load.o)
 .debug_aranges
                0x00000000000000e8       0x20 ../player_2_bsp/\libhal_bsp.a(alt_main.o)
 .debug_aranges
                0x0000000000000108       0x20 ../player_2_bsp/\libhal_bsp.a(alt_printf.o)
 .debug_aranges
                0x0000000000000128       0x20 ../player_2_bsp/\libhal_bsp.a(alt_putchar.o)
 .debug_aranges
                0x0000000000000148       0x20 ../player_2_bsp/\libhal_bsp.a(alt_sys_init.o)
 .debug_aranges
                0x0000000000000168       0x20 ../player_2_bsp/\libhal_bsp.a(altera_avalon_jtag_uart_write.o)
 .debug_aranges
                0x0000000000000188       0x20 ../player_2_bsp/\libhal_bsp.a(altera_up_avalon_accelerometer_spi.o)
 .debug_aranges
                0x00000000000001a8       0x20 ../player_2_bsp/\libhal_bsp.a(alt_dcache_flush_all.o)
 .debug_aranges
                0x00000000000001c8       0x20 ../player_2_bsp/\libhal_bsp.a(alt_dev.o)
 .debug_aranges
                0x00000000000001e8       0x20 ../player_2_bsp/\libhal_bsp.a(alt_dev_llist_insert.o)
 .debug_aranges
                0x0000000000000208       0x18 ../player_2_bsp/\libhal_bsp.a(alt_errno.o)
 .debug_aranges
                0x0000000000000220       0x20 ../player_2_bsp/\libhal_bsp.a(alt_find_dev.o)
 .debug_aranges
                0x0000000000000240       0x20 ../player_2_bsp/\libhal_bsp.a(alt_icache_flush_all.o)
 .debug_aranges
                0x0000000000000260       0x30 ../player_2_bsp/\libhal_bsp.a(alt_irq_entry.o)
 .debug_aranges
                0x0000000000000290       0x20 ../player_2_bsp/\libhal_bsp.a(alt_irq_handler.o)
 .debug_aranges
                0x00000000000002b0       0x20 ../player_2_bsp/\libhal_bsp.a(altera_nios2_gen2_irq.o)
 .debug_aranges
                0x00000000000002d0       0x38 ../player_2_bsp/\libhal_bsp.a(alt_exception_entry.o)
 .debug_aranges
                0x0000000000000308       0x28 ../player_2_bsp/\libhal_bsp.a(alt_instruction_exception_entry.o)
 .debug_aranges
                0x0000000000000330       0x18 c:/intelfpga_lite/18.1/nios2eds/bin/gnu/h-x86_64-mingw32/bin/../lib/gcc/nios2-elf/5.3.0/../../../../../H-x86_64-mingw32/nios2-elf/lib/mno-hw-mul\libsmallc.a(lib_a-int_errno.o)
 .debug_aranges
                0x0000000000000348       0x20 c:/intelfpga_lite/18.1/nios2eds/bin/gnu/h-x86_64-mingw32/bin/../lib/gcc/nios2-elf/5.3.0/../../../../../H-x86_64-mingw32/nios2-elf/lib/mno-hw-mul\libsmallc.a(lib_a-memcmp.o)
 .debug_aranges
                0x0000000000000368       0x20 c:/intelfpga_lite/18.1/nios2eds/bin/gnu/h-x86_64-mingw32/bin/../lib/gcc/nios2-elf/5.3.0/../../../../../H-x86_64-mingw32/nios2-elf/lib/mno-hw-mul\libsmallc.a(lib_a-strlen.o)

.debug_pubnames
 *(.debug_pubnames)

.debug_info     0x0000000000000000     0x31af
 *(.debug_info .gnu.linkonce.wi.*)
 .debug_info    0x0000000000000000       0x8e ../player_2_bsp//obj/HAL/src/crt0.o
 .debug_info    0x000000000000008e      0x685 obj/default/player_2.o
 .debug_info    0x0000000000000713      0x2c6 c:/intelfpga_lite/18.1/nios2eds/bin/gnu/h-x86_64-mingw32/bin/../lib/gcc/nios2-elf/5.3.0/mno-hw-mul\libgcc.a(lib2-divmod.o)
 .debug_info    0x00000000000009d9       0xdc c:/intelfpga_lite/18.1/nios2eds/bin/gnu/h-x86_64-mingw32/bin/../lib/gcc/nios2-elf/5.3.0/../../../../../H-x86_64-mingw32/nios2-elf/lib/mno-hw-mul\libsmallc.a(lib_a-memset.o)
 .debug_info    0x0000000000000ab5      0x30d ../player_2_bsp/\libhal_bsp.a(alt_irq_register.o)
 .debug_info    0x0000000000000dc2       0x88 ../player_2_bsp/\libhal_bsp.a(alt_irq_vars.o)
 .debug_info    0x0000000000000e4a      0x1c9 ../player_2_bsp/\libhal_bsp.a(alt_load.o)
 .debug_info    0x0000000000001013      0x18f ../player_2_bsp/\libhal_bsp.a(alt_main.o)
 .debug_info    0x00000000000011a2      0x14d ../player_2_bsp/\libhal_bsp.a(alt_printf.o)
 .debug_info    0x00000000000012ef      0x12a ../player_2_bsp/\libhal_bsp.a(alt_putchar.o)
 .debug_info    0x0000000000001419      0x459 ../player_2_bsp/\libhal_bsp.a(alt_sys_init.o)
 .debug_info    0x0000000000001872      0x1ad ../player_2_bsp/\libhal_bsp.a(altera_avalon_jtag_uart_write.o)
 .debug_info    0x0000000000001a1f      0x479 ../player_2_bsp/\libhal_bsp.a(altera_up_avalon_accelerometer_spi.o)
 .debug_info    0x0000000000001e98       0x92 ../player_2_bsp/\libhal_bsp.a(alt_dcache_flush_all.o)
 .debug_info    0x0000000000001f2a      0x499 ../player_2_bsp/\libhal_bsp.a(alt_dev.o)
 .debug_info    0x00000000000023c3      0x1b3 ../player_2_bsp/\libhal_bsp.a(alt_dev_llist_insert.o)
 .debug_info    0x0000000000002576       0xa6 ../player_2_bsp/\libhal_bsp.a(alt_errno.o)
 .debug_info    0x000000000000261c      0x32d ../player_2_bsp/\libhal_bsp.a(alt_find_dev.o)
 .debug_info    0x0000000000002949       0x92 ../player_2_bsp/\libhal_bsp.a(alt_icache_flush_all.o)
 .debug_info    0x00000000000029db       0x97 ../player_2_bsp/\libhal_bsp.a(alt_irq_entry.o)
 .debug_info    0x0000000000002a72      0x1a4 ../player_2_bsp/\libhal_bsp.a(alt_irq_handler.o)
 .debug_info    0x0000000000002c16       0xb8 ../player_2_bsp/\libhal_bsp.a(altera_nios2_gen2_irq.o)
 .debug_info    0x0000000000002cce       0x9d ../player_2_bsp/\libhal_bsp.a(alt_exception_entry.o)
 .debug_info    0x0000000000002d6b      0x1fd ../player_2_bsp/\libhal_bsp.a(alt_instruction_exception_entry.o)
 .debug_info    0x0000000000002f68       0x8a c:/intelfpga_lite/18.1/nios2eds/bin/gnu/h-x86_64-mingw32/bin/../lib/gcc/nios2-elf/5.3.0/../../../../../H-x86_64-mingw32/nios2-elf/lib/mno-hw-mul\libsmallc.a(lib_a-int_errno.o)
 .debug_info    0x0000000000002ff2       0xf4 c:/intelfpga_lite/18.1/nios2eds/bin/gnu/h-x86_64-mingw32/bin/../lib/gcc/nios2-elf/5.3.0/../../../../../H-x86_64-mingw32/nios2-elf/lib/mno-hw-mul\libsmallc.a(lib_a-memcmp.o)
 .debug_info    0x00000000000030e6       0xc9 c:/intelfpga_lite/18.1/nios2eds/bin/gnu/h-x86_64-mingw32/bin/../lib/gcc/nios2-elf/5.3.0/../../../../../H-x86_64-mingw32/nios2-elf/lib/mno-hw-mul\libsmallc.a(lib_a-strlen.o)

.debug_abbrev   0x0000000000000000     0x14ce
 *(.debug_abbrev)
 .debug_abbrev  0x0000000000000000       0x12 ../player_2_bsp//obj/HAL/src/crt0.o
 .debug_abbrev  0x0000000000000012      0x25d obj/default/player_2.o
 .debug_abbrev  0x000000000000026f      0x10e c:/intelfpga_lite/18.1/nios2eds/bin/gnu/h-x86_64-mingw32/bin/../lib/gcc/nios2-elf/5.3.0/mno-hw-mul\libgcc.a(lib2-divmod.o)
 .debug_abbrev  0x000000000000037d       0x8e c:/intelfpga_lite/18.1/nios2eds/bin/gnu/h-x86_64-mingw32/bin/../lib/gcc/nios2-elf/5.3.0/../../../../../H-x86_64-mingw32/nios2-elf/lib/mno-hw-mul\libsmallc.a(lib_a-memset.o)
 .debug_abbrev  0x000000000000040b      0x1a5 ../player_2_bsp/\libhal_bsp.a(alt_irq_register.o)
 .debug_abbrev  0x00000000000005b0       0x40 ../player_2_bsp/\libhal_bsp.a(alt_irq_vars.o)
 .debug_abbrev  0x00000000000005f0       0xd8 ../player_2_bsp/\libhal_bsp.a(alt_load.o)
 .debug_abbrev  0x00000000000006c8       0xf5 ../player_2_bsp/\libhal_bsp.a(alt_main.o)
 .debug_abbrev  0x00000000000007bd       0xd5 ../player_2_bsp/\libhal_bsp.a(alt_printf.o)
 .debug_abbrev  0x0000000000000892       0xd2 ../player_2_bsp/\libhal_bsp.a(alt_putchar.o)
 .debug_abbrev  0x0000000000000964      0x1a5 ../player_2_bsp/\libhal_bsp.a(alt_sys_init.o)
 .debug_abbrev  0x0000000000000b09       0xd5 ../player_2_bsp/\libhal_bsp.a(altera_avalon_jtag_uart_write.o)
 .debug_abbrev  0x0000000000000bde      0x119 ../player_2_bsp/\libhal_bsp.a(altera_up_avalon_accelerometer_spi.o)
 .debug_abbrev  0x0000000000000cf7       0x42 ../player_2_bsp/\libhal_bsp.a(alt_dcache_flush_all.o)
 .debug_abbrev  0x0000000000000d39       0xd9 ../player_2_bsp/\libhal_bsp.a(alt_dev.o)
 .debug_abbrev  0x0000000000000e12      0x11c ../player_2_bsp/\libhal_bsp.a(alt_dev_llist_insert.o)
 .debug_abbrev  0x0000000000000f2e       0x5a ../player_2_bsp/\libhal_bsp.a(alt_errno.o)
 .debug_abbrev  0x0000000000000f88      0x125 ../player_2_bsp/\libhal_bsp.a(alt_find_dev.o)
 .debug_abbrev  0x00000000000010ad       0x42 ../player_2_bsp/\libhal_bsp.a(alt_icache_flush_all.o)
 .debug_abbrev  0x00000000000010ef       0x12 ../player_2_bsp/\libhal_bsp.a(alt_irq_entry.o)
 .debug_abbrev  0x0000000000001101      0x138 ../player_2_bsp/\libhal_bsp.a(alt_irq_handler.o)
 .debug_abbrev  0x0000000000001239       0x67 ../player_2_bsp/\libhal_bsp.a(altera_nios2_gen2_irq.o)
 .debug_abbrev  0x00000000000012a0       0x12 ../player_2_bsp/\libhal_bsp.a(alt_exception_entry.o)
 .debug_abbrev  0x00000000000012b2       0xe7 ../player_2_bsp/\libhal_bsp.a(alt_instruction_exception_entry.o)
 .debug_abbrev  0x0000000000001399       0x37 c:/intelfpga_lite/18.1/nios2eds/bin/gnu/h-x86_64-mingw32/bin/../lib/gcc/nios2-elf/5.3.0/../../../../../H-x86_64-mingw32/nios2-elf/lib/mno-hw-mul\libsmallc.a(lib_a-int_errno.o)
 .debug_abbrev  0x00000000000013d0       0x7f c:/intelfpga_lite/18.1/nios2eds/bin/gnu/h-x86_64-mingw32/bin/../lib/gcc/nios2-elf/5.3.0/../../../../../H-x86_64-mingw32/nios2-elf/lib/mno-hw-mul\libsmallc.a(lib_a-memcmp.o)
 .debug_abbrev  0x000000000000144f       0x7f c:/intelfpga_lite/18.1/nios2eds/bin/gnu/h-x86_64-mingw32/bin/../lib/gcc/nios2-elf/5.3.0/../../../../../H-x86_64-mingw32/nios2-elf/lib/mno-hw-mul\libsmallc.a(lib_a-strlen.o)

.debug_line     0x0000000000000000     0x165e
 *(.debug_line)
 .debug_line    0x0000000000000000       0x66 ../player_2_bsp//obj/HAL/src/crt0.o
 .debug_line    0x0000000000000066      0x1a9 obj/default/player_2.o
 .debug_line    0x000000000000020f      0x105 c:/intelfpga_lite/18.1/nios2eds/bin/gnu/h-x86_64-mingw32/bin/../lib/gcc/nios2-elf/5.3.0/mno-hw-mul\libgcc.a(lib2-divmod.o)
 .debug_line    0x0000000000000314      0x15d c:/intelfpga_lite/18.1/nios2eds/bin/gnu/h-x86_64-mingw32/bin/../lib/gcc/nios2-elf/5.3.0/../../../../../H-x86_64-mingw32/nios2-elf/lib/mno-hw-mul\libsmallc.a(lib_a-memset.o)
 .debug_line    0x0000000000000471       0xed ../player_2_bsp/\libhal_bsp.a(alt_irq_register.o)
 .debug_line    0x000000000000055e       0x50 ../player_2_bsp/\libhal_bsp.a(alt_irq_vars.o)
 .debug_line    0x00000000000005ae       0xa4 ../player_2_bsp/\libhal_bsp.a(alt_load.o)
 .debug_line    0x0000000000000652       0xea ../player_2_bsp/\libhal_bsp.a(alt_main.o)
 .debug_line    0x000000000000073c      0x112 ../player_2_bsp/\libhal_bsp.a(alt_printf.o)
 .debug_line    0x000000000000084e       0x55 ../player_2_bsp/\libhal_bsp.a(alt_putchar.o)
 .debug_line    0x00000000000008a3      0x178 ../player_2_bsp/\libhal_bsp.a(alt_sys_init.o)
 .debug_line    0x0000000000000a1b      0x104 ../player_2_bsp/\libhal_bsp.a(altera_avalon_jtag_uart_write.o)
 .debug_line    0x0000000000000b1f      0x131 ../player_2_bsp/\libhal_bsp.a(altera_up_avalon_accelerometer_spi.o)
 .debug_line    0x0000000000000c50       0x4e ../player_2_bsp/\libhal_bsp.a(alt_dcache_flush_all.o)
 .debug_line    0x0000000000000c9e       0xf6 ../player_2_bsp/\libhal_bsp.a(alt_dev.o)
 .debug_line    0x0000000000000d94       0xd8 ../player_2_bsp/\libhal_bsp.a(alt_dev_llist_insert.o)
 .debug_line    0x0000000000000e6c       0x51 ../player_2_bsp/\libhal_bsp.a(alt_errno.o)
 .debug_line    0x0000000000000ebd      0x107 ../player_2_bsp/\libhal_bsp.a(alt_find_dev.o)
 .debug_line    0x0000000000000fc4       0x4e ../player_2_bsp/\libhal_bsp.a(alt_icache_flush_all.o)
 .debug_line    0x0000000000001012       0x6b ../player_2_bsp/\libhal_bsp.a(alt_irq_entry.o)
 .debug_line    0x000000000000107d       0xc8 ../player_2_bsp/\libhal_bsp.a(alt_irq_handler.o)
 .debug_line    0x0000000000001145       0x8c ../player_2_bsp/\libhal_bsp.a(altera_nios2_gen2_irq.o)
 .debug_line    0x00000000000011d1       0xb3 ../player_2_bsp/\libhal_bsp.a(alt_exception_entry.o)
 .debug_line    0x0000000000001284       0xbf ../player_2_bsp/\libhal_bsp.a(alt_instruction_exception_entry.o)
 .debug_line    0x0000000000001343       0x5f c:/intelfpga_lite/18.1/nios2eds/bin/gnu/h-x86_64-mingw32/bin/../lib/gcc/nios2-elf/5.3.0/../../../../../H-x86_64-mingw32/nios2-elf/lib/mno-hw-mul\libsmallc.a(lib_a-int_errno.o)
 .debug_line    0x00000000000013a2      0x160 c:/intelfpga_lite/18.1/nios2eds/bin/gnu/h-x86_64-mingw32/bin/../lib/gcc/nios2-elf/5.3.0/../../../../../H-x86_64-mingw32/nios2-elf/lib/mno-hw-mul\libsmallc.a(lib_a-memcmp.o)
 .debug_line    0x0000000000001502      0x15c c:/intelfpga_lite/18.1/nios2eds/bin/gnu/h-x86_64-mingw32/bin/../lib/gcc/nios2-elf/5.3.0/../../../../../H-x86_64-mingw32/nios2-elf/lib/mno-hw-mul\libsmallc.a(lib_a-strlen.o)

.debug_frame    0x0000000000000000      0x480
 *(.debug_frame)
 .debug_frame   0x0000000000000000       0xa8 obj/default/player_2.o
 .debug_frame   0x00000000000000a8       0x50 c:/intelfpga_lite/18.1/nios2eds/bin/gnu/h-x86_64-mingw32/bin/../lib/gcc/nios2-elf/5.3.0/mno-hw-mul\libgcc.a(lib2-divmod.o)
 .debug_frame   0x00000000000000f8       0x20 c:/intelfpga_lite/18.1/nios2eds/bin/gnu/h-x86_64-mingw32/bin/../lib/gcc/nios2-elf/5.3.0/../../../../../H-x86_64-mingw32/nios2-elf/lib/mno-hw-mul\libsmallc.a(lib_a-memset.o)
 .debug_frame   0x0000000000000118       0x20 ../player_2_bsp/\libhal_bsp.a(alt_irq_register.o)
 .debug_frame   0x0000000000000138       0x30 ../player_2_bsp/\libhal_bsp.a(alt_load.o)
 .debug_frame   0x0000000000000168       0x2c ../player_2_bsp/\libhal_bsp.a(alt_main.o)
 .debug_frame   0x0000000000000194       0x54 ../player_2_bsp/\libhal_bsp.a(alt_printf.o)
 .debug_frame   0x00000000000001e8       0x30 ../player_2_bsp/\libhal_bsp.a(alt_putchar.o)
 .debug_frame   0x0000000000000218       0x3c ../player_2_bsp/\libhal_bsp.a(alt_sys_init.o)
 .debug_frame   0x0000000000000254       0x20 ../player_2_bsp/\libhal_bsp.a(altera_avalon_jtag_uart_write.o)
 .debug_frame   0x0000000000000274       0x80 ../player_2_bsp/\libhal_bsp.a(altera_up_avalon_accelerometer_spi.o)
 .debug_frame   0x00000000000002f4       0x20 ../player_2_bsp/\libhal_bsp.a(alt_dcache_flush_all.o)
 .debug_frame   0x0000000000000314       0x20 ../player_2_bsp/\libhal_bsp.a(alt_dev.o)
 .debug_frame   0x0000000000000334       0x2c ../player_2_bsp/\libhal_bsp.a(alt_dev_llist_insert.o)
 .debug_frame   0x0000000000000360       0x3c ../player_2_bsp/\libhal_bsp.a(alt_find_dev.o)
 .debug_frame   0x000000000000039c       0x20 ../player_2_bsp/\libhal_bsp.a(alt_icache_flush_all.o)
 .debug_frame   0x00000000000003bc       0x34 ../player_2_bsp/\libhal_bsp.a(alt_irq_handler.o)
 .debug_frame   0x00000000000003f0       0x20 ../player_2_bsp/\libhal_bsp.a(altera_nios2_gen2_irq.o)
 .debug_frame   0x0000000000000410       0x30 ../player_2_bsp/\libhal_bsp.a(alt_instruction_exception_entry.o)
 .debug_frame   0x0000000000000440       0x20 c:/intelfpga_lite/18.1/nios2eds/bin/gnu/h-x86_64-mingw32/bin/../lib/gcc/nios2-elf/5.3.0/../../../../../H-x86_64-mingw32/nios2-elf/lib/mno-hw-mul\libsmallc.a(lib_a-memcmp.o)
 .debug_frame   0x0000000000000460       0x20 c:/intelfpga_lite/18.1/nios2eds/bin/gnu/h-x86_64-mingw32/bin/../lib/gcc/nios2-elf/5.3.0/../../../../../H-x86_64-mingw32/nios2-elf/lib/mno-hw-mul\libsmallc.a(lib_a-strlen.o)

.debug_str      0x0000000000000000     0x1338
 *(.debug_str)
 .debug_str     0x0000000000000000      0x321 obj/default/player_2.o
                                        0x37a (size before relaxing)
 .debug_str     0x0000000000000321      0x187 c:/intelfpga_lite/18.1/nios2eds/bin/gnu/h-x86_64-mingw32/bin/../lib/gcc/nios2-elf/5.3.0/mno-hw-mul\libgcc.a(lib2-divmod.o)
                                        0x1d2 (size before relaxing)
 .debug_str     0x00000000000004a8      0x13a c:/intelfpga_lite/18.1/nios2eds/bin/gnu/h-x86_64-mingw32/bin/../lib/gcc/nios2-elf/5.3.0/../../../../../H-x86_64-mingw32/nios2-elf/lib/mno-hw-mul\libsmallc.a(lib_a-memset.o)
                                        0x1df (size before relaxing)
 .debug_str     0x00000000000005e2       0xf7 ../player_2_bsp/\libhal_bsp.a(alt_irq_register.o)
                                        0x228 (size before relaxing)
 .debug_str     0x00000000000006d9       0x17 ../player_2_bsp/\libhal_bsp.a(alt_irq_vars.o)
                                        0x15a (size before relaxing)
 .debug_str     0x00000000000006f0      0x113 ../player_2_bsp/\libhal_bsp.a(alt_load.o)
                                        0x25c (size before relaxing)
 .debug_str     0x0000000000000803       0x5e ../player_2_bsp/\libhal_bsp.a(alt_main.o)
                                        0x1fe (size before relaxing)
 .debug_str     0x0000000000000861       0x59 ../player_2_bsp/\libhal_bsp.a(alt_printf.o)
                                        0x126 (size before relaxing)
 .debug_str     0x00000000000008ba       0x5e ../player_2_bsp/\libhal_bsp.a(alt_putchar.o)
                                        0x1ab (size before relaxing)
 .debug_str     0x0000000000000918       0xfa ../player_2_bsp/\libhal_bsp.a(alt_sys_init.o)
                                        0x36a (size before relaxing)
 .debug_str     0x0000000000000a12       0x32 ../player_2_bsp/\libhal_bsp.a(altera_avalon_jtag_uart_write.o)
                                        0x256 (size before relaxing)
 .debug_str     0x0000000000000a44       0xde ../player_2_bsp/\libhal_bsp.a(altera_up_avalon_accelerometer_spi.o)
                                        0x36e (size before relaxing)
 .debug_str     0x0000000000000b22       0x1f ../player_2_bsp/\libhal_bsp.a(alt_dcache_flush_all.o)
                                        0x175 (size before relaxing)
 .debug_str     0x0000000000000b41      0x125 ../player_2_bsp/\libhal_bsp.a(alt_dev.o)
                                        0x325 (size before relaxing)
 .debug_str     0x0000000000000c66       0x48 ../player_2_bsp/\libhal_bsp.a(alt_dev_llist_insert.o)
                                        0x1ec (size before relaxing)
 .debug_str     0x0000000000000cae       0x14 ../player_2_bsp/\libhal_bsp.a(alt_errno.o)
                                        0x165 (size before relaxing)
 .debug_str     0x0000000000000cc2       0x25 ../player_2_bsp/\libhal_bsp.a(alt_find_dev.o)
                                        0x21a (size before relaxing)
 .debug_str     0x0000000000000ce7       0x1f ../player_2_bsp/\libhal_bsp.a(alt_icache_flush_all.o)
                                        0x175 (size before relaxing)
 .debug_str     0x0000000000000d06       0x3a ../player_2_bsp/\libhal_bsp.a(alt_irq_handler.o)
                                        0x1d8 (size before relaxing)
 .debug_str     0x0000000000000d40       0x20 ../player_2_bsp/\libhal_bsp.a(altera_nios2_gen2_irq.o)
                                        0x1a5 (size before relaxing)
 .debug_str     0x0000000000000d60      0x48b ../player_2_bsp/\libhal_bsp.a(alt_instruction_exception_entry.o)
                                        0x5c0 (size before relaxing)
 .debug_str     0x00000000000011eb       0xd3 c:/intelfpga_lite/18.1/nios2eds/bin/gnu/h-x86_64-mingw32/bin/../lib/gcc/nios2-elf/5.3.0/../../../../../H-x86_64-mingw32/nios2-elf/lib/mno-hw-mul\libsmallc.a(lib_a-int_errno.o)
                                        0x1d8 (size before relaxing)
 .debug_str     0x00000000000012be       0x3d c:/intelfpga_lite/18.1/nios2eds/bin/gnu/h-x86_64-mingw32/bin/../lib/gcc/nios2-elf/5.3.0/../../../../../H-x86_64-mingw32/nios2-elf/lib/mno-hw-mul\libsmallc.a(lib_a-memcmp.o)
                                        0x1df (size before relaxing)
 .debug_str     0x00000000000012fb       0x3d c:/intelfpga_lite/18.1/nios2eds/bin/gnu/h-x86_64-mingw32/bin/../lib/gcc/nios2-elf/5.3.0/../../../../../H-x86_64-mingw32/nios2-elf/lib/mno-hw-mul\libsmallc.a(lib_a-strlen.o)
                                        0x1e5 (size before relaxing)

.debug_loc      0x0000000000000000      0xde3
 *(.debug_loc)
 .debug_loc     0x0000000000000000      0x1d8 obj/default/player_2.o
 .debug_loc     0x00000000000001d8      0x4ce c:/intelfpga_lite/18.1/nios2eds/bin/gnu/h-x86_64-mingw32/bin/../lib/gcc/nios2-elf/5.3.0/mno-hw-mul\libgcc.a(lib2-divmod.o)
 .debug_loc     0x00000000000006a6       0xa5 c:/intelfpga_lite/18.1/nios2eds/bin/gnu/h-x86_64-mingw32/bin/../lib/gcc/nios2-elf/5.3.0/../../../../../H-x86_64-mingw32/nios2-elf/lib/mno-hw-mul\libsmallc.a(lib_a-memset.o)
 .debug_loc     0x000000000000074b       0xfa ../player_2_bsp/\libhal_bsp.a(alt_irq_register.o)
 .debug_loc     0x0000000000000845      0x1de ../player_2_bsp/\libhal_bsp.a(alt_printf.o)
 .debug_loc     0x0000000000000a23       0x2c ../player_2_bsp/\libhal_bsp.a(alt_putchar.o)
 .debug_loc     0x0000000000000a4f       0x21 ../player_2_bsp/\libhal_bsp.a(alt_sys_init.o)
 .debug_loc     0x0000000000000a70       0x8b ../player_2_bsp/\libhal_bsp.a(altera_avalon_jtag_uart_write.o)
 .debug_loc     0x0000000000000afb       0x63 ../player_2_bsp/\libhal_bsp.a(altera_up_avalon_accelerometer_spi.o)
 .debug_loc     0x0000000000000b5e       0x7e ../player_2_bsp/\libhal_bsp.a(alt_dev_llist_insert.o)
 .debug_loc     0x0000000000000bdc       0x7e ../player_2_bsp/\libhal_bsp.a(alt_find_dev.o)
 .debug_loc     0x0000000000000c5a       0x72 ../player_2_bsp/\libhal_bsp.a(alt_irq_handler.o)
 .debug_loc     0x0000000000000ccc       0x65 ../player_2_bsp/\libhal_bsp.a(alt_instruction_exception_entry.o)
 .debug_loc     0x0000000000000d31       0x94 c:/intelfpga_lite/18.1/nios2eds/bin/gnu/h-x86_64-mingw32/bin/../lib/gcc/nios2-elf/5.3.0/../../../../../H-x86_64-mingw32/nios2-elf/lib/mno-hw-mul\libsmallc.a(lib_a-memcmp.o)
 .debug_loc     0x0000000000000dc5       0x1e c:/intelfpga_lite/18.1/nios2eds/bin/gnu/h-x86_64-mingw32/bin/../lib/gcc/nios2-elf/5.3.0/../../../../../H-x86_64-mingw32/nios2-elf/lib/mno-hw-mul\libsmallc.a(lib_a-strlen.o)

.debug_macinfo
 *(.debug_macinfo)

.debug_weaknames
 *(.debug_weaknames)

.debug_funcnames
 *(.debug_funcnames)

.debug_typenames
 *(.debug_typenames)

.debug_varnames
 *(.debug_varnames)

.debug_alt_sim_info
                0x0000000000000000       0x10
 *(.debug_alt_sim_info)
 .debug_alt_sim_info
                0x0000000000000000       0x10 ../player_2_bsp//obj/HAL/src/crt0.o
                0x0000000000020000                __alt_data_end = 0x20000
                0x0000000000020000                PROVIDE (__alt_stack_pointer, __alt_data_end)
                [!provide]                        PROVIDE (__alt_stack_limit, __alt_stack_base)
                [!provide]                        PROVIDE (__alt_heap_start, end)
                [!provide]                        PROVIDE (__alt_heap_limit, 0x20000)
OUTPUT(player_2.elf elf32-littlenios2)

.debug_ranges   0x0000000000000000      0x210
 .debug_ranges  0x0000000000000000       0x20 ../player_2_bsp//obj/HAL/src/crt0.o
 .debug_ranges  0x0000000000000020       0x48 obj/default/player_2.o
 .debug_ranges  0x0000000000000068       0x60 c:/intelfpga_lite/18.1/nios2eds/bin/gnu/h-x86_64-mingw32/bin/../lib/gcc/nios2-elf/5.3.0/mno-hw-mul\libgcc.a(lib2-divmod.o)
 .debug_ranges  0x00000000000000c8       0x10 c:/intelfpga_lite/18.1/nios2eds/bin/gnu/h-x86_64-mingw32/bin/../lib/gcc/nios2-elf/5.3.0/../../../../../H-x86_64-mingw32/nios2-elf/lib/mno-hw-mul\libsmallc.a(lib_a-memset.o)
 .debug_ranges  0x00000000000000d8       0x48 ../player_2_bsp/\libhal_bsp.a(alt_load.o)
 .debug_ranges  0x0000000000000120       0x18 ../player_2_bsp/\libhal_bsp.a(alt_printf.o)
 .debug_ranges  0x0000000000000138       0x18 ../player_2_bsp/\libhal_bsp.a(alt_sys_init.o)
 .debug_ranges  0x0000000000000150       0x20 ../player_2_bsp/\libhal_bsp.a(alt_dev_llist_insert.o)
 .debug_ranges  0x0000000000000170       0x28 ../player_2_bsp/\libhal_bsp.a(alt_irq_entry.o)
 .debug_ranges  0x0000000000000198       0x10 ../player_2_bsp/\libhal_bsp.a(alt_irq_handler.o)
 .debug_ranges  0x00000000000001a8       0x30 ../player_2_bsp/\libhal_bsp.a(alt_exception_entry.o)
 .debug_ranges  0x00000000000001d8       0x18 ../player_2_bsp/\libhal_bsp.a(alt_instruction_exception_entry.o)
 .debug_ranges  0x00000000000001f0       0x10 c:/intelfpga_lite/18.1/nios2eds/bin/gnu/h-x86_64-mingw32/bin/../lib/gcc/nios2-elf/5.3.0/../../../../../H-x86_64-mingw32/nios2-elf/lib/mno-hw-mul\libsmallc.a(lib_a-memcmp.o)
 .debug_ranges  0x0000000000000200       0x10 c:/intelfpga_lite/18.1/nios2eds/bin/gnu/h-x86_64-mingw32/bin/../lib/gcc/nios2-elf/5.3.0/../../../../../H-x86_64-mingw32/nios2-elf/lib/mno-hw-mul\libsmallc.a(lib_a-strlen.o)
