Archive member included to satisfy reference by file (symbol)

c:/intelfpga_lite/18.1/nios2eds/bin/gnu/h-x86_64-mingw32/bin/../lib/gcc/nios2-elf/5.3.0/mno-hw-mul\libgcc.a(lib2-divmod.o)
                              obj/default/faster_accelerometer_player_1.o (__divsi3)
c:/intelfpga_lite/18.1/nios2eds/bin/gnu/h-x86_64-mingw32/bin/../lib/gcc/nios2-elf/5.3.0/../../../../../H-x86_64-mingw32/nios2-elf/lib/mno-hw-mul\libsmallc.a(lib_a-memset.o)
                              obj/default/faster_accelerometer_player_1.o (memset)
../faster_accelerometer_bsp/\libhal_bsp.a(alt_irq_register.o)
                              obj/default/faster_accelerometer_player_1.o (alt_irq_register)
../faster_accelerometer_bsp/\libhal_bsp.a(alt_irq_vars.o)
                              ../faster_accelerometer_bsp/\libhal_bsp.a(alt_irq_register.o) (alt_irq_active)
../faster_accelerometer_bsp/\libhal_bsp.a(alt_load.o)
                              ../faster_accelerometer_bsp//obj/HAL/src/crt0.o (alt_load)
../faster_accelerometer_bsp/\libhal_bsp.a(alt_main.o)
                              ../faster_accelerometer_bsp//obj/HAL/src/crt0.o (alt_main)
../faster_accelerometer_bsp/\libhal_bsp.a(alt_printf.o)
                              obj/default/faster_accelerometer_player_1.o (alt_printf)
../faster_accelerometer_bsp/\libhal_bsp.a(alt_putchar.o)
                              ../faster_accelerometer_bsp/\libhal_bsp.a(alt_printf.o) (alt_putchar)
../faster_accelerometer_bsp/\libhal_bsp.a(alt_sys_init.o)
                              ../faster_accelerometer_bsp/\libhal_bsp.a(alt_main.o) (alt_irq_init)
../faster_accelerometer_bsp/\libhal_bsp.a(altera_avalon_jtag_uart_write.o)
                              ../faster_accelerometer_bsp/\libhal_bsp.a(alt_putchar.o) (altera_avalon_jtag_uart_write)
../faster_accelerometer_bsp/\libhal_bsp.a(altera_up_avalon_accelerometer_spi.o)
                              obj/default/faster_accelerometer_player_1.o (alt_up_accelerometer_spi_open_dev)
../faster_accelerometer_bsp/\libhal_bsp.a(alt_dcache_flush_all.o)
                              ../faster_accelerometer_bsp/\libhal_bsp.a(alt_load.o) (alt_dcache_flush_all)
../faster_accelerometer_bsp/\libhal_bsp.a(alt_dev.o)
                              ../faster_accelerometer_bsp/\libhal_bsp.a(alt_sys_init.o) (alt_dev_list)
../faster_accelerometer_bsp/\libhal_bsp.a(alt_dev_llist_insert.o)
                              ../faster_accelerometer_bsp/\libhal_bsp.a(alt_sys_init.o) (alt_dev_llist_insert)
../faster_accelerometer_bsp/\libhal_bsp.a(alt_errno.o)
                              ../faster_accelerometer_bsp/\libhal_bsp.a(alt_dev_llist_insert.o) (alt_errno)
../faster_accelerometer_bsp/\libhal_bsp.a(alt_find_dev.o)
                              ../faster_accelerometer_bsp/\libhal_bsp.a(altera_up_avalon_accelerometer_spi.o) (alt_find_dev)
../faster_accelerometer_bsp/\libhal_bsp.a(alt_icache_flush_all.o)
                              ../faster_accelerometer_bsp/\libhal_bsp.a(alt_load.o) (alt_icache_flush_all)
../faster_accelerometer_bsp/\libhal_bsp.a(alt_irq_entry.o)
                              ../faster_accelerometer_bsp/\libhal_bsp.a(alt_irq_register.o) (alt_irq_entry)
../faster_accelerometer_bsp/\libhal_bsp.a(alt_irq_handler.o)
                              ../faster_accelerometer_bsp/\libhal_bsp.a(alt_irq_register.o) (alt_irq_handler)
../faster_accelerometer_bsp/\libhal_bsp.a(altera_nios2_gen2_irq.o)
                              ../faster_accelerometer_bsp/\libhal_bsp.a(alt_sys_init.o) (altera_nios2_gen2_irq_init)
../faster_accelerometer_bsp/\libhal_bsp.a(alt_exception_entry.o)
                              ../faster_accelerometer_bsp/\libhal_bsp.a(alt_irq_entry.o) (alt_exception)
../faster_accelerometer_bsp/\libhal_bsp.a(alt_instruction_exception_entry.o)
                              ../faster_accelerometer_bsp/\libhal_bsp.a(alt_exception_entry.o) (alt_instruction_exception_entry)
c:/intelfpga_lite/18.1/nios2eds/bin/gnu/h-x86_64-mingw32/bin/../lib/gcc/nios2-elf/5.3.0/../../../../../H-x86_64-mingw32/nios2-elf/lib/mno-hw-mul\libsmallc.a(lib_a-int_errno.o)
                              ../faster_accelerometer_bsp/\libhal_bsp.a(alt_dev_llist_insert.o) (errno)
c:/intelfpga_lite/18.1/nios2eds/bin/gnu/h-x86_64-mingw32/bin/../lib/gcc/nios2-elf/5.3.0/../../../../../H-x86_64-mingw32/nios2-elf/lib/mno-hw-mul\libsmallc.a(lib_a-memcmp.o)
                              ../faster_accelerometer_bsp/\libhal_bsp.a(alt_find_dev.o) (memcmp)
c:/intelfpga_lite/18.1/nios2eds/bin/gnu/h-x86_64-mingw32/bin/../lib/gcc/nios2-elf/5.3.0/../../../../../H-x86_64-mingw32/nios2-elf/lib/mno-hw-mul\libsmallc.a(lib_a-strlen.o)
                              ../faster_accelerometer_bsp/\libhal_bsp.a(alt_find_dev.o) (strlen)

Allocating common symbols
Common symbol       size              file

alt_irq             0x100             ../faster_accelerometer_bsp/\libhal_bsp.a(alt_irq_handler.o)
errno               0x4               c:/intelfpga_lite/18.1/nios2eds/bin/gnu/h-x86_64-mingw32/bin/../lib/gcc/nios2-elf/5.3.0/../../../../../H-x86_64-mingw32/nios2-elf/lib/mno-hw-mul\libsmallc.a(lib_a-int_errno.o)
led                 0x1               obj/default/faster_accelerometer_player_1.o
level               0x4               obj/default/faster_accelerometer_player_1.o

Memory Configuration

Name             Origin             Length             Attributes
reset            0x0000000000010000 0x0000000000000020
onchip_memory    0x0000000000010020 0x000000000000ffe0
*default*        0x0000000000000000 0xffffffffffffffff

Linker script and memory map

LOAD ../faster_accelerometer_bsp//obj/HAL/src/crt0.o
LOAD obj/default/faster_accelerometer_player_1.o
LOAD c:/intelfpga_lite/18.1/nios2eds/bin/gnu/h-x86_64-mingw32/bin/../lib/gcc/nios2-elf/5.3.0/../../../../../H-x86_64-mingw32/nios2-elf/lib/mno-hw-mul\libstdc++.a
LOAD c:/intelfpga_lite/18.1/nios2eds/bin/gnu/h-x86_64-mingw32/bin/../lib/gcc/nios2-elf/5.3.0/../../../../../H-x86_64-mingw32/nios2-elf/lib/mno-hw-mul\libm.a
LOAD c:/intelfpga_lite/18.1/nios2eds/bin/gnu/h-x86_64-mingw32/bin/../lib/gcc/nios2-elf/5.3.0/mno-hw-mul\libgcc.a
START GROUP
LOAD c:/intelfpga_lite/18.1/nios2eds/bin/gnu/h-x86_64-mingw32/bin/../lib/gcc/nios2-elf/5.3.0/../../../../../H-x86_64-mingw32/nios2-elf/lib/mno-hw-mul\libsmallc.a
LOAD c:/intelfpga_lite/18.1/nios2eds/bin/gnu/h-x86_64-mingw32/bin/../lib/gcc/nios2-elf/5.3.0/mno-hw-mul\libgcc.a
LOAD ../faster_accelerometer_bsp/\libhal_bsp.a
LOAD c:/intelfpga_lite/18.1/nios2eds/bin/gnu/h-x86_64-mingw32/bin/../lib/gcc/nios2-elf/5.3.0/../../../../../H-x86_64-mingw32/nios2-elf/lib/mno-hw-mul\libm.a
END GROUP
LOAD c:/intelfpga_lite/18.1/nios2eds/bin/gnu/h-x86_64-mingw32/bin/../lib/gcc/nios2-elf/5.3.0/mno-hw-mul\libgcc.a
                0x0000000000010000                __alt_mem_onchip_memory = 0x10000

.entry          0x0000000000010000       0x20
 *(.entry)
 .entry         0x0000000000010000       0x20 ../faster_accelerometer_bsp//obj/HAL/src/crt0.o
                0x0000000000010000                __reset
                0x000000000001000c                _exit

.exceptions     0x0000000000010020      0x160
                0x0000000000010020                PROVIDE (__ram_exceptions_start, ABSOLUTE (.))
                0x0000000000010020                . = ALIGN (0x20)
 *(.irq)
 *(.exceptions.entry.label)
 .exceptions.entry.label
                0x0000000000010020        0x0 ../faster_accelerometer_bsp/\libhal_bsp.a(alt_irq_entry.o)
                0x0000000000010020                alt_irq_entry
 .exceptions.entry.label
                0x0000000000010020        0x0 ../faster_accelerometer_bsp/\libhal_bsp.a(alt_exception_entry.o)
                0x0000000000010020                alt_exception
 *(.exceptions.entry.user)
 *(.exceptions.entry.ecc_fatal)
 *(.exceptions.entry)
 .exceptions.entry
                0x0000000000010020       0x54 ../faster_accelerometer_bsp/\libhal_bsp.a(alt_exception_entry.o)
 *(.exceptions.irqtest.user)
 *(.exceptions.irqtest)
 .exceptions.irqtest
                0x0000000000010074       0x10 ../faster_accelerometer_bsp/\libhal_bsp.a(alt_irq_entry.o)
 *(.exceptions.irqhandler.user)
 *(.exceptions.irqhandler)
 .exceptions.irqhandler
                0x0000000000010084        0x4 ../faster_accelerometer_bsp/\libhal_bsp.a(alt_irq_entry.o)
 *(.exceptions.irqreturn.user)
 *(.exceptions.irqreturn)
 .exceptions.irqreturn
                0x0000000000010088        0x4 ../faster_accelerometer_bsp/\libhal_bsp.a(alt_irq_entry.o)
 *(.exceptions.notirq.label)
 .exceptions.notirq.label
                0x000000000001008c        0x0 ../faster_accelerometer_bsp/\libhal_bsp.a(alt_irq_entry.o)
 *(.exceptions.notirq.user)
 *(.exceptions.notirq)
 .exceptions.notirq
                0x000000000001008c        0x8 ../faster_accelerometer_bsp/\libhal_bsp.a(alt_exception_entry.o)
 *(.exceptions.soft.user)
 *(.exceptions.soft)
 *(.exceptions.unknown.user)
 *(.exceptions.unknown)
 .exceptions.unknown
                0x0000000000010094       0x14 ../faster_accelerometer_bsp/\libhal_bsp.a(alt_exception_entry.o)
 *(.exceptions.exit.label)
 .exceptions.exit.label
                0x00000000000100a8        0x0 ../faster_accelerometer_bsp/\libhal_bsp.a(alt_irq_entry.o)
 .exceptions.exit.label
                0x00000000000100a8        0x0 ../faster_accelerometer_bsp/\libhal_bsp.a(alt_exception_entry.o)
 *(.exceptions.exit.user)
 *(.exceptions.exit)
 .exceptions.exit
                0x00000000000100a8       0x54 ../faster_accelerometer_bsp/\libhal_bsp.a(alt_exception_entry.o)
 *(.exceptions)
 .exceptions    0x00000000000100fc       0x60 ../faster_accelerometer_bsp/\libhal_bsp.a(alt_irq_handler.o)
                0x00000000000100fc                alt_irq_handler
 .exceptions    0x000000000001015c       0x24 ../faster_accelerometer_bsp/\libhal_bsp.a(alt_instruction_exception_entry.o)
                0x000000000001015c                alt_instruction_exception_entry
                0x0000000000010180                PROVIDE (__ram_exceptions_end, ABSOLUTE (.))
                0x0000000000010020                PROVIDE (__flash_exceptions_start, LOADADDR (.exceptions))

.text           0x0000000000010180      0xbd8
                [!provide]                        PROVIDE (stext, ABSOLUTE (.))
 *(.interp)
 *(.hash)
 *(.dynsym)
 *(.dynstr)
 *(.gnu.version)
 *(.gnu.version_d)
 *(.gnu.version_r)
 *(.rel.init)
 *(.rela.init)
 *(.rel.text .rel.text.* .rel.gnu.linkonce.t.*)
 *(.rela.text .rela.text.* .rela.gnu.linkonce.t.*)
 *(.rel.fini)
 *(.rela.fini)
 *(.rel.rodata .rel.rodata.* .rel.gnu.linkonce.r.*)
 *(.rela.rodata .rela.rodata.* .rela.gnu.linkonce.r.*)
 *(.rel.data .rel.data.* .rel.gnu.linkonce.d.*)
 *(.rela.data .rela.data.* .rela.gnu.linkonce.d.*)
 *(.rel.tdata .rel.tdata.* .rel.gnu.linkonce.td.*)
 *(.rela.tdata .rela.tdata.* .rela.gnu.linkonce.td.*)
 *(.rel.tbss .rel.tbss.* .rel.gnu.linkonce.tb.*)
 *(.rela.tbss .rela.tbss.* .rela.gnu.linkonce.tb.*)
 *(.rel.ctors)
 *(.rela.ctors)
 *(.rel.dtors)
 *(.rela.dtors)
 *(.rel.got)
 *(.rela.got)
 *(.rel.sdata .rel.sdata.* .rel.gnu.linkonce.s.*)
 *(.rela.sdata .rela.sdata.* .rela.gnu.linkonce.s.*)
 *(.rel.sbss .rel.sbss.* .rel.gnu.linkonce.sb.*)
 *(.rela.sbss .rela.sbss.* .rela.gnu.linkonce.sb.*)
 *(.rel.sdata2 .rel.sdata2.* .rel.gnu.linkonce.s2.*)
 *(.rela.sdata2 .rela.sdata2.* .rela.gnu.linkonce.s2.*)
 *(.rel.sbss2 .rel.sbss2.* .rel.gnu.linkonce.sb2.*)
 *(.rela.sbss2 .rela.sbss2.* .rela.gnu.linkonce.sb2.*)
 *(.rel.bss .rel.bss.* .rel.gnu.linkonce.b.*)
 *(.rela.bss .rela.bss.* .rela.gnu.linkonce.b.*)
 *(.rel.plt)
 *(.rela.plt)
 *(.rel.dyn)
 *(.init)
 *(.plt)
 *(.text .stub .text.* .gnu.linkonce.t.*)
 .text          0x0000000000010180       0x3c ../faster_accelerometer_bsp//obj/HAL/src/crt0.o
                0x0000000000010180                _start
 .text          0x00000000000101bc      0x11c obj/default/faster_accelerometer_player_1.o
                0x00000000000101bc                sys_timer_isr
                0x000000000001023c                led_write
                0x0000000000010250                timer_init
                0x00000000000102c0                wait
 .text.startup  0x00000000000102d8      0x1d8 obj/default/faster_accelerometer_player_1.o
                0x00000000000102d8                main
 .text          0x00000000000104b0      0x1b4 c:/intelfpga_lite/18.1/nios2eds/bin/gnu/h-x86_64-mingw32/bin/../lib/gcc/nios2-elf/5.3.0/mno-hw-mul\libgcc.a(lib2-divmod.o)
                0x00000000000104b0                __divsi3
                0x0000000000010534                __modsi3
                0x00000000000105a8                __udivsi3
                0x000000000001060c                __umodsi3
 .text          0x0000000000010664        0x0 c:/intelfpga_lite/18.1/nios2eds/bin/gnu/h-x86_64-mingw32/bin/../lib/gcc/nios2-elf/5.3.0/../../../../../H-x86_64-mingw32/nios2-elf/lib/mno-hw-mul\libsmallc.a(lib_a-memset.o)
 .text.memset   0x0000000000010664       0x20 c:/intelfpga_lite/18.1/nios2eds/bin/gnu/h-x86_64-mingw32/bin/../lib/gcc/nios2-elf/5.3.0/../../../../../H-x86_64-mingw32/nios2-elf/lib/mno-hw-mul\libsmallc.a(lib_a-memset.o)
                0x0000000000010664                memset
 .text          0x0000000000010684       0x94 ../faster_accelerometer_bsp/\libhal_bsp.a(alt_irq_register.o)
                0x0000000000010684                alt_irq_register
 .text          0x0000000000010718        0x0 ../faster_accelerometer_bsp/\libhal_bsp.a(alt_irq_vars.o)
 .text          0x0000000000010718       0xe0 ../faster_accelerometer_bsp/\libhal_bsp.a(alt_load.o)
                0x0000000000010718                alt_load
 .text          0x00000000000107f8       0x2c ../faster_accelerometer_bsp/\libhal_bsp.a(alt_main.o)
                0x00000000000107f8                alt_main
 .text          0x0000000000010824      0x170 ../faster_accelerometer_bsp/\libhal_bsp.a(alt_printf.o)
                0x0000000000010824                alt_printf
 .text          0x0000000000010994       0x48 ../faster_accelerometer_bsp/\libhal_bsp.a(alt_putchar.o)
                0x0000000000010994                alt_putchar
 .text          0x00000000000109dc       0x30 ../faster_accelerometer_bsp/\libhal_bsp.a(alt_sys_init.o)
                0x00000000000109dc                alt_irq_init
                0x00000000000109fc                alt_sys_init
 .text          0x0000000000010a0c       0x34 ../faster_accelerometer_bsp/\libhal_bsp.a(altera_avalon_jtag_uart_write.o)
                0x0000000000010a0c                altera_avalon_jtag_uart_write
 .text          0x0000000000010a40      0x160 ../faster_accelerometer_bsp/\libhal_bsp.a(altera_up_avalon_accelerometer_spi.o)
                0x0000000000010a40                alt_up_accelerometer_spi_open_dev
                0x0000000000010a48                alt_up_accelerometer_spi_read_address_register
                0x0000000000010a5c                alt_up_accelerometer_spi_read
                0x0000000000010a7c                alt_up_accelerometer_spi_write
                0x0000000000010a98                alt_up_accelerometer_spi_read_x_axis
                0x0000000000010af0                alt_up_accelerometer_spi_read_y_axis
                0x0000000000010b48                alt_up_accelerometer_spi_read_z_axis
 .text          0x0000000000010ba0        0x4 ../faster_accelerometer_bsp/\libhal_bsp.a(alt_dcache_flush_all.o)
                0x0000000000010ba0                alt_dcache_flush_all
 .text          0x0000000000010ba4        0x8 ../faster_accelerometer_bsp/\libhal_bsp.a(alt_dev.o)
 .text          0x0000000000010bac       0x6c ../faster_accelerometer_bsp/\libhal_bsp.a(alt_dev_llist_insert.o)
                0x0000000000010bac                alt_dev_llist_insert
 .text          0x0000000000010c18        0x0 ../faster_accelerometer_bsp/\libhal_bsp.a(alt_errno.o)
 .text          0x0000000000010c18       0x74 ../faster_accelerometer_bsp/\libhal_bsp.a(alt_find_dev.o)
                0x0000000000010c18                alt_find_dev
 .text          0x0000000000010c8c        0x4 ../faster_accelerometer_bsp/\libhal_bsp.a(alt_icache_flush_all.o)
                0x0000000000010c8c                alt_icache_flush_all
 .text          0x0000000000010c90        0x0 ../faster_accelerometer_bsp/\libhal_bsp.a(alt_irq_entry.o)
 .text          0x0000000000010c90        0x0 ../faster_accelerometer_bsp/\libhal_bsp.a(alt_irq_handler.o)
 .text          0x0000000000010c90        0x8 ../faster_accelerometer_bsp/\libhal_bsp.a(altera_nios2_gen2_irq.o)
                0x0000000000010c90                altera_nios2_gen2_irq_init
 .text          0x0000000000010c98        0x0 ../faster_accelerometer_bsp/\libhal_bsp.a(alt_exception_entry.o)
 .text          0x0000000000010c98       0x74 ../faster_accelerometer_bsp/\libhal_bsp.a(alt_instruction_exception_entry.o)
                0x0000000000010c98                alt_exception_cause_generated_bad_addr
 .text          0x0000000000010d0c        0x0 c:/intelfpga_lite/18.1/nios2eds/bin/gnu/h-x86_64-mingw32/bin/../lib/gcc/nios2-elf/5.3.0/../../../../../H-x86_64-mingw32/nios2-elf/lib/mno-hw-mul\libsmallc.a(lib_a-int_errno.o)
 .text          0x0000000000010d0c        0x0 c:/intelfpga_lite/18.1/nios2eds/bin/gnu/h-x86_64-mingw32/bin/../lib/gcc/nios2-elf/5.3.0/../../../../../H-x86_64-mingw32/nios2-elf/lib/mno-hw-mul\libsmallc.a(lib_a-memcmp.o)
 .text.memcmp   0x0000000000010d0c       0x30 c:/intelfpga_lite/18.1/nios2eds/bin/gnu/h-x86_64-mingw32/bin/../lib/gcc/nios2-elf/5.3.0/../../../../../H-x86_64-mingw32/nios2-elf/lib/mno-hw-mul\libsmallc.a(lib_a-memcmp.o)
                0x0000000000010d0c                memcmp
 .text          0x0000000000010d3c        0x0 c:/intelfpga_lite/18.1/nios2eds/bin/gnu/h-x86_64-mingw32/bin/../lib/gcc/nios2-elf/5.3.0/../../../../../H-x86_64-mingw32/nios2-elf/lib/mno-hw-mul\libsmallc.a(lib_a-strlen.o)
 .text.strlen   0x0000000000010d3c       0x1c c:/intelfpga_lite/18.1/nios2eds/bin/gnu/h-x86_64-mingw32/bin/../lib/gcc/nios2-elf/5.3.0/../../../../../H-x86_64-mingw32/nios2-elf/lib/mno-hw-mul\libsmallc.a(lib_a-strlen.o)
                0x0000000000010d3c                strlen
 *(.gnu.warning.*)
 *(.fini)
                [!provide]                        PROVIDE (__etext, ABSOLUTE (.))
                [!provide]                        PROVIDE (_etext, ABSOLUTE (.))
                [!provide]                        PROVIDE (etext, ABSOLUTE (.))
 *(.eh_frame_hdr)
                0x0000000000010d58                . = ALIGN (0x4)
                [!provide]                        PROVIDE (__preinit_array_start, ABSOLUTE (.))
 *(.preinit_array)
                [!provide]                        PROVIDE (__preinit_array_end, ABSOLUTE (.))
                [!provide]                        PROVIDE (__init_array_start, ABSOLUTE (.))
 *(.init_array)
                [!provide]                        PROVIDE (__init_array_end, ABSOLUTE (.))
                [!provide]                        PROVIDE (__fini_array_start, ABSOLUTE (.))
 *(.fini_array)
                [!provide]                        PROVIDE (__fini_array_end, ABSOLUTE (.))
 *(.eh_frame)
 *(.gcc_except_table .gcc_except_table.*)
 *(.dynamic)
                [!provide]                        PROVIDE (__CTOR_LIST__, ABSOLUTE (.))
 *(.ctors)
 *(SORT(.ctors.*))
                [!provide]                        PROVIDE (__CTOR_END__, ABSOLUTE (.))
                [!provide]                        PROVIDE (__DTOR_LIST__, ABSOLUTE (.))
 *(.dtors)
 *(SORT(.dtors.*))
                [!provide]                        PROVIDE (__DTOR_END__, ABSOLUTE (.))
 *(.jcr)
                0x0000000000010d58                . = ALIGN (0x4)

.rodata         0x0000000000010d58       0x64
                0x0000000000010d58                PROVIDE (__ram_rodata_start, ABSOLUTE (.))
                0x0000000000010d58                . = ALIGN (0x4)
 *(.rodata .rodata.* .gnu.linkonce.r.*)
 .rodata.str1.4
                0x0000000000010d58       0x57 obj/default/faster_accelerometer_player_1.o
 .rodata.str1.4
                0x0000000000010daf       0x17 ../faster_accelerometer_bsp/\libhal_bsp.a(alt_sys_init.o)
 *fill*         0x0000000000010daf        0x1 
 .rodata.str1.4
                0x0000000000010db0        0xc ../faster_accelerometer_bsp/\libhal_bsp.a(alt_dev.o)
                                          0xa (size before relaxing)
 *(.rodata1)
                0x0000000000010dbc                . = ALIGN (0x4)
                0x0000000000010dbc                PROVIDE (__ram_rodata_end, ABSOLUTE (.))
                0x0000000000010d58                PROVIDE (__flash_rodata_start, LOADADDR (.rodata))

.rwdata         0x0000000000010dbc       0xa4 load address 0x0000000000010e60
                0x0000000000010dbc                PROVIDE (__ram_rwdata_start, ABSOLUTE (.))
                0x0000000000010dbc                . = ALIGN (0x4)
 *(.got.plt)
 *(.got)
 *(.data1)
 *(.data .data.* .gnu.linkonce.d.*)
 .data          0x0000000000010dbc        0x0 ../faster_accelerometer_bsp//obj/HAL/src/crt0.o
 .data          0x0000000000010dbc        0x0 obj/default/faster_accelerometer_player_1.o
 .data          0x0000000000010dbc        0x0 c:/intelfpga_lite/18.1/nios2eds/bin/gnu/h-x86_64-mingw32/bin/../lib/gcc/nios2-elf/5.3.0/mno-hw-mul\libgcc.a(lib2-divmod.o)
 .data          0x0000000000010dbc        0x0 c:/intelfpga_lite/18.1/nios2eds/bin/gnu/h-x86_64-mingw32/bin/../lib/gcc/nios2-elf/5.3.0/../../../../../H-x86_64-mingw32/nios2-elf/lib/mno-hw-mul\libsmallc.a(lib_a-memset.o)
 .data          0x0000000000010dbc        0x0 ../faster_accelerometer_bsp/\libhal_bsp.a(alt_irq_register.o)
 .data          0x0000000000010dbc        0x0 ../faster_accelerometer_bsp/\libhal_bsp.a(alt_irq_vars.o)
 .data          0x0000000000010dbc        0x0 ../faster_accelerometer_bsp/\libhal_bsp.a(alt_load.o)
 .data          0x0000000000010dbc        0x0 ../faster_accelerometer_bsp/\libhal_bsp.a(alt_main.o)
 .data          0x0000000000010dbc        0x0 ../faster_accelerometer_bsp/\libhal_bsp.a(alt_printf.o)
 .data          0x0000000000010dbc        0x0 ../faster_accelerometer_bsp/\libhal_bsp.a(alt_putchar.o)
 .data          0x0000000000010dbc       0x2c ../faster_accelerometer_bsp/\libhal_bsp.a(alt_sys_init.o)
 .data          0x0000000000010de8        0x0 ../faster_accelerometer_bsp/\libhal_bsp.a(altera_avalon_jtag_uart_write.o)
 .data          0x0000000000010de8        0x0 ../faster_accelerometer_bsp/\libhal_bsp.a(altera_up_avalon_accelerometer_spi.o)
 .data          0x0000000000010de8        0x0 ../faster_accelerometer_bsp/\libhal_bsp.a(alt_dcache_flush_all.o)
 .data          0x0000000000010de8       0x58 ../faster_accelerometer_bsp/\libhal_bsp.a(alt_dev.o)
                0x0000000000010de8                alt_fd_list
                0x0000000000010e18                alt_dev_null
 .data          0x0000000000010e40        0x0 ../faster_accelerometer_bsp/\libhal_bsp.a(alt_dev_llist_insert.o)
 .data          0x0000000000010e40        0x0 ../faster_accelerometer_bsp/\libhal_bsp.a(alt_errno.o)
 .data          0x0000000000010e40        0x0 ../faster_accelerometer_bsp/\libhal_bsp.a(alt_find_dev.o)
 .data          0x0000000000010e40        0x0 ../faster_accelerometer_bsp/\libhal_bsp.a(alt_icache_flush_all.o)
 .data          0x0000000000010e40        0x0 ../faster_accelerometer_bsp/\libhal_bsp.a(alt_irq_entry.o)
 .data          0x0000000000010e40        0x0 ../faster_accelerometer_bsp/\libhal_bsp.a(alt_irq_handler.o)
 .data          0x0000000000010e40        0x0 ../faster_accelerometer_bsp/\libhal_bsp.a(altera_nios2_gen2_irq.o)
 .data          0x0000000000010e40        0x0 ../faster_accelerometer_bsp/\libhal_bsp.a(alt_exception_entry.o)
 .data          0x0000000000010e40        0x0 ../faster_accelerometer_bsp/\libhal_bsp.a(alt_instruction_exception_entry.o)
 .data          0x0000000000010e40        0x0 c:/intelfpga_lite/18.1/nios2eds/bin/gnu/h-x86_64-mingw32/bin/../lib/gcc/nios2-elf/5.3.0/../../../../../H-x86_64-mingw32/nios2-elf/lib/mno-hw-mul\libsmallc.a(lib_a-int_errno.o)
 .data          0x0000000000010e40        0x0 c:/intelfpga_lite/18.1/nios2eds/bin/gnu/h-x86_64-mingw32/bin/../lib/gcc/nios2-elf/5.3.0/../../../../../H-x86_64-mingw32/nios2-elf/lib/mno-hw-mul\libsmallc.a(lib_a-memcmp.o)
 .data          0x0000000000010e40        0x0 c:/intelfpga_lite/18.1/nios2eds/bin/gnu/h-x86_64-mingw32/bin/../lib/gcc/nios2-elf/5.3.0/../../../../../H-x86_64-mingw32/nios2-elf/lib/mno-hw-mul\libsmallc.a(lib_a-strlen.o)
                0x0000000000018e40                _gp = ABSOLUTE ((. + 0x8000))
                [!provide]                        PROVIDE (gp, _gp)
 *(.rwdata .rwdata.*)
 *(.sdata .sdata.* .gnu.linkonce.s.*)
 .sdata         0x0000000000010e40        0x4 ../faster_accelerometer_bsp/\libhal_bsp.a(alt_irq_vars.o)
                0x0000000000010e40                alt_priority_mask
 .sdata         0x0000000000010e44        0x4 ../faster_accelerometer_bsp/\libhal_bsp.a(alt_sys_init.o)
                0x0000000000010e44                jtag_uart
 .sdata         0x0000000000010e48       0x14 ../faster_accelerometer_bsp/\libhal_bsp.a(alt_dev.o)
                0x0000000000010e48                alt_max_fd
                0x0000000000010e4c                alt_dev_list
                0x0000000000010e54                alt_fs_list
 .sdata         0x0000000000010e5c        0x4 ../faster_accelerometer_bsp/\libhal_bsp.a(alt_errno.o)
                0x0000000000010e5c                alt_errno
 *(.sdata2 .sdata2.* .gnu.linkonce.s2.*)
                0x0000000000010e60                . = ALIGN (0x4)
                0x0000000000010e60                _edata = ABSOLUTE (.)
                [!provide]                        PROVIDE (edata, ABSOLUTE (.))
                0x0000000000010e60                PROVIDE (__ram_rwdata_end, ABSOLUTE (.))
                0x0000000000010e60                PROVIDE (__flash_rwdata_start, LOADADDR (.rwdata))

.bss            0x0000000000010f04      0x124
                0x0000000000010f04                __bss_start = ABSOLUTE (.)
                [!provide]                        PROVIDE (__sbss_start, ABSOLUTE (.))
                [!provide]                        PROVIDE (___sbss_start, ABSOLUTE (.))
 *(.dynsbss)
 *(.sbss .sbss.* .gnu.linkonce.sb.*)
 .sbss          0x0000000000010f04        0x1 obj/default/faster_accelerometer_player_1.o
                0x0000000000010f04                pwm
 *fill*         0x0000000000010f05        0x3 
 .sbss          0x0000000000010f08        0x8 obj/default/faster_accelerometer_player_1.o
                0x0000000000010f08                led
                0x0000000000010f0c                level
 .sbss          0x0000000000010f10        0x4 ../faster_accelerometer_bsp/\libhal_bsp.a(alt_irq_vars.o)
                0x0000000000010f10                alt_irq_active
 .sbss          0x0000000000010f14        0xc ../faster_accelerometer_bsp/\libhal_bsp.a(alt_main.o)
                0x0000000000010f14                alt_envp
                0x0000000000010f18                alt_argv
                0x0000000000010f1c                alt_argc
 .sbss          0x0000000000010f20        0x4 ../faster_accelerometer_bsp/\libhal_bsp.a(alt_instruction_exception_entry.o)
                0x0000000000010f20                alt_instruction_exception_handler
 .sbss          0x0000000000010f24        0x4 c:/intelfpga_lite/18.1/nios2eds/bin/gnu/h-x86_64-mingw32/bin/../lib/gcc/nios2-elf/5.3.0/../../../../../H-x86_64-mingw32/nios2-elf/lib/mno-hw-mul\libsmallc.a(lib_a-int_errno.o)
                0x0000000000010f24                errno
 *(.sbss2 .sbss2.* .gnu.linkonce.sb2.*)
 *(.scommon)
                [!provide]                        PROVIDE (__sbss_end, ABSOLUTE (.))
                [!provide]                        PROVIDE (___sbss_end, ABSOLUTE (.))
 *(.dynbss)
 *(.bss .bss.* .gnu.linkonce.b.*)
 .bss           0x0000000000010f28        0x0 ../faster_accelerometer_bsp//obj/HAL/src/crt0.o
 .bss           0x0000000000010f28        0x0 obj/default/faster_accelerometer_player_1.o
 .bss           0x0000000000010f28        0x0 c:/intelfpga_lite/18.1/nios2eds/bin/gnu/h-x86_64-mingw32/bin/../lib/gcc/nios2-elf/5.3.0/mno-hw-mul\libgcc.a(lib2-divmod.o)
 .bss           0x0000000000010f28        0x0 c:/intelfpga_lite/18.1/nios2eds/bin/gnu/h-x86_64-mingw32/bin/../lib/gcc/nios2-elf/5.3.0/../../../../../H-x86_64-mingw32/nios2-elf/lib/mno-hw-mul\libsmallc.a(lib_a-memset.o)
 .bss           0x0000000000010f28        0x0 ../faster_accelerometer_bsp/\libhal_bsp.a(alt_irq_register.o)
 .bss           0x0000000000010f28        0x0 ../faster_accelerometer_bsp/\libhal_bsp.a(alt_irq_vars.o)
 .bss           0x0000000000010f28        0x0 ../faster_accelerometer_bsp/\libhal_bsp.a(alt_load.o)
 .bss           0x0000000000010f28        0x0 ../faster_accelerometer_bsp/\libhal_bsp.a(alt_main.o)
 .bss           0x0000000000010f28        0x0 ../faster_accelerometer_bsp/\libhal_bsp.a(alt_printf.o)
 .bss           0x0000000000010f28        0x0 ../faster_accelerometer_bsp/\libhal_bsp.a(alt_putchar.o)
 .bss           0x0000000000010f28        0x0 ../faster_accelerometer_bsp/\libhal_bsp.a(alt_sys_init.o)
 .bss           0x0000000000010f28        0x0 ../faster_accelerometer_bsp/\libhal_bsp.a(altera_avalon_jtag_uart_write.o)
 .bss           0x0000000000010f28        0x0 ../faster_accelerometer_bsp/\libhal_bsp.a(altera_up_avalon_accelerometer_spi.o)
 .bss           0x0000000000010f28        0x0 ../faster_accelerometer_bsp/\libhal_bsp.a(alt_dcache_flush_all.o)
 .bss           0x0000000000010f28        0x0 ../faster_accelerometer_bsp/\libhal_bsp.a(alt_dev.o)
 .bss           0x0000000000010f28        0x0 ../faster_accelerometer_bsp/\libhal_bsp.a(alt_dev_llist_insert.o)
 .bss           0x0000000000010f28        0x0 ../faster_accelerometer_bsp/\libhal_bsp.a(alt_errno.o)
 .bss           0x0000000000010f28        0x0 ../faster_accelerometer_bsp/\libhal_bsp.a(alt_find_dev.o)
 .bss           0x0000000000010f28        0x0 ../faster_accelerometer_bsp/\libhal_bsp.a(alt_icache_flush_all.o)
 .bss           0x0000000000010f28        0x0 ../faster_accelerometer_bsp/\libhal_bsp.a(alt_irq_entry.o)
 .bss           0x0000000000010f28        0x0 ../faster_accelerometer_bsp/\libhal_bsp.a(alt_irq_handler.o)
 .bss           0x0000000000010f28        0x0 ../faster_accelerometer_bsp/\libhal_bsp.a(altera_nios2_gen2_irq.o)
 .bss           0x0000000000010f28        0x0 ../faster_accelerometer_bsp/\libhal_bsp.a(alt_exception_entry.o)
 .bss           0x0000000000010f28        0x0 ../faster_accelerometer_bsp/\libhal_bsp.a(alt_instruction_exception_entry.o)
 .bss           0x0000000000010f28        0x0 c:/intelfpga_lite/18.1/nios2eds/bin/gnu/h-x86_64-mingw32/bin/../lib/gcc/nios2-elf/5.3.0/../../../../../H-x86_64-mingw32/nios2-elf/lib/mno-hw-mul\libsmallc.a(lib_a-int_errno.o)
 .bss           0x0000000000010f28        0x0 c:/intelfpga_lite/18.1/nios2eds/bin/gnu/h-x86_64-mingw32/bin/../lib/gcc/nios2-elf/5.3.0/../../../../../H-x86_64-mingw32/nios2-elf/lib/mno-hw-mul\libsmallc.a(lib_a-memcmp.o)
 .bss           0x0000000000010f28        0x0 c:/intelfpga_lite/18.1/nios2eds/bin/gnu/h-x86_64-mingw32/bin/../lib/gcc/nios2-elf/5.3.0/../../../../../H-x86_64-mingw32/nios2-elf/lib/mno-hw-mul\libsmallc.a(lib_a-strlen.o)
 *(COMMON)
 COMMON         0x0000000000010f28      0x100 ../faster_accelerometer_bsp/\libhal_bsp.a(alt_irq_handler.o)
                0x0000000000010f28                alt_irq
                0x0000000000011028                . = ALIGN (0x4)
                0x0000000000011028                __bss_end = ABSOLUTE (.)

.onchip_memory  0x0000000000011028        0x0
                [!provide]                        PROVIDE (_alt_partition_onchip_memory_start, ABSOLUTE (.))
 *(.onchip_memory .onchip_memory. onchip_memory.*)
                0x0000000000011028                . = ALIGN (0x4)
                [!provide]                        PROVIDE (_alt_partition_onchip_memory_end, ABSOLUTE (.))
                0x0000000000011028                _end = ABSOLUTE (.)
                0x0000000000011028                end = ABSOLUTE (.)
                0x0000000000011028                __alt_stack_base = ABSOLUTE (.)
                [!provide]                        PROVIDE (_alt_partition_onchip_memory_load_addr, LOADADDR (.onchip_memory))

.stab
 *(.stab)

.stabstr
 *(.stabstr)

.stab.excl
 *(.stab.excl)

.stab.exclstr
 *(.stab.exclstr)

.stab.index
 *(.stab.index)

.stab.indexstr
 *(.stab.indexstr)

.comment        0x0000000000000000       0x23
 *(.comment)
 .comment       0x0000000000000000       0x23 obj/default/faster_accelerometer_player_1.o
                                         0x24 (size before relaxing)
 .comment       0x0000000000000023       0x24 c:/intelfpga_lite/18.1/nios2eds/bin/gnu/h-x86_64-mingw32/bin/../lib/gcc/nios2-elf/5.3.0/mno-hw-mul\libgcc.a(lib2-divmod.o)
 .comment       0x0000000000000023       0x24 c:/intelfpga_lite/18.1/nios2eds/bin/gnu/h-x86_64-mingw32/bin/../lib/gcc/nios2-elf/5.3.0/../../../../../H-x86_64-mingw32/nios2-elf/lib/mno-hw-mul\libsmallc.a(lib_a-memset.o)
 .comment       0x0000000000000023       0x24 ../faster_accelerometer_bsp/\libhal_bsp.a(alt_irq_register.o)
 .comment       0x0000000000000023       0x24 ../faster_accelerometer_bsp/\libhal_bsp.a(alt_irq_vars.o)
 .comment       0x0000000000000023       0x24 ../faster_accelerometer_bsp/\libhal_bsp.a(alt_load.o)
 .comment       0x0000000000000023       0x24 ../faster_accelerometer_bsp/\libhal_bsp.a(alt_main.o)
 .comment       0x0000000000000023       0x24 ../faster_accelerometer_bsp/\libhal_bsp.a(alt_printf.o)
 .comment       0x0000000000000023       0x24 ../faster_accelerometer_bsp/\libhal_bsp.a(alt_putchar.o)
 .comment       0x0000000000000023       0x24 ../faster_accelerometer_bsp/\libhal_bsp.a(alt_sys_init.o)
 .comment       0x0000000000000023       0x24 ../faster_accelerometer_bsp/\libhal_bsp.a(altera_avalon_jtag_uart_write.o)
 .comment       0x0000000000000023       0x24 ../faster_accelerometer_bsp/\libhal_bsp.a(altera_up_avalon_accelerometer_spi.o)
 .comment       0x0000000000000023       0x24 ../faster_accelerometer_bsp/\libhal_bsp.a(alt_dcache_flush_all.o)
 .comment       0x0000000000000023       0x24 ../faster_accelerometer_bsp/\libhal_bsp.a(alt_dev.o)
 .comment       0x0000000000000023       0x24 ../faster_accelerometer_bsp/\libhal_bsp.a(alt_dev_llist_insert.o)
 .comment       0x0000000000000023       0x24 ../faster_accelerometer_bsp/\libhal_bsp.a(alt_errno.o)
 .comment       0x0000000000000023       0x24 ../faster_accelerometer_bsp/\libhal_bsp.a(alt_find_dev.o)
 .comment       0x0000000000000023       0x24 ../faster_accelerometer_bsp/\libhal_bsp.a(alt_icache_flush_all.o)
 .comment       0x0000000000000023       0x24 ../faster_accelerometer_bsp/\libhal_bsp.a(alt_irq_handler.o)
 .comment       0x0000000000000023       0x24 ../faster_accelerometer_bsp/\libhal_bsp.a(altera_nios2_gen2_irq.o)
 .comment       0x0000000000000023       0x24 ../faster_accelerometer_bsp/\libhal_bsp.a(alt_instruction_exception_entry.o)
 .comment       0x0000000000000023       0x24 c:/intelfpga_lite/18.1/nios2eds/bin/gnu/h-x86_64-mingw32/bin/../lib/gcc/nios2-elf/5.3.0/../../../../../H-x86_64-mingw32/nios2-elf/lib/mno-hw-mul\libsmallc.a(lib_a-int_errno.o)
 .comment       0x0000000000000023       0x24 c:/intelfpga_lite/18.1/nios2eds/bin/gnu/h-x86_64-mingw32/bin/../lib/gcc/nios2-elf/5.3.0/../../../../../H-x86_64-mingw32/nios2-elf/lib/mno-hw-mul\libsmallc.a(lib_a-memcmp.o)
 .comment       0x0000000000000023       0x24 c:/intelfpga_lite/18.1/nios2eds/bin/gnu/h-x86_64-mingw32/bin/../lib/gcc/nios2-elf/5.3.0/../../../../../H-x86_64-mingw32/nios2-elf/lib/mno-hw-mul\libsmallc.a(lib_a-strlen.o)

.debug
 *(.debug)

.line
 *(.line)

.debug_srcinfo
 *(.debug_srcinfo)

.debug_sfnames
 *(.debug_sfnames)

.debug_aranges  0x0000000000000000      0x388
 *(.debug_aranges)
 .debug_aranges
                0x0000000000000000       0x28 ../faster_accelerometer_bsp//obj/HAL/src/crt0.o
 .debug_aranges
                0x0000000000000028       0x28 obj/default/faster_accelerometer_player_1.o
 .debug_aranges
                0x0000000000000050       0x20 c:/intelfpga_lite/18.1/nios2eds/bin/gnu/h-x86_64-mingw32/bin/../lib/gcc/nios2-elf/5.3.0/mno-hw-mul\libgcc.a(lib2-divmod.o)
 .debug_aranges
                0x0000000000000070       0x20 c:/intelfpga_lite/18.1/nios2eds/bin/gnu/h-x86_64-mingw32/bin/../lib/gcc/nios2-elf/5.3.0/../../../../../H-x86_64-mingw32/nios2-elf/lib/mno-hw-mul\libsmallc.a(lib_a-memset.o)
 .debug_aranges
                0x0000000000000090       0x20 ../faster_accelerometer_bsp/\libhal_bsp.a(alt_irq_register.o)
 .debug_aranges
                0x00000000000000b0       0x18 ../faster_accelerometer_bsp/\libhal_bsp.a(alt_irq_vars.o)
 .debug_aranges
                0x00000000000000c8       0x20 ../faster_accelerometer_bsp/\libhal_bsp.a(alt_load.o)
 .debug_aranges
                0x00000000000000e8       0x20 ../faster_accelerometer_bsp/\libhal_bsp.a(alt_main.o)
 .debug_aranges
                0x0000000000000108       0x20 ../faster_accelerometer_bsp/\libhal_bsp.a(alt_printf.o)
 .debug_aranges
                0x0000000000000128       0x20 ../faster_accelerometer_bsp/\libhal_bsp.a(alt_putchar.o)
 .debug_aranges
                0x0000000000000148       0x20 ../faster_accelerometer_bsp/\libhal_bsp.a(alt_sys_init.o)
 .debug_aranges
                0x0000000000000168       0x20 ../faster_accelerometer_bsp/\libhal_bsp.a(altera_avalon_jtag_uart_write.o)
 .debug_aranges
                0x0000000000000188       0x20 ../faster_accelerometer_bsp/\libhal_bsp.a(altera_up_avalon_accelerometer_spi.o)
 .debug_aranges
                0x00000000000001a8       0x20 ../faster_accelerometer_bsp/\libhal_bsp.a(alt_dcache_flush_all.o)
 .debug_aranges
                0x00000000000001c8       0x20 ../faster_accelerometer_bsp/\libhal_bsp.a(alt_dev.o)
 .debug_aranges
                0x00000000000001e8       0x20 ../faster_accelerometer_bsp/\libhal_bsp.a(alt_dev_llist_insert.o)
 .debug_aranges
                0x0000000000000208       0x18 ../faster_accelerometer_bsp/\libhal_bsp.a(alt_errno.o)
 .debug_aranges
                0x0000000000000220       0x20 ../faster_accelerometer_bsp/\libhal_bsp.a(alt_find_dev.o)
 .debug_aranges
                0x0000000000000240       0x20 ../faster_accelerometer_bsp/\libhal_bsp.a(alt_icache_flush_all.o)
 .debug_aranges
                0x0000000000000260       0x30 ../faster_accelerometer_bsp/\libhal_bsp.a(alt_irq_entry.o)
 .debug_aranges
                0x0000000000000290       0x20 ../faster_accelerometer_bsp/\libhal_bsp.a(alt_irq_handler.o)
 .debug_aranges
                0x00000000000002b0       0x20 ../faster_accelerometer_bsp/\libhal_bsp.a(altera_nios2_gen2_irq.o)
 .debug_aranges
                0x00000000000002d0       0x38 ../faster_accelerometer_bsp/\libhal_bsp.a(alt_exception_entry.o)
 .debug_aranges
                0x0000000000000308       0x28 ../faster_accelerometer_bsp/\libhal_bsp.a(alt_instruction_exception_entry.o)
 .debug_aranges
                0x0000000000000330       0x18 c:/intelfpga_lite/18.1/nios2eds/bin/gnu/h-x86_64-mingw32/bin/../lib/gcc/nios2-elf/5.3.0/../../../../../H-x86_64-mingw32/nios2-elf/lib/mno-hw-mul\libsmallc.a(lib_a-int_errno.o)
 .debug_aranges
                0x0000000000000348       0x20 c:/intelfpga_lite/18.1/nios2eds/bin/gnu/h-x86_64-mingw32/bin/../lib/gcc/nios2-elf/5.3.0/../../../../../H-x86_64-mingw32/nios2-elf/lib/mno-hw-mul\libsmallc.a(lib_a-memcmp.o)
 .debug_aranges
                0x0000000000000368       0x20 c:/intelfpga_lite/18.1/nios2eds/bin/gnu/h-x86_64-mingw32/bin/../lib/gcc/nios2-elf/5.3.0/../../../../../H-x86_64-mingw32/nios2-elf/lib/mno-hw-mul\libsmallc.a(lib_a-strlen.o)

.debug_pubnames
 *(.debug_pubnames)

.debug_info     0x0000000000000000     0x31d5
 *(.debug_info .gnu.linkonce.wi.*)
 .debug_info    0x0000000000000000       0x9a ../faster_accelerometer_bsp//obj/HAL/src/crt0.o
 .debug_info    0x000000000000009a      0x687 obj/default/faster_accelerometer_player_1.o
 .debug_info    0x0000000000000721      0x2c6 c:/intelfpga_lite/18.1/nios2eds/bin/gnu/h-x86_64-mingw32/bin/../lib/gcc/nios2-elf/5.3.0/mno-hw-mul\libgcc.a(lib2-divmod.o)
 .debug_info    0x00000000000009e7       0xdc c:/intelfpga_lite/18.1/nios2eds/bin/gnu/h-x86_64-mingw32/bin/../lib/gcc/nios2-elf/5.3.0/../../../../../H-x86_64-mingw32/nios2-elf/lib/mno-hw-mul\libsmallc.a(lib_a-memset.o)
 .debug_info    0x0000000000000ac3      0x30d ../faster_accelerometer_bsp/\libhal_bsp.a(alt_irq_register.o)
 .debug_info    0x0000000000000dd0       0x88 ../faster_accelerometer_bsp/\libhal_bsp.a(alt_irq_vars.o)
 .debug_info    0x0000000000000e58      0x1c9 ../faster_accelerometer_bsp/\libhal_bsp.a(alt_load.o)
 .debug_info    0x0000000000001021      0x18f ../faster_accelerometer_bsp/\libhal_bsp.a(alt_main.o)
 .debug_info    0x00000000000011b0      0x14d ../faster_accelerometer_bsp/\libhal_bsp.a(alt_printf.o)
 .debug_info    0x00000000000012fd      0x12a ../faster_accelerometer_bsp/\libhal_bsp.a(alt_putchar.o)
 .debug_info    0x0000000000001427      0x459 ../faster_accelerometer_bsp/\libhal_bsp.a(alt_sys_init.o)
 .debug_info    0x0000000000001880      0x1ad ../faster_accelerometer_bsp/\libhal_bsp.a(altera_avalon_jtag_uart_write.o)
 .debug_info    0x0000000000001a2d      0x479 ../faster_accelerometer_bsp/\libhal_bsp.a(altera_up_avalon_accelerometer_spi.o)
 .debug_info    0x0000000000001ea6       0x92 ../faster_accelerometer_bsp/\libhal_bsp.a(alt_dcache_flush_all.o)
 .debug_info    0x0000000000001f38      0x499 ../faster_accelerometer_bsp/\libhal_bsp.a(alt_dev.o)
 .debug_info    0x00000000000023d1      0x1b3 ../faster_accelerometer_bsp/\libhal_bsp.a(alt_dev_llist_insert.o)
 .debug_info    0x0000000000002584       0xa6 ../faster_accelerometer_bsp/\libhal_bsp.a(alt_errno.o)
 .debug_info    0x000000000000262a      0x32d ../faster_accelerometer_bsp/\libhal_bsp.a(alt_find_dev.o)
 .debug_info    0x0000000000002957       0x92 ../faster_accelerometer_bsp/\libhal_bsp.a(alt_icache_flush_all.o)
 .debug_info    0x00000000000029e9       0xa3 ../faster_accelerometer_bsp/\libhal_bsp.a(alt_irq_entry.o)
 .debug_info    0x0000000000002a8c      0x1a4 ../faster_accelerometer_bsp/\libhal_bsp.a(alt_irq_handler.o)
 .debug_info    0x0000000000002c30       0xb8 ../faster_accelerometer_bsp/\libhal_bsp.a(altera_nios2_gen2_irq.o)
 .debug_info    0x0000000000002ce8       0xa9 ../faster_accelerometer_bsp/\libhal_bsp.a(alt_exception_entry.o)
 .debug_info    0x0000000000002d91      0x1fd ../faster_accelerometer_bsp/\libhal_bsp.a(alt_instruction_exception_entry.o)
 .debug_info    0x0000000000002f8e       0x8a c:/intelfpga_lite/18.1/nios2eds/bin/gnu/h-x86_64-mingw32/bin/../lib/gcc/nios2-elf/5.3.0/../../../../../H-x86_64-mingw32/nios2-elf/lib/mno-hw-mul\libsmallc.a(lib_a-int_errno.o)
 .debug_info    0x0000000000003018       0xf4 c:/intelfpga_lite/18.1/nios2eds/bin/gnu/h-x86_64-mingw32/bin/../lib/gcc/nios2-elf/5.3.0/../../../../../H-x86_64-mingw32/nios2-elf/lib/mno-hw-mul\libsmallc.a(lib_a-memcmp.o)
 .debug_info    0x000000000000310c       0xc9 c:/intelfpga_lite/18.1/nios2eds/bin/gnu/h-x86_64-mingw32/bin/../lib/gcc/nios2-elf/5.3.0/../../../../../H-x86_64-mingw32/nios2-elf/lib/mno-hw-mul\libsmallc.a(lib_a-strlen.o)

.debug_abbrev   0x0000000000000000     0x14d0
 *(.debug_abbrev)
 .debug_abbrev  0x0000000000000000       0x12 ../faster_accelerometer_bsp//obj/HAL/src/crt0.o
 .debug_abbrev  0x0000000000000012      0x25f obj/default/faster_accelerometer_player_1.o
 .debug_abbrev  0x0000000000000271      0x10e c:/intelfpga_lite/18.1/nios2eds/bin/gnu/h-x86_64-mingw32/bin/../lib/gcc/nios2-elf/5.3.0/mno-hw-mul\libgcc.a(lib2-divmod.o)
 .debug_abbrev  0x000000000000037f       0x8e c:/intelfpga_lite/18.1/nios2eds/bin/gnu/h-x86_64-mingw32/bin/../lib/gcc/nios2-elf/5.3.0/../../../../../H-x86_64-mingw32/nios2-elf/lib/mno-hw-mul\libsmallc.a(lib_a-memset.o)
 .debug_abbrev  0x000000000000040d      0x1a5 ../faster_accelerometer_bsp/\libhal_bsp.a(alt_irq_register.o)
 .debug_abbrev  0x00000000000005b2       0x40 ../faster_accelerometer_bsp/\libhal_bsp.a(alt_irq_vars.o)
 .debug_abbrev  0x00000000000005f2       0xd8 ../faster_accelerometer_bsp/\libhal_bsp.a(alt_load.o)
 .debug_abbrev  0x00000000000006ca       0xf5 ../faster_accelerometer_bsp/\libhal_bsp.a(alt_main.o)
 .debug_abbrev  0x00000000000007bf       0xd5 ../faster_accelerometer_bsp/\libhal_bsp.a(alt_printf.o)
 .debug_abbrev  0x0000000000000894       0xd2 ../faster_accelerometer_bsp/\libhal_bsp.a(alt_putchar.o)
 .debug_abbrev  0x0000000000000966      0x1a5 ../faster_accelerometer_bsp/\libhal_bsp.a(alt_sys_init.o)
 .debug_abbrev  0x0000000000000b0b       0xd5 ../faster_accelerometer_bsp/\libhal_bsp.a(altera_avalon_jtag_uart_write.o)
 .debug_abbrev  0x0000000000000be0      0x119 ../faster_accelerometer_bsp/\libhal_bsp.a(altera_up_avalon_accelerometer_spi.o)
 .debug_abbrev  0x0000000000000cf9       0x42 ../faster_accelerometer_bsp/\libhal_bsp.a(alt_dcache_flush_all.o)
 .debug_abbrev  0x0000000000000d3b       0xd9 ../faster_accelerometer_bsp/\libhal_bsp.a(alt_dev.o)
 .debug_abbrev  0x0000000000000e14      0x11c ../faster_accelerometer_bsp/\libhal_bsp.a(alt_dev_llist_insert.o)
 .debug_abbrev  0x0000000000000f30       0x5a ../faster_accelerometer_bsp/\libhal_bsp.a(alt_errno.o)
 .debug_abbrev  0x0000000000000f8a      0x125 ../faster_accelerometer_bsp/\libhal_bsp.a(alt_find_dev.o)
 .debug_abbrev  0x00000000000010af       0x42 ../faster_accelerometer_bsp/\libhal_bsp.a(alt_icache_flush_all.o)
 .debug_abbrev  0x00000000000010f1       0x12 ../faster_accelerometer_bsp/\libhal_bsp.a(alt_irq_entry.o)
 .debug_abbrev  0x0000000000001103      0x138 ../faster_accelerometer_bsp/\libhal_bsp.a(alt_irq_handler.o)
 .debug_abbrev  0x000000000000123b       0x67 ../faster_accelerometer_bsp/\libhal_bsp.a(altera_nios2_gen2_irq.o)
 .debug_abbrev  0x00000000000012a2       0x12 ../faster_accelerometer_bsp/\libhal_bsp.a(alt_exception_entry.o)
 .debug_abbrev  0x00000000000012b4       0xe7 ../faster_accelerometer_bsp/\libhal_bsp.a(alt_instruction_exception_entry.o)
 .debug_abbrev  0x000000000000139b       0x37 c:/intelfpga_lite/18.1/nios2eds/bin/gnu/h-x86_64-mingw32/bin/../lib/gcc/nios2-elf/5.3.0/../../../../../H-x86_64-mingw32/nios2-elf/lib/mno-hw-mul\libsmallc.a(lib_a-int_errno.o)
 .debug_abbrev  0x00000000000013d2       0x7f c:/intelfpga_lite/18.1/nios2eds/bin/gnu/h-x86_64-mingw32/bin/../lib/gcc/nios2-elf/5.3.0/../../../../../H-x86_64-mingw32/nios2-elf/lib/mno-hw-mul\libsmallc.a(lib_a-memcmp.o)
 .debug_abbrev  0x0000000000001451       0x7f c:/intelfpga_lite/18.1/nios2eds/bin/gnu/h-x86_64-mingw32/bin/../lib/gcc/nios2-elf/5.3.0/../../../../../H-x86_64-mingw32/nios2-elf/lib/mno-hw-mul\libsmallc.a(lib_a-strlen.o)

.debug_line     0x0000000000000000     0x169c
 *(.debug_line)
 .debug_line    0x0000000000000000       0x66 ../faster_accelerometer_bsp//obj/HAL/src/crt0.o
 .debug_line    0x0000000000000066      0x1e7 obj/default/faster_accelerometer_player_1.o
 .debug_line    0x000000000000024d      0x105 c:/intelfpga_lite/18.1/nios2eds/bin/gnu/h-x86_64-mingw32/bin/../lib/gcc/nios2-elf/5.3.0/mno-hw-mul\libgcc.a(lib2-divmod.o)
 .debug_line    0x0000000000000352      0x15d c:/intelfpga_lite/18.1/nios2eds/bin/gnu/h-x86_64-mingw32/bin/../lib/gcc/nios2-elf/5.3.0/../../../../../H-x86_64-mingw32/nios2-elf/lib/mno-hw-mul\libsmallc.a(lib_a-memset.o)
 .debug_line    0x00000000000004af       0xed ../faster_accelerometer_bsp/\libhal_bsp.a(alt_irq_register.o)
 .debug_line    0x000000000000059c       0x50 ../faster_accelerometer_bsp/\libhal_bsp.a(alt_irq_vars.o)
 .debug_line    0x00000000000005ec       0xa4 ../faster_accelerometer_bsp/\libhal_bsp.a(alt_load.o)
 .debug_line    0x0000000000000690       0xea ../faster_accelerometer_bsp/\libhal_bsp.a(alt_main.o)
 .debug_line    0x000000000000077a      0x112 ../faster_accelerometer_bsp/\libhal_bsp.a(alt_printf.o)
 .debug_line    0x000000000000088c       0x55 ../faster_accelerometer_bsp/\libhal_bsp.a(alt_putchar.o)
 .debug_line    0x00000000000008e1      0x178 ../faster_accelerometer_bsp/\libhal_bsp.a(alt_sys_init.o)
 .debug_line    0x0000000000000a59      0x104 ../faster_accelerometer_bsp/\libhal_bsp.a(altera_avalon_jtag_uart_write.o)
 .debug_line    0x0000000000000b5d      0x131 ../faster_accelerometer_bsp/\libhal_bsp.a(altera_up_avalon_accelerometer_spi.o)
 .debug_line    0x0000000000000c8e       0x4e ../faster_accelerometer_bsp/\libhal_bsp.a(alt_dcache_flush_all.o)
 .debug_line    0x0000000000000cdc       0xf6 ../faster_accelerometer_bsp/\libhal_bsp.a(alt_dev.o)
 .debug_line    0x0000000000000dd2       0xd8 ../faster_accelerometer_bsp/\libhal_bsp.a(alt_dev_llist_insert.o)
 .debug_line    0x0000000000000eaa       0x51 ../faster_accelerometer_bsp/\libhal_bsp.a(alt_errno.o)
 .debug_line    0x0000000000000efb      0x107 ../faster_accelerometer_bsp/\libhal_bsp.a(alt_find_dev.o)
 .debug_line    0x0000000000001002       0x4e ../faster_accelerometer_bsp/\libhal_bsp.a(alt_icache_flush_all.o)
 .debug_line    0x0000000000001050       0x6b ../faster_accelerometer_bsp/\libhal_bsp.a(alt_irq_entry.o)
 .debug_line    0x00000000000010bb       0xc8 ../faster_accelerometer_bsp/\libhal_bsp.a(alt_irq_handler.o)
 .debug_line    0x0000000000001183       0x8c ../faster_accelerometer_bsp/\libhal_bsp.a(altera_nios2_gen2_irq.o)
 .debug_line    0x000000000000120f       0xb3 ../faster_accelerometer_bsp/\libhal_bsp.a(alt_exception_entry.o)
 .debug_line    0x00000000000012c2       0xbf ../faster_accelerometer_bsp/\libhal_bsp.a(alt_instruction_exception_entry.o)
 .debug_line    0x0000000000001381       0x5f c:/intelfpga_lite/18.1/nios2eds/bin/gnu/h-x86_64-mingw32/bin/../lib/gcc/nios2-elf/5.3.0/../../../../../H-x86_64-mingw32/nios2-elf/lib/mno-hw-mul\libsmallc.a(lib_a-int_errno.o)
 .debug_line    0x00000000000013e0      0x160 c:/intelfpga_lite/18.1/nios2eds/bin/gnu/h-x86_64-mingw32/bin/../lib/gcc/nios2-elf/5.3.0/../../../../../H-x86_64-mingw32/nios2-elf/lib/mno-hw-mul\libsmallc.a(lib_a-memcmp.o)
 .debug_line    0x0000000000001540      0x15c c:/intelfpga_lite/18.1/nios2eds/bin/gnu/h-x86_64-mingw32/bin/../lib/gcc/nios2-elf/5.3.0/../../../../../H-x86_64-mingw32/nios2-elf/lib/mno-hw-mul\libsmallc.a(lib_a-strlen.o)

.debug_frame    0x0000000000000000      0x480
 *(.debug_frame)
 .debug_frame   0x0000000000000000       0xa8 obj/default/faster_accelerometer_player_1.o
 .debug_frame   0x00000000000000a8       0x50 c:/intelfpga_lite/18.1/nios2eds/bin/gnu/h-x86_64-mingw32/bin/../lib/gcc/nios2-elf/5.3.0/mno-hw-mul\libgcc.a(lib2-divmod.o)
 .debug_frame   0x00000000000000f8       0x20 c:/intelfpga_lite/18.1/nios2eds/bin/gnu/h-x86_64-mingw32/bin/../lib/gcc/nios2-elf/5.3.0/../../../../../H-x86_64-mingw32/nios2-elf/lib/mno-hw-mul\libsmallc.a(lib_a-memset.o)
 .debug_frame   0x0000000000000118       0x20 ../faster_accelerometer_bsp/\libhal_bsp.a(alt_irq_register.o)
 .debug_frame   0x0000000000000138       0x30 ../faster_accelerometer_bsp/\libhal_bsp.a(alt_load.o)
 .debug_frame   0x0000000000000168       0x2c ../faster_accelerometer_bsp/\libhal_bsp.a(alt_main.o)
 .debug_frame   0x0000000000000194       0x54 ../faster_accelerometer_bsp/\libhal_bsp.a(alt_printf.o)
 .debug_frame   0x00000000000001e8       0x30 ../faster_accelerometer_bsp/\libhal_bsp.a(alt_putchar.o)
 .debug_frame   0x0000000000000218       0x3c ../faster_accelerometer_bsp/\libhal_bsp.a(alt_sys_init.o)
 .debug_frame   0x0000000000000254       0x20 ../faster_accelerometer_bsp/\libhal_bsp.a(altera_avalon_jtag_uart_write.o)
 .debug_frame   0x0000000000000274       0x80 ../faster_accelerometer_bsp/\libhal_bsp.a(altera_up_avalon_accelerometer_spi.o)
 .debug_frame   0x00000000000002f4       0x20 ../faster_accelerometer_bsp/\libhal_bsp.a(alt_dcache_flush_all.o)
 .debug_frame   0x0000000000000314       0x20 ../faster_accelerometer_bsp/\libhal_bsp.a(alt_dev.o)
 .debug_frame   0x0000000000000334       0x2c ../faster_accelerometer_bsp/\libhal_bsp.a(alt_dev_llist_insert.o)
 .debug_frame   0x0000000000000360       0x3c ../faster_accelerometer_bsp/\libhal_bsp.a(alt_find_dev.o)
 .debug_frame   0x000000000000039c       0x20 ../faster_accelerometer_bsp/\libhal_bsp.a(alt_icache_flush_all.o)
 .debug_frame   0x00000000000003bc       0x34 ../faster_accelerometer_bsp/\libhal_bsp.a(alt_irq_handler.o)
 .debug_frame   0x00000000000003f0       0x20 ../faster_accelerometer_bsp/\libhal_bsp.a(altera_nios2_gen2_irq.o)
 .debug_frame   0x0000000000000410       0x30 ../faster_accelerometer_bsp/\libhal_bsp.a(alt_instruction_exception_entry.o)
 .debug_frame   0x0000000000000440       0x20 c:/intelfpga_lite/18.1/nios2eds/bin/gnu/h-x86_64-mingw32/bin/../lib/gcc/nios2-elf/5.3.0/../../../../../H-x86_64-mingw32/nios2-elf/lib/mno-hw-mul\libsmallc.a(lib_a-memcmp.o)
 .debug_frame   0x0000000000000460       0x20 c:/intelfpga_lite/18.1/nios2eds/bin/gnu/h-x86_64-mingw32/bin/../lib/gcc/nios2-elf/5.3.0/../../../../../H-x86_64-mingw32/nios2-elf/lib/mno-hw-mul\libsmallc.a(lib_a-strlen.o)

.debug_str      0x0000000000000000     0x1365
 *(.debug_str)
 .debug_str     0x0000000000000000      0x342 obj/default/faster_accelerometer_player_1.o
                                        0x39b (size before relaxing)
 .debug_str     0x0000000000000342      0x187 c:/intelfpga_lite/18.1/nios2eds/bin/gnu/h-x86_64-mingw32/bin/../lib/gcc/nios2-elf/5.3.0/mno-hw-mul\libgcc.a(lib2-divmod.o)
                                        0x1d2 (size before relaxing)
 .debug_str     0x00000000000004c9      0x13a c:/intelfpga_lite/18.1/nios2eds/bin/gnu/h-x86_64-mingw32/bin/../lib/gcc/nios2-elf/5.3.0/../../../../../H-x86_64-mingw32/nios2-elf/lib/mno-hw-mul\libsmallc.a(lib_a-memset.o)
                                        0x1df (size before relaxing)
 .debug_str     0x0000000000000603      0x103 ../faster_accelerometer_bsp/\libhal_bsp.a(alt_irq_register.o)
                                        0x234 (size before relaxing)
 .debug_str     0x0000000000000706       0x17 ../faster_accelerometer_bsp/\libhal_bsp.a(alt_irq_vars.o)
                                        0x166 (size before relaxing)
 .debug_str     0x000000000000071d      0x113 ../faster_accelerometer_bsp/\libhal_bsp.a(alt_load.o)
                                        0x268 (size before relaxing)
 .debug_str     0x0000000000000830       0x5e ../faster_accelerometer_bsp/\libhal_bsp.a(alt_main.o)
                                        0x20a (size before relaxing)
 .debug_str     0x000000000000088e       0x59 ../faster_accelerometer_bsp/\libhal_bsp.a(alt_printf.o)
                                        0x132 (size before relaxing)
 .debug_str     0x00000000000008e7       0x5e ../faster_accelerometer_bsp/\libhal_bsp.a(alt_putchar.o)
                                        0x1b7 (size before relaxing)
 .debug_str     0x0000000000000945       0xfa ../faster_accelerometer_bsp/\libhal_bsp.a(alt_sys_init.o)
                                        0x376 (size before relaxing)
 .debug_str     0x0000000000000a3f       0x32 ../faster_accelerometer_bsp/\libhal_bsp.a(altera_avalon_jtag_uart_write.o)
                                        0x262 (size before relaxing)
 .debug_str     0x0000000000000a71       0xde ../faster_accelerometer_bsp/\libhal_bsp.a(altera_up_avalon_accelerometer_spi.o)
                                        0x37a (size before relaxing)
 .debug_str     0x0000000000000b4f       0x1f ../faster_accelerometer_bsp/\libhal_bsp.a(alt_dcache_flush_all.o)
                                        0x181 (size before relaxing)
 .debug_str     0x0000000000000b6e      0x125 ../faster_accelerometer_bsp/\libhal_bsp.a(alt_dev.o)
                                        0x331 (size before relaxing)
 .debug_str     0x0000000000000c93       0x48 ../faster_accelerometer_bsp/\libhal_bsp.a(alt_dev_llist_insert.o)
                                        0x1f8 (size before relaxing)
 .debug_str     0x0000000000000cdb       0x14 ../faster_accelerometer_bsp/\libhal_bsp.a(alt_errno.o)
                                        0x171 (size before relaxing)
 .debug_str     0x0000000000000cef       0x25 ../faster_accelerometer_bsp/\libhal_bsp.a(alt_find_dev.o)
                                        0x226 (size before relaxing)
 .debug_str     0x0000000000000d14       0x1f ../faster_accelerometer_bsp/\libhal_bsp.a(alt_icache_flush_all.o)
                                        0x181 (size before relaxing)
 .debug_str     0x0000000000000d33       0x3a ../faster_accelerometer_bsp/\libhal_bsp.a(alt_irq_handler.o)
                                        0x1e4 (size before relaxing)
 .debug_str     0x0000000000000d6d       0x20 ../faster_accelerometer_bsp/\libhal_bsp.a(altera_nios2_gen2_irq.o)
                                        0x1b1 (size before relaxing)
 .debug_str     0x0000000000000d8d      0x48b ../faster_accelerometer_bsp/\libhal_bsp.a(alt_instruction_exception_entry.o)
                                        0x5cc (size before relaxing)
 .debug_str     0x0000000000001218       0xd3 c:/intelfpga_lite/18.1/nios2eds/bin/gnu/h-x86_64-mingw32/bin/../lib/gcc/nios2-elf/5.3.0/../../../../../H-x86_64-mingw32/nios2-elf/lib/mno-hw-mul\libsmallc.a(lib_a-int_errno.o)
                                        0x1d8 (size before relaxing)
 .debug_str     0x00000000000012eb       0x3d c:/intelfpga_lite/18.1/nios2eds/bin/gnu/h-x86_64-mingw32/bin/../lib/gcc/nios2-elf/5.3.0/../../../../../H-x86_64-mingw32/nios2-elf/lib/mno-hw-mul\libsmallc.a(lib_a-memcmp.o)
                                        0x1df (size before relaxing)
 .debug_str     0x0000000000001328       0x3d c:/intelfpga_lite/18.1/nios2eds/bin/gnu/h-x86_64-mingw32/bin/../lib/gcc/nios2-elf/5.3.0/../../../../../H-x86_64-mingw32/nios2-elf/lib/mno-hw-mul\libsmallc.a(lib_a-strlen.o)
                                        0x1e5 (size before relaxing)

.debug_loc      0x0000000000000000      0xde3
 *(.debug_loc)
 .debug_loc     0x0000000000000000      0x1d8 obj/default/faster_accelerometer_player_1.o
 .debug_loc     0x00000000000001d8      0x4ce c:/intelfpga_lite/18.1/nios2eds/bin/gnu/h-x86_64-mingw32/bin/../lib/gcc/nios2-elf/5.3.0/mno-hw-mul\libgcc.a(lib2-divmod.o)
 .debug_loc     0x00000000000006a6       0xa5 c:/intelfpga_lite/18.1/nios2eds/bin/gnu/h-x86_64-mingw32/bin/../lib/gcc/nios2-elf/5.3.0/../../../../../H-x86_64-mingw32/nios2-elf/lib/mno-hw-mul\libsmallc.a(lib_a-memset.o)
 .debug_loc     0x000000000000074b       0xfa ../faster_accelerometer_bsp/\libhal_bsp.a(alt_irq_register.o)
 .debug_loc     0x0000000000000845      0x1de ../faster_accelerometer_bsp/\libhal_bsp.a(alt_printf.o)
 .debug_loc     0x0000000000000a23       0x2c ../faster_accelerometer_bsp/\libhal_bsp.a(alt_putchar.o)
 .debug_loc     0x0000000000000a4f       0x21 ../faster_accelerometer_bsp/\libhal_bsp.a(alt_sys_init.o)
 .debug_loc     0x0000000000000a70       0x8b ../faster_accelerometer_bsp/\libhal_bsp.a(altera_avalon_jtag_uart_write.o)
 .debug_loc     0x0000000000000afb       0x63 ../faster_accelerometer_bsp/\libhal_bsp.a(altera_up_avalon_accelerometer_spi.o)
 .debug_loc     0x0000000000000b5e       0x7e ../faster_accelerometer_bsp/\libhal_bsp.a(alt_dev_llist_insert.o)
 .debug_loc     0x0000000000000bdc       0x7e ../faster_accelerometer_bsp/\libhal_bsp.a(alt_find_dev.o)
 .debug_loc     0x0000000000000c5a       0x72 ../faster_accelerometer_bsp/\libhal_bsp.a(alt_irq_handler.o)
 .debug_loc     0x0000000000000ccc       0x65 ../faster_accelerometer_bsp/\libhal_bsp.a(alt_instruction_exception_entry.o)
 .debug_loc     0x0000000000000d31       0x94 c:/intelfpga_lite/18.1/nios2eds/bin/gnu/h-x86_64-mingw32/bin/../lib/gcc/nios2-elf/5.3.0/../../../../../H-x86_64-mingw32/nios2-elf/lib/mno-hw-mul\libsmallc.a(lib_a-memcmp.o)
 .debug_loc     0x0000000000000dc5       0x1e c:/intelfpga_lite/18.1/nios2eds/bin/gnu/h-x86_64-mingw32/bin/../lib/gcc/nios2-elf/5.3.0/../../../../../H-x86_64-mingw32/nios2-elf/lib/mno-hw-mul\libsmallc.a(lib_a-strlen.o)

.debug_macinfo
 *(.debug_macinfo)

.debug_weaknames
 *(.debug_weaknames)

.debug_funcnames
 *(.debug_funcnames)

.debug_typenames
 *(.debug_typenames)

.debug_varnames
 *(.debug_varnames)

.debug_alt_sim_info
                0x0000000000000000       0x10
 *(.debug_alt_sim_info)
 .debug_alt_sim_info
                0x0000000000000000       0x10 ../faster_accelerometer_bsp//obj/HAL/src/crt0.o
                0x0000000000020000                __alt_data_end = 0x20000
                0x0000000000020000                PROVIDE (__alt_stack_pointer, __alt_data_end)
                [!provide]                        PROVIDE (__alt_stack_limit, __alt_stack_base)
                [!provide]                        PROVIDE (__alt_heap_start, end)
                [!provide]                        PROVIDE (__alt_heap_limit, 0x20000)
OUTPUT(faster_accelerometer.elf elf32-littlenios2)

.debug_ranges   0x0000000000000000      0x1f8
 .debug_ranges  0x0000000000000000       0x20 ../faster_accelerometer_bsp//obj/HAL/src/crt0.o
 .debug_ranges  0x0000000000000020       0x30 obj/default/faster_accelerometer_player_1.o
 .debug_ranges  0x0000000000000050       0x60 c:/intelfpga_lite/18.1/nios2eds/bin/gnu/h-x86_64-mingw32/bin/../lib/gcc/nios2-elf/5.3.0/mno-hw-mul\libgcc.a(lib2-divmod.o)
 .debug_ranges  0x00000000000000b0       0x10 c:/intelfpga_lite/18.1/nios2eds/bin/gnu/h-x86_64-mingw32/bin/../lib/gcc/nios2-elf/5.3.0/../../../../../H-x86_64-mingw32/nios2-elf/lib/mno-hw-mul\libsmallc.a(lib_a-memset.o)
 .debug_ranges  0x00000000000000c0       0x48 ../faster_accelerometer_bsp/\libhal_bsp.a(alt_load.o)
 .debug_ranges  0x0000000000000108       0x18 ../faster_accelerometer_bsp/\libhal_bsp.a(alt_printf.o)
 .debug_ranges  0x0000000000000120       0x18 ../faster_accelerometer_bsp/\libhal_bsp.a(alt_sys_init.o)
 .debug_ranges  0x0000000000000138       0x20 ../faster_accelerometer_bsp/\libhal_bsp.a(alt_dev_llist_insert.o)
 .debug_ranges  0x0000000000000158       0x28 ../faster_accelerometer_bsp/\libhal_bsp.a(alt_irq_entry.o)
 .debug_ranges  0x0000000000000180       0x10 ../faster_accelerometer_bsp/\libhal_bsp.a(alt_irq_handler.o)
 .debug_ranges  0x0000000000000190       0x30 ../faster_accelerometer_bsp/\libhal_bsp.a(alt_exception_entry.o)
 .debug_ranges  0x00000000000001c0       0x18 ../faster_accelerometer_bsp/\libhal_bsp.a(alt_instruction_exception_entry.o)
 .debug_ranges  0x00000000000001d8       0x10 c:/intelfpga_lite/18.1/nios2eds/bin/gnu/h-x86_64-mingw32/bin/../lib/gcc/nios2-elf/5.3.0/../../../../../H-x86_64-mingw32/nios2-elf/lib/mno-hw-mul\libsmallc.a(lib_a-memcmp.o)
 .debug_ranges  0x00000000000001e8       0x10 c:/intelfpga_lite/18.1/nios2eds/bin/gnu/h-x86_64-mingw32/bin/../lib/gcc/nios2-elf/5.3.0/../../../../../H-x86_64-mingw32/nios2-elf/lib/mno-hw-mul\libsmallc.a(lib_a-strlen.o)
